<html>
<body>
<pre>
<h1>µVision Build Log</h1>
<h2>Project:</h2>
E:\ARM\lm3s8962projects\Network_LM3S8962\LM3S_uCOS_II_Lwip\Project\Keil\LM3_uCOS-II.uvproj
Project File Date:  04/11/2013

<h2>Output:</h2>
Build target 'LM3S_uCOS-II_Lwip'
compiling Main.c...
..\..\Source\Hal\Evm\Head\Target.h(134): warning:  #14-D: extra text after expected end of preprocessing directive
..\..\Source\Hal\Evm\Head\Target.h(140): warning:  #14-D: extra text after expected end of preprocessing directive
..\..\Source\Hal\Evm\Head\Target.h(146): warning:  #14-D: extra text after expected end of preprocessing directive
..\..\Source\Hal\Evm\Head\Target.h(152): warning:  #14-D: extra text after expected end of preprocessing directive
..\..\Source\Hal\Evm\Head\Target.h(158): warning:  #14-D: extra text after expected end of preprocessing directive
..\..\Source\App\Src\Main.c(233): warning:  #167-D: argument of type "int8 *" is incompatible with parameter of type "char *restrict"
..\..\Source\App\Src\Main.c(234): warning:  #167-D: argument of type "int8 *" is incompatible with parameter of type "const char *"
..\..\Source\App\Src\Main.c(236): warning:  #167-D: argument of type "int8 *" is incompatible with parameter of type "char *restrict"
..\..\Source\App\Src\Main.c(237): warning:  #167-D: argument of type "int8 *" is incompatible with parameter of type "const char *"
..\..\Source\App\Src\Main.c(240): warning:  #167-D: argument of type "int8 *" is incompatible with parameter of type "char *restrict"
..\..\Source\App\Src\Main.c(241): warning:  #167-D: argument of type "int8 *" is incompatible with parameter of type "const char *"
..\..\Source\App\Src\Main.c(243): warning:  #167-D: argument of type "int8 *" is incompatible with parameter of type "char *restrict"
..\..\Source\App\Src\Main.c(244): warning:  #167-D: argument of type "int8 *" is incompatible with parameter of type "const char *"
..\..\Source\App\Src\Main.c(223): warning:  #550-D: variable "OSVersion" was set but never used
compiling Target.c...
..\..\Source\Hal\Evm\Head\Target.h(134): warning:  #14-D: extra text after expected end of preprocessing directive
..\..\Source\Hal\Evm\Head\Target.h(140): warning:  #14-D: extra text after expected end of preprocessing directive
..\..\Source\Hal\Evm\Head\Target.h(146): warning:  #14-D: extra text after expected end of preprocessing directive
..\..\Source\Hal\Evm\Head\Target.h(152): warning:  #14-D: extra text after expected end of preprocessing directive
..\..\Source\Hal\Evm\Head\Target.h(158): warning:  #14-D: extra text after expected end of preprocessing directive
..\..\Source\Hal\Evm\Src\Target.c(238): warning:  #177-D: variable "PinVal" was declared but never referenced
..\..\Source\Hal\Evm\Src\Target.c(387): error:  #169: expected a declaration
..\..\Source\Hal\Evm\Src\Target.c(879): warning:  #167-D: argument of type "INT32U *" is incompatible with parameter of type "unsigned long *"
Target not created
Build target 'LM3S_uCOS-II_Lwip'
compiling Main.c...
..\..\Source\Hal\Evm\Head\Target.h(136): warning:  #14-D: extra text after expected end of preprocessing directive
..\..\Source\Hal\Evm\Head\Target.h(142): warning:  #14-D: extra text after expected end of preprocessing directive
..\..\Source\Hal\Evm\Head\Target.h(148): warning:  #14-D: extra text after expected end of preprocessing directive
..\..\Source\Hal\Evm\Head\Target.h(154): warning:  #14-D: extra text after expected end of preprocessing directive
..\..\Source\Hal\Evm\Head\Target.h(160): warning:  #14-D: extra text after expected end of preprocessing directive
..\..\Source\App\Src\Main.c(233): warning:  #167-D: argument of type "int8 *" is incompatible with parameter of type "char *restrict"
..\..\Source\App\Src\Main.c(234): warning:  #167-D: argument of type "int8 *" is incompatible with parameter of type "const char *"
..\..\Source\App\Src\Main.c(236): warning:  #167-D: argument of type "int8 *" is incompatible with parameter of type "char *restrict"
..\..\Source\App\Src\Main.c(237): warning:  #167-D: argument of type "int8 *" is incompatible with parameter of type "const char *"
..\..\Source\App\Src\Main.c(240): warning:  #167-D: argument of type "int8 *" is incompatible with parameter of type "char *restrict"
..\..\Source\App\Src\Main.c(241): warning:  #167-D: argument of type "int8 *" is incompatible with parameter of type "const char *"
..\..\Source\App\Src\Main.c(243): warning:  #167-D: argument of type "int8 *" is incompatible with parameter of type "char *restrict"
..\..\Source\App\Src\Main.c(244): warning:  #167-D: argument of type "int8 *" is incompatible with parameter of type "const char *"
..\..\Source\App\Src\Main.c(223): warning:  #550-D: variable "OSVersion" was set but never used
compiling os_cpu_c.c...
..\..\Source\Hal\Evm\Head\Target.h(136): warning:  #14-D: extra text after expected end of preprocessing directive
..\..\Source\Hal\Evm\Head\Target.h(142): warning:  #14-D: extra text after expected end of preprocessing directive
..\..\Source\Hal\Evm\Head\Target.h(148): warning:  #14-D: extra text after expected end of preprocessing directive
..\..\Source\Hal\Evm\Head\Target.h(154): warning:  #14-D: extra text after expected end of preprocessing directive
..\..\Source\Hal\Evm\Head\Target.h(160): warning:  #14-D: extra text after expected end of preprocessing directive
compiling Target.c...
..\..\Source\Hal\Evm\Head\Target.h(136): warning:  #14-D: extra text after expected end of preprocessing directive
..\..\Source\Hal\Evm\Head\Target.h(142): warning:  #14-D: extra text after expected end of preprocessing directive
..\..\Source\Hal\Evm\Head\Target.h(148): warning:  #14-D: extra text after expected end of preprocessing directive
..\..\Source\Hal\Evm\Head\Target.h(154): warning:  #14-D: extra text after expected end of preprocessing directive
..\..\Source\Hal\Evm\Head\Target.h(160): warning:  #14-D: extra text after expected end of preprocessing directive
..\..\Source\Hal\Evm\Src\Target.c(238): warning:  #177-D: variable "PinVal" was declared but never referenced
..\..\Source\Hal\Evm\Src\Target.c(387): error:  #169: expected a declaration
..\..\Source\Hal\Evm\Src\Target.c(905): warning:  #167-D: argument of type "INT32U *" is incompatible with parameter of type "unsigned long *"
compiling rit128x96x4.c...
..\..\Source\Hal\Evm\Head\Target.h(136): warning:  #14-D: extra text after expected end of preprocessing directive
..\..\Source\Hal\Evm\Head\Target.h(142): warning:  #14-D: extra text after expected end of preprocessing directive
..\..\Source\Hal\Evm\Head\Target.h(148): warning:  #14-D: extra text after expected end of preprocessing directive
..\..\Source\Hal\Evm\Head\Target.h(154): warning:  #14-D: extra text after expected end of preprocessing directive
..\..\Source\Hal\Evm\Head\Target.h(160): warning:  #14-D: extra text after expected end of preprocessing directive
Target not created
Build target 'LM3S_uCOS-II_Lwip'
compiling Main.c...
..\..\Source\Hal\Evm\Head\Target.h(136): warning:  #14-D: extra text after expected end of preprocessing directive
..\..\Source\Hal\Evm\Head\Target.h(142): warning:  #14-D: extra text after expected end of preprocessing directive
..\..\Source\Hal\Evm\Head\Target.h(148): warning:  #14-D: extra text after expected end of preprocessing directive
..\..\Source\Hal\Evm\Head\Target.h(154): warning:  #14-D: extra text after expected end of preprocessing directive
..\..\Source\Hal\Evm\Head\Target.h(160): warning:  #14-D: extra text after expected end of preprocessing directive
..\..\Source\App\Src\Main.c(233): warning:  #167-D: argument of type "int8 *" is incompatible with parameter of type "char *restrict"
..\..\Source\App\Src\Main.c(234): warning:  #167-D: argument of type "int8 *" is incompatible with parameter of type "const char *"
..\..\Source\App\Src\Main.c(236): warning:  #167-D: argument of type "int8 *" is incompatible with parameter of type "char *restrict"
..\..\Source\App\Src\Main.c(237): warning:  #167-D: argument of type "int8 *" is incompatible with parameter of type "const char *"
..\..\Source\App\Src\Main.c(240): warning:  #167-D: argument of type "int8 *" is incompatible with parameter of type "char *restrict"
..\..\Source\App\Src\Main.c(241): warning:  #167-D: argument of type "int8 *" is incompatible with parameter of type "const char *"
..\..\Source\App\Src\Main.c(243): warning:  #167-D: argument of type "int8 *" is incompatible with parameter of type "char *restrict"
..\..\Source\App\Src\Main.c(244): warning:  #167-D: argument of type "int8 *" is incompatible with parameter of type "const char *"
..\..\Source\App\Src\Main.c(223): warning:  #550-D: variable "OSVersion" was set but never used
compiling perf.c...
compiling sys_arch.c...
..\..\Source\uCOS-II\Source\Head\os_cfg.h(21): warning:  #47-D: incompatible redefinition of macro "OS_ARG_CHK_EN" (declared at line 43 of "..\..\Source\App\Head\os_cfg.h")
..\..\Source\uCOS-II\Source\Head\os_cfg.h(28): warning:  #47-D: incompatible redefinition of macro "OS_LOWEST_PRIO" (declared at line 35 of "..\..\Source\App\Head\os_cfg.h")
..\..\Source\uCOS-II\Source\Head\os_cfg.h(31): warning:  #47-D: incompatible redefinition of macro "OS_MAX_EVENTS" (declared at line 24 of "..\..\Source\App\Head\os_cfg.h")
..\..\Source\uCOS-II\Source\Head\os_cfg.h(32): warning:  #47-D: incompatible redefinition of macro "OS_MAX_FLAGS" (declared at line 26 of "..\..\Source\App\Head\os_cfg.h")
..\..\Source\uCOS-II\Source\Head\os_cfg.h(33): warning:  #47-D: incompatible redefinition of macro "OS_MAX_MEM_PART" (declared at line 28 of "..\..\Source\App\Head\os_cfg.h")
..\..\Source\uCOS-II\Source\Head\os_cfg.h(34): warning:  #47-D: incompatible redefinition of macro "OS_MAX_QS" (declared at line 30 of "..\..\Source\App\Head\os_cfg.h")
..\..\Source\uCOS-II\Source\Head\os_cfg.h(35): warning:  #47-D: incompatible redefinition of macro "OS_MAX_TASKS" (declared at line 32 of "..\..\Source\App\Head\os_cfg.h")
..\..\Source\uCOS-II\Source\Head\os_cfg.h(39): warning:  #47-D: incompatible redefinition of macro "OS_TASK_IDLE_STK_SIZE" (declared at line 38 of "..\..\Source\App\Head\os_cfg.h")
..\..\Source\uCOS-II\Source\Head\os_cfg.h(41): warning:  #47-D: incompatible redefinition of macro "OS_TASK_STAT_EN" (declared at line 40 of "..\..\Source\App\Head\os_cfg.h")
..\..\Source\uCOS-II\Source\Head\os_cfg.h(42): warning:  #47-D: incompatible redefinition of macro "OS_TASK_STAT_STK_SIZE" (declared at line 41 of "..\..\Source\App\Head\os_cfg.h")
..\..\Source\uCOS-II\Source\Head\os_cfg.h(50): warning:  #47-D: incompatible redefinition of macro "OS_FLAG_EN" (declared at line 48 of "..\..\Source\App\Head\os_cfg.h")
..\..\Source\uCOS-II\Source\Head\os_cfg.h(59): warning:  #47-D: incompatible redefinition of macro "OS_MBOX_EN" (declared at line 56 of "..\..\Source\App\Head\os_cfg.h")
..\..\Source\uCOS-II\Source\Head\os_cfg.h(68): warning:  #47-D: incompatible redefinition of macro "OS_MEM_EN" (declared at line 65 of "..\..\Source\App\Head\os_cfg.h")
..\..\Source\uCOS-II\Source\Head\os_cfg.h(74): warning:  #47-D: incompatible redefinition of macro "OS_MUTEX_EN" (declared at line 70 of "..\..\Source\App\Head\os_cfg.h")
..\..\Source\uCOS-II\Source\Head\os_cfg.h(81): warning:  #47-D: incompatible redefinition of macro "OS_Q_EN" (declared at line 77 of "..\..\Source\App\Head\os_cfg.h")
..\..\Source\uCOS-II\Source\Head\os_cfg.h(92): warning:  #47-D: incompatible redefinition of macro "OS_SEM_EN" (declared at line 88 of "..\..\Source\App\Head\os_cfg.h")
..\..\Source\uCOS-II\Source\Head\os_cfg.h(100): warning:  #47-D: incompatible redefinition of macro "OS_TASK_CHANGE_PRIO_EN" (declared at line 95 of "..\..\Source\App\Head\os_cfg.h")
..\..\Source\uCOS-II\Source\Head\os_cfg.h(102): warning:  #47-D: incompatible redefinition of macro "OS_TASK_CREATE_EXT_EN" (declared at line 97 of "..\..\Source\App\Head\os_cfg.h")
..\..\Source\uCOS-II\Source\Head\os_cfg.h(103): warning:  #47-D: incompatible redefinition of macro "OS_TASK_DEL_EN" (declared at line 98 of "..\..\Source\App\Head\os_cfg.h")
..\..\Source\uCOS-II\Source\Head\os_cfg.h(106): warning:  #47-D: incompatible redefinition of macro "OS_TASK_QUERY_EN" (declared at line 100 of "..\..\Source\App\Head\os_cfg.h")
..\..\Source\uCOS-II\Source\Head\os_cfg.h(112): warning:  #47-D: incompatible redefinition of macro "OS_TIME_DLY_HMSM_EN" (declared at line 103 of "..\..\Source\App\Head\os_cfg.h")
..\..\Source\uCOS-II\Source\Head\os_cfg.h(113): warning:  #47-D: incompatible redefinition of macro "OS_TIME_DLY_RESUME_EN" (declared at line 104 of "..\..\Source\App\Head\os_cfg.h")
..\..\Source\uCOS-II\Source\Head\os_cfg.h(114): warning:  #47-D: incompatible redefinition of macro "OS_TIME_GET_SET_EN" (declared at line 105 of "..\..\Source\App\Head\os_cfg.h")
compiling api_lib.c...
..\..\Source\uCOS-II\Source\Head\os_cfg.h(21): warning:  #47-D: incompatible redefinition of macro "OS_ARG_CHK_EN" (declared at line 43 of "..\..\Source\App\Head\os_cfg.h")
..\..\Source\uCOS-II\Source\Head\os_cfg.h(28): warning:  #47-D: incompatible redefinition of macro "OS_LOWEST_PRIO" (declared at line 35 of "..\..\Source\App\Head\os_cfg.h")
..\..\Source\uCOS-II\Source\Head\os_cfg.h(31): warning:  #47-D: incompatible redefinition of macro "OS_MAX_EVENTS" (declared at line 24 of "..\..\Source\App\Head\os_cfg.h")
..\..\Source\uCOS-II\Source\Head\os_cfg.h(32): warning:  #47-D: incompatible redefinition of macro "OS_MAX_FLAGS" (declared at line 26 of "..\..\Source\App\Head\os_cfg.h")
..\..\Source\uCOS-II\Source\Head\os_cfg.h(33): warning:  #47-D: incompatible redefinition of macro "OS_MAX_MEM_PART" (declared at line 28 of "..\..\Source\App\Head\os_cfg.h")
..\..\Source\uCOS-II\Source\Head\os_cfg.h(34): warning:  #47-D: incompatible redefinition of macro "OS_MAX_QS" (declared at line 30 of "..\..\Source\App\Head\os_cfg.h")
..\..\Source\uCOS-II\Source\Head\os_cfg.h(35): warning:  #47-D: incompatible redefinition of macro "OS_MAX_TASKS" (declared at line 32 of "..\..\Source\App\Head\os_cfg.h")
..\..\Source\uCOS-II\Source\Head\os_cfg.h(39): warning:  #47-D: incompatible redefinition of macro "OS_TASK_IDLE_STK_SIZE" (declared at line 38 of "..\..\Source\App\Head\os_cfg.h")
..\..\Source\uCOS-II\Source\Head\os_cfg.h(41): warning:  #47-D: incompatible redefinition of macro "OS_TASK_STAT_EN" (declared at line 40 of "..\..\Source\App\Head\os_cfg.h")
..\..\Source\uCOS-II\Source\Head\os_cfg.h(42): warning:  #47-D: incompatible redefinition of macro "OS_TASK_STAT_STK_SIZE" (declared at line 41 of "..\..\Source\App\Head\os_cfg.h")
..\..\Source\uCOS-II\Source\Head\os_cfg.h(50): warning:  #47-D: incompatible redefinition of macro "OS_FLAG_EN" (declared at line 48 of "..\..\Source\App\Head\os_cfg.h")
..\..\Source\uCOS-II\Source\Head\os_cfg.h(59): warning:  #47-D: incompatible redefinition of macro "OS_MBOX_EN" (declared at line 56 of "..\..\Source\App\Head\os_cfg.h")
..\..\Source\uCOS-II\Source\Head\os_cfg.h(68): warning:  #47-D: incompatible redefinition of macro "OS_MEM_EN" (declared at line 65 of "..\..\Source\App\Head\os_cfg.h")
..\..\Source\uCOS-II\Source\Head\os_cfg.h(74): warning:  #47-D: incompatible redefinition of macro "OS_MUTEX_EN" (declared at line 70 of "..\..\Source\App\Head\os_cfg.h")
..\..\Source\uCOS-II\Source\Head\os_cfg.h(81): warning:  #47-D: incompatible redefinition of macro "OS_Q_EN" (declared at line 77 of "..\..\Source\App\Head\os_cfg.h")
..\..\Source\uCOS-II\Source\Head\os_cfg.h(92): warning:  #47-D: incompatible redefinition of macro "OS_SEM_EN" (declared at line 88 of "..\..\Source\App\Head\os_cfg.h")
..\..\Source\uCOS-II\Source\Head\os_cfg.h(100): warning:  #47-D: incompatible redefinition of macro "OS_TASK_CHANGE_PRIO_EN" (declared at line 95 of "..\..\Source\App\Head\os_cfg.h")
..\..\Source\uCOS-II\Source\Head\os_cfg.h(102): warning:  #47-D: incompatible redefinition of macro "OS_TASK_CREATE_EXT_EN" (declared at line 97 of "..\..\Source\App\Head\os_cfg.h")
..\..\Source\uCOS-II\Source\Head\os_cfg.h(103): warning:  #47-D: incompatible redefinition of macro "OS_TASK_DEL_EN" (declared at line 98 of "..\..\Source\App\Head\os_cfg.h")
..\..\Source\uCOS-II\Source\Head\os_cfg.h(106): warning:  #47-D: incompatible redefinition of macro "OS_TASK_QUERY_EN" (declared at line 100 of "..\..\Source\App\Head\os_cfg.h")
..\..\Source\uCOS-II\Source\Head\os_cfg.h(112): warning:  #47-D: incompatible redefinition of macro "OS_TIME_DLY_HMSM_EN" (declared at line 103 of "..\..\Source\App\Head\os_cfg.h")
..\..\Source\uCOS-II\Source\Head\os_cfg.h(113): warning:  #47-D: incompatible redefinition of macro "OS_TIME_DLY_RESUME_EN" (declared at line 104 of "..\..\Source\App\Head\os_cfg.h")
..\..\Source\uCOS-II\Source\Head\os_cfg.h(114): warning:  #47-D: incompatible redefinition of macro "OS_TIME_GET_SET_EN" (declared at line 105 of "..\..\Source\App\Head\os_cfg.h")
compiling api_msg.c...
..\..\Source\uCOS-II\Source\Head\os_cfg.h(21): warning:  #47-D: incompatible redefinition of macro "OS_ARG_CHK_EN" (declared at line 43 of "..\..\Source\App\Head\os_cfg.h")
..\..\Source\uCOS-II\Source\Head\os_cfg.h(28): warning:  #47-D: incompatible redefinition of macro "OS_LOWEST_PRIO" (declared at line 35 of "..\..\Source\App\Head\os_cfg.h")
..\..\Source\uCOS-II\Source\Head\os_cfg.h(31): warning:  #47-D: incompatible redefinition of macro "OS_MAX_EVENTS" (declared at line 24 of "..\..\Source\App\Head\os_cfg.h")
..\..\Source\uCOS-II\Source\Head\os_cfg.h(32): warning:  #47-D: incompatible redefinition of macro "OS_MAX_FLAGS" (declared at line 26 of "..\..\Source\App\Head\os_cfg.h")
..\..\Source\uCOS-II\Source\Head\os_cfg.h(33): warning:  #47-D: incompatible redefinition of macro "OS_MAX_MEM_PART" (declared at line 28 of "..\..\Source\App\Head\os_cfg.h")
..\..\Source\uCOS-II\Source\Head\os_cfg.h(34): warning:  #47-D: incompatible redefinition of macro "OS_MAX_QS" (declared at line 30 of "..\..\Source\App\Head\os_cfg.h")
..\..\Source\uCOS-II\Source\Head\os_cfg.h(35): warning:  #47-D: incompatible redefinition of macro "OS_MAX_TASKS" (declared at line 32 of "..\..\Source\App\Head\os_cfg.h")
..\..\Source\uCOS-II\Source\Head\os_cfg.h(39): warning:  #47-D: incompatible redefinition of macro "OS_TASK_IDLE_STK_SIZE" (declared at line 38 of "..\..\Source\App\Head\os_cfg.h")
..\..\Source\uCOS-II\Source\Head\os_cfg.h(41): warning:  #47-D: incompatible redefinition of macro "OS_TASK_STAT_EN" (declared at line 40 of "..\..\Source\App\Head\os_cfg.h")
..\..\Source\uCOS-II\Source\Head\os_cfg.h(42): warning:  #47-D: incompatible redefinition of macro "OS_TASK_STAT_STK_SIZE" (declared at line 41 of "..\..\Source\App\Head\os_cfg.h")
..\..\Source\uCOS-II\Source\Head\os_cfg.h(50): warning:  #47-D: incompatible redefinition of macro "OS_FLAG_EN" (declared at line 48 of "..\..\Source\App\Head\os_cfg.h")
..\..\Source\uCOS-II\Source\Head\os_cfg.h(59): warning:  #47-D: incompatible redefinition of macro "OS_MBOX_EN" (declared at line 56 of "..\..\Source\App\Head\os_cfg.h")
..\..\Source\uCOS-II\Source\Head\os_cfg.h(68): warning:  #47-D: incompatible redefinition of macro "OS_MEM_EN" (declared at line 65 of "..\..\Source\App\Head\os_cfg.h")
..\..\Source\uCOS-II\Source\Head\os_cfg.h(74): warning:  #47-D: incompatible redefinition of macro "OS_MUTEX_EN" (declared at line 70 of "..\..\Source\App\Head\os_cfg.h")
..\..\Source\uCOS-II\Source\Head\os_cfg.h(81): warning:  #47-D: incompatible redefinition of macro "OS_Q_EN" (declared at line 77 of "..\..\Source\App\Head\os_cfg.h")
..\..\Source\uCOS-II\Source\Head\os_cfg.h(92): warning:  #47-D: incompatible redefinition of macro "OS_SEM_EN" (declared at line 88 of "..\..\Source\App\Head\os_cfg.h")
..\..\Source\uCOS-II\Source\Head\os_cfg.h(100): warning:  #47-D: incompatible redefinition of macro "OS_TASK_CHANGE_PRIO_EN" (declared at line 95 of "..\..\Source\App\Head\os_cfg.h")
..\..\Source\uCOS-II\Source\Head\os_cfg.h(102): warning:  #47-D: incompatible redefinition of macro "OS_TASK_CREATE_EXT_EN" (declared at line 97 of "..\..\Source\App\Head\os_cfg.h")
..\..\Source\uCOS-II\Source\Head\os_cfg.h(103): warning:  #47-D: incompatible redefinition of macro "OS_TASK_DEL_EN" (declared at line 98 of "..\..\Source\App\Head\os_cfg.h")
..\..\Source\uCOS-II\Source\Head\os_cfg.h(106): warning:  #47-D: incompatible redefinition of macro "OS_TASK_QUERY_EN" (declared at line 100 of "..\..\Source\App\Head\os_cfg.h")
..\..\Source\uCOS-II\Source\Head\os_cfg.h(112): warning:  #47-D: incompatible redefinition of macro "OS_TIME_DLY_HMSM_EN" (declared at line 103 of "..\..\Source\App\Head\os_cfg.h")
..\..\Source\uCOS-II\Source\Head\os_cfg.h(113): warning:  #47-D: incompatible redefinition of macro "OS_TIME_DLY_RESUME_EN" (declared at line 104 of "..\..\Source\App\Head\os_cfg.h")
..\..\Source\uCOS-II\Source\Head\os_cfg.h(114): warning:  #47-D: incompatible redefinition of macro "OS_TIME_GET_SET_EN" (declared at line 105 of "..\..\Source\App\Head\os_cfg.h")
compiling err.c...
compiling netbuf.c...
compiling netdb.c...
compiling netifapi.c...
compiling sockets.c...
compiling tcpip.c...
..\..\Source\uCOS-II\Source\Head\os_cfg.h(21): warning:  #47-D: incompatible redefinition of macro "OS_ARG_CHK_EN" (declared at line 43 of "..\..\Source\App\Head\os_cfg.h")
..\..\Source\uCOS-II\Source\Head\os_cfg.h(28): warning:  #47-D: incompatible redefinition of macro "OS_LOWEST_PRIO" (declared at line 35 of "..\..\Source\App\Head\os_cfg.h")
..\..\Source\uCOS-II\Source\Head\os_cfg.h(31): warning:  #47-D: incompatible redefinition of macro "OS_MAX_EVENTS" (declared at line 24 of "..\..\Source\App\Head\os_cfg.h")
..\..\Source\uCOS-II\Source\Head\os_cfg.h(32): warning:  #47-D: incompatible redefinition of macro "OS_MAX_FLAGS" (declared at line 26 of "..\..\Source\App\Head\os_cfg.h")
..\..\Source\uCOS-II\Source\Head\os_cfg.h(33): warning:  #47-D: incompatible redefinition of macro "OS_MAX_MEM_PART" (declared at line 28 of "..\..\Source\App\Head\os_cfg.h")
..\..\Source\uCOS-II\Source\Head\os_cfg.h(34): warning:  #47-D: incompatible redefinition of macro "OS_MAX_QS" (declared at line 30 of "..\..\Source\App\Head\os_cfg.h")
..\..\Source\uCOS-II\Source\Head\os_cfg.h(35): warning:  #47-D: incompatible redefinition of macro "OS_MAX_TASKS" (declared at line 32 of "..\..\Source\App\Head\os_cfg.h")
..\..\Source\uCOS-II\Source\Head\os_cfg.h(39): warning:  #47-D: incompatible redefinition of macro "OS_TASK_IDLE_STK_SIZE" (declared at line 38 of "..\..\Source\App\Head\os_cfg.h")
..\..\Source\uCOS-II\Source\Head\os_cfg.h(41): warning:  #47-D: incompatible redefinition of macro "OS_TASK_STAT_EN" (declared at line 40 of "..\..\Source\App\Head\os_cfg.h")
..\..\Source\uCOS-II\Source\Head\os_cfg.h(42): warning:  #47-D: incompatible redefinition of macro "OS_TASK_STAT_STK_SIZE" (declared at line 41 of "..\..\Source\App\Head\os_cfg.h")
..\..\Source\uCOS-II\Source\Head\os_cfg.h(50): warning:  #47-D: incompatible redefinition of macro "OS_FLAG_EN" (declared at line 48 of "..\..\Source\App\Head\os_cfg.h")
..\..\Source\uCOS-II\Source\Head\os_cfg.h(59): warning:  #47-D: incompatible redefinition of macro "OS_MBOX_EN" (declared at line 56 of "..\..\Source\App\Head\os_cfg.h")
..\..\Source\uCOS-II\Source\Head\os_cfg.h(68): warning:  #47-D: incompatible redefinition of macro "OS_MEM_EN" (declared at line 65 of "..\..\Source\App\Head\os_cfg.h")
..\..\Source\uCOS-II\Source\Head\os_cfg.h(74): warning:  #47-D: incompatible redefinition of macro "OS_MUTEX_EN" (declared at line 70 of "..\..\Source\App\Head\os_cfg.h")
..\..\Source\uCOS-II\Source\Head\os_cfg.h(81): warning:  #47-D: incompatible redefinition of macro "OS_Q_EN" (declared at line 77 of "..\..\Source\App\Head\os_cfg.h")
..\..\Source\uCOS-II\Source\Head\os_cfg.h(92): warning:  #47-D: incompatible redefinition of macro "OS_SEM_EN" (declared at line 88 of "..\..\Source\App\Head\os_cfg.h")
..\..\Source\uCOS-II\Source\Head\os_cfg.h(100): warning:  #47-D: incompatible redefinition of macro "OS_TASK_CHANGE_PRIO_EN" (declared at line 95 of "..\..\Source\App\Head\os_cfg.h")
..\..\Source\uCOS-II\Source\Head\os_cfg.h(102): warning:  #47-D: incompatible redefinition of macro "OS_TASK_CREATE_EXT_EN" (declared at line 97 of "..\..\Source\App\Head\os_cfg.h")
..\..\Source\uCOS-II\Source\Head\os_cfg.h(103): warning:  #47-D: incompatible redefinition of macro "OS_TASK_DEL_EN" (declared at line 98 of "..\..\Source\App\Head\os_cfg.h")
..\..\Source\uCOS-II\Source\Head\os_cfg.h(106): warning:  #47-D: incompatible redefinition of macro "OS_TASK_QUERY_EN" (declared at line 100 of "..\..\Source\App\Head\os_cfg.h")
..\..\Source\uCOS-II\Source\Head\os_cfg.h(112): warning:  #47-D: incompatible redefinition of macro "OS_TIME_DLY_HMSM_EN" (declared at line 103 of "..\..\Source\App\Head\os_cfg.h")
..\..\Source\uCOS-II\Source\Head\os_cfg.h(113): warning:  #47-D: incompatible redefinition of macro "OS_TIME_DLY_RESUME_EN" (declared at line 104 of "..\..\Source\App\Head\os_cfg.h")
..\..\Source\uCOS-II\Source\Head\os_cfg.h(114): warning:  #47-D: incompatible redefinition of macro "OS_TIME_GET_SET_EN" (declared at line 105 of "..\..\Source\App\Head\os_cfg.h")
compiling udp.c...
compiling dhcp.c...
compiling dns.c...
compiling init.c...
..\..\Source\uCOS-II\Source\Head\os_cfg.h(21): warning:  #47-D: incompatible redefinition of macro "OS_ARG_CHK_EN" (declared at line 43 of "..\..\Source\App\Head\os_cfg.h")
..\..\Source\uCOS-II\Source\Head\os_cfg.h(28): warning:  #47-D: incompatible redefinition of macro "OS_LOWEST_PRIO" (declared at line 35 of "..\..\Source\App\Head\os_cfg.h")
..\..\Source\uCOS-II\Source\Head\os_cfg.h(31): warning:  #47-D: incompatible redefinition of macro "OS_MAX_EVENTS" (declared at line 24 of "..\..\Source\App\Head\os_cfg.h")
..\..\Source\uCOS-II\Source\Head\os_cfg.h(32): warning:  #47-D: incompatible redefinition of macro "OS_MAX_FLAGS" (declared at line 26 of "..\..\Source\App\Head\os_cfg.h")
..\..\Source\uCOS-II\Source\Head\os_cfg.h(33): warning:  #47-D: incompatible redefinition of macro "OS_MAX_MEM_PART" (declared at line 28 of "..\..\Source\App\Head\os_cfg.h")
..\..\Source\uCOS-II\Source\Head\os_cfg.h(34): warning:  #47-D: incompatible redefinition of macro "OS_MAX_QS" (declared at line 30 of "..\..\Source\App\Head\os_cfg.h")
..\..\Source\uCOS-II\Source\Head\os_cfg.h(35): warning:  #47-D: incompatible redefinition of macro "OS_MAX_TASKS" (declared at line 32 of "..\..\Source\App\Head\os_cfg.h")
..\..\Source\uCOS-II\Source\Head\os_cfg.h(39): warning:  #47-D: incompatible redefinition of macro "OS_TASK_IDLE_STK_SIZE" (declared at line 38 of "..\..\Source\App\Head\os_cfg.h")
..\..\Source\uCOS-II\Source\Head\os_cfg.h(41): warning:  #47-D: incompatible redefinition of macro "OS_TASK_STAT_EN" (declared at line 40 of "..\..\Source\App\Head\os_cfg.h")
..\..\Source\uCOS-II\Source\Head\os_cfg.h(42): warning:  #47-D: incompatible redefinition of macro "OS_TASK_STAT_STK_SIZE" (declared at line 41 of "..\..\Source\App\Head\os_cfg.h")
..\..\Source\uCOS-II\Source\Head\os_cfg.h(50): warning:  #47-D: incompatible redefinition of macro "OS_FLAG_EN" (declared at line 48 of "..\..\Source\App\Head\os_cfg.h")
..\..\Source\uCOS-II\Source\Head\os_cfg.h(59): warning:  #47-D: incompatible redefinition of macro "OS_MBOX_EN" (declared at line 56 of "..\..\Source\App\Head\os_cfg.h")
..\..\Source\uCOS-II\Source\Head\os_cfg.h(68): warning:  #47-D: incompatible redefinition of macro "OS_MEM_EN" (declared at line 65 of "..\..\Source\App\Head\os_cfg.h")
..\..\Source\uCOS-II\Source\Head\os_cfg.h(74): warning:  #47-D: incompatible redefinition of macro "OS_MUTEX_EN" (declared at line 70 of "..\..\Source\App\Head\os_cfg.h")
..\..\Source\uCOS-II\Source\Head\os_cfg.h(81): warning:  #47-D: incompatible redefinition of macro "OS_Q_EN" (declared at line 77 of "..\..\Source\App\Head\os_cfg.h")
..\..\Source\uCOS-II\Source\Head\os_cfg.h(92): warning:  #47-D: incompatible redefinition of macro "OS_SEM_EN" (declared at line 88 of "..\..\Source\App\Head\os_cfg.h")
..\..\Source\uCOS-II\Source\Head\os_cfg.h(100): warning:  #47-D: incompatible redefinition of macro "OS_TASK_CHANGE_PRIO_EN" (declared at line 95 of "..\..\Source\App\Head\os_cfg.h")
..\..\Source\uCOS-II\Source\Head\os_cfg.h(102): warning:  #47-D: incompatible redefinition of macro "OS_TASK_CREATE_EXT_EN" (declared at line 97 of "..\..\Source\App\Head\os_cfg.h")
..\..\Source\uCOS-II\Source\Head\os_cfg.h(103): warning:  #47-D: incompatible redefinition of macro "OS_TASK_DEL_EN" (declared at line 98 of "..\..\Source\App\Head\os_cfg.h")
..\..\Source\uCOS-II\Source\Head\os_cfg.h(106): warning:  #47-D: incompatible redefinition of macro "OS_TASK_QUERY_EN" (declared at line 100 of "..\..\Source\App\Head\os_cfg.h")
..\..\Source\uCOS-II\Source\Head\os_cfg.h(112): warning:  #47-D: incompatible redefinition of macro "OS_TIME_DLY_HMSM_EN" (declared at line 103 of "..\..\Source\App\Head\os_cfg.h")
..\..\Source\uCOS-II\Source\Head\os_cfg.h(113): warning:  #47-D: incompatible redefinition of macro "OS_TIME_DLY_RESUME_EN" (declared at line 104 of "..\..\Source\App\Head\os_cfg.h")
..\..\Source\uCOS-II\Source\Head\os_cfg.h(114): warning:  #47-D: incompatible redefinition of macro "OS_TIME_GET_SET_EN" (declared at line 105 of "..\..\Source\App\Head\os_cfg.h")
compiling mem.c...
..\..\Source\uCOS-II\Source\Head\os_cfg.h(21): warning:  #47-D: incompatible redefinition of macro "OS_ARG_CHK_EN" (declared at line 43 of "..\..\Source\App\Head\os_cfg.h")
..\..\Source\uCOS-II\Source\Head\os_cfg.h(28): warning:  #47-D: incompatible redefinition of macro "OS_LOWEST_PRIO" (declared at line 35 of "..\..\Source\App\Head\os_cfg.h")
..\..\Source\uCOS-II\Source\Head\os_cfg.h(31): warning:  #47-D: incompatible redefinition of macro "OS_MAX_EVENTS" (declared at line 24 of "..\..\Source\App\Head\os_cfg.h")
..\..\Source\uCOS-II\Source\Head\os_cfg.h(32): warning:  #47-D: incompatible redefinition of macro "OS_MAX_FLAGS" (declared at line 26 of "..\..\Source\App\Head\os_cfg.h")
..\..\Source\uCOS-II\Source\Head\os_cfg.h(33): warning:  #47-D: incompatible redefinition of macro "OS_MAX_MEM_PART" (declared at line 28 of "..\..\Source\App\Head\os_cfg.h")
..\..\Source\uCOS-II\Source\Head\os_cfg.h(34): warning:  #47-D: incompatible redefinition of macro "OS_MAX_QS" (declared at line 30 of "..\..\Source\App\Head\os_cfg.h")
..\..\Source\uCOS-II\Source\Head\os_cfg.h(35): warning:  #47-D: incompatible redefinition of macro "OS_MAX_TASKS" (declared at line 32 of "..\..\Source\App\Head\os_cfg.h")
..\..\Source\uCOS-II\Source\Head\os_cfg.h(39): warning:  #47-D: incompatible redefinition of macro "OS_TASK_IDLE_STK_SIZE" (declared at line 38 of "..\..\Source\App\Head\os_cfg.h")
..\..\Source\uCOS-II\Source\Head\os_cfg.h(41): warning:  #47-D: incompatible redefinition of macro "OS_TASK_STAT_EN" (declared at line 40 of "..\..\Source\App\Head\os_cfg.h")
..\..\Source\uCOS-II\Source\Head\os_cfg.h(42): warning:  #47-D: incompatible redefinition of macro "OS_TASK_STAT_STK_SIZE" (declared at line 41 of "..\..\Source\App\Head\os_cfg.h")
..\..\Source\uCOS-II\Source\Head\os_cfg.h(50): warning:  #47-D: incompatible redefinition of macro "OS_FLAG_EN" (declared at line 48 of "..\..\Source\App\Head\os_cfg.h")
..\..\Source\uCOS-II\Source\Head\os_cfg.h(59): warning:  #47-D: incompatible redefinition of macro "OS_MBOX_EN" (declared at line 56 of "..\..\Source\App\Head\os_cfg.h")
..\..\Source\uCOS-II\Source\Head\os_cfg.h(68): warning:  #47-D: incompatible redefinition of macro "OS_MEM_EN" (declared at line 65 of "..\..\Source\App\Head\os_cfg.h")
..\..\Source\uCOS-II\Source\Head\os_cfg.h(74): warning:  #47-D: incompatible redefinition of macro "OS_MUTEX_EN" (declared at line 70 of "..\..\Source\App\Head\os_cfg.h")
..\..\Source\uCOS-II\Source\Head\os_cfg.h(81): warning:  #47-D: incompatible redefinition of macro "OS_Q_EN" (declared at line 77 of "..\..\Source\App\Head\os_cfg.h")
..\..\Source\uCOS-II\Source\Head\os_cfg.h(92): warning:  #47-D: incompatible redefinition of macro "OS_SEM_EN" (declared at line 88 of "..\..\Source\App\Head\os_cfg.h")
..\..\Source\uCOS-II\Source\Head\os_cfg.h(100): warning:  #47-D: incompatible redefinition of macro "OS_TASK_CHANGE_PRIO_EN" (declared at line 95 of "..\..\Source\App\Head\os_cfg.h")
..\..\Source\uCOS-II\Source\Head\os_cfg.h(102): warning:  #47-D: incompatible redefinition of macro "OS_TASK_CREATE_EXT_EN" (declared at line 97 of "..\..\Source\App\Head\os_cfg.h")
..\..\Source\uCOS-II\Source\Head\os_cfg.h(103): warning:  #47-D: incompatible redefinition of macro "OS_TASK_DEL_EN" (declared at line 98 of "..\..\Source\App\Head\os_cfg.h")
..\..\Source\uCOS-II\Source\Head\os_cfg.h(106): warning:  #47-D: incompatible redefinition of macro "OS_TASK_QUERY_EN" (declared at line 100 of "..\..\Source\App\Head\os_cfg.h")
..\..\Source\uCOS-II\Source\Head\os_cfg.h(112): warning:  #47-D: incompatible redefinition of macro "OS_TIME_DLY_HMSM_EN" (declared at line 103 of "..\..\Source\App\Head\os_cfg.h")
..\..\Source\uCOS-II\Source\Head\os_cfg.h(113): warning:  #47-D: incompatible redefinition of macro "OS_TIME_DLY_RESUME_EN" (declared at line 104 of "..\..\Source\App\Head\os_cfg.h")
..\..\Source\uCOS-II\Source\Head\os_cfg.h(114): warning:  #47-D: incompatible redefinition of macro "OS_TIME_GET_SET_EN" (declared at line 105 of "..\..\Source\App\Head\os_cfg.h")
compiling memp.c...
..\..\Source\uCOS-II\Source\Head\os_cfg.h(21): warning:  #47-D: incompatible redefinition of macro "OS_ARG_CHK_EN" (declared at line 43 of "..\..\Source\App\Head\os_cfg.h")
..\..\Source\uCOS-II\Source\Head\os_cfg.h(28): warning:  #47-D: incompatible redefinition of macro "OS_LOWEST_PRIO" (declared at line 35 of "..\..\Source\App\Head\os_cfg.h")
..\..\Source\uCOS-II\Source\Head\os_cfg.h(31): warning:  #47-D: incompatible redefinition of macro "OS_MAX_EVENTS" (declared at line 24 of "..\..\Source\App\Head\os_cfg.h")
..\..\Source\uCOS-II\Source\Head\os_cfg.h(32): warning:  #47-D: incompatible redefinition of macro "OS_MAX_FLAGS" (declared at line 26 of "..\..\Source\App\Head\os_cfg.h")
..\..\Source\uCOS-II\Source\Head\os_cfg.h(33): warning:  #47-D: incompatible redefinition of macro "OS_MAX_MEM_PART" (declared at line 28 of "..\..\Source\App\Head\os_cfg.h")
..\..\Source\uCOS-II\Source\Head\os_cfg.h(34): warning:  #47-D: incompatible redefinition of macro "OS_MAX_QS" (declared at line 30 of "..\..\Source\App\Head\os_cfg.h")
..\..\Source\uCOS-II\Source\Head\os_cfg.h(35): warning:  #47-D: incompatible redefinition of macro "OS_MAX_TASKS" (declared at line 32 of "..\..\Source\App\Head\os_cfg.h")
..\..\Source\uCOS-II\Source\Head\os_cfg.h(39): warning:  #47-D: incompatible redefinition of macro "OS_TASK_IDLE_STK_SIZE" (declared at line 38 of "..\..\Source\App\Head\os_cfg.h")
..\..\Source\uCOS-II\Source\Head\os_cfg.h(41): warning:  #47-D: incompatible redefinition of macro "OS_TASK_STAT_EN" (declared at line 40 of "..\..\Source\App\Head\os_cfg.h")
..\..\Source\uCOS-II\Source\Head\os_cfg.h(42): warning:  #47-D: incompatible redefinition of macro "OS_TASK_STAT_STK_SIZE" (declared at line 41 of "..\..\Source\App\Head\os_cfg.h")
..\..\Source\uCOS-II\Source\Head\os_cfg.h(50): warning:  #47-D: incompatible redefinition of macro "OS_FLAG_EN" (declared at line 48 of "..\..\Source\App\Head\os_cfg.h")
..\..\Source\uCOS-II\Source\Head\os_cfg.h(59): warning:  #47-D: incompatible redefinition of macro "OS_MBOX_EN" (declared at line 56 of "..\..\Source\App\Head\os_cfg.h")
..\..\Source\uCOS-II\Source\Head\os_cfg.h(68): warning:  #47-D: incompatible redefinition of macro "OS_MEM_EN" (declared at line 65 of "..\..\Source\App\Head\os_cfg.h")
..\..\Source\uCOS-II\Source\Head\os_cfg.h(74): warning:  #47-D: incompatible redefinition of macro "OS_MUTEX_EN" (declared at line 70 of "..\..\Source\App\Head\os_cfg.h")
..\..\Source\uCOS-II\Source\Head\os_cfg.h(81): warning:  #47-D: incompatible redefinition of macro "OS_Q_EN" (declared at line 77 of "..\..\Source\App\Head\os_cfg.h")
..\..\Source\uCOS-II\Source\Head\os_cfg.h(92): warning:  #47-D: incompatible redefinition of macro "OS_SEM_EN" (declared at line 88 of "..\..\Source\App\Head\os_cfg.h")
..\..\Source\uCOS-II\Source\Head\os_cfg.h(100): warning:  #47-D: incompatible redefinition of macro "OS_TASK_CHANGE_PRIO_EN" (declared at line 95 of "..\..\Source\App\Head\os_cfg.h")
..\..\Source\uCOS-II\Source\Head\os_cfg.h(102): warning:  #47-D: incompatible redefinition of macro "OS_TASK_CREATE_EXT_EN" (declared at line 97 of "..\..\Source\App\Head\os_cfg.h")
..\..\Source\uCOS-II\Source\Head\os_cfg.h(103): warning:  #47-D: incompatible redefinition of macro "OS_TASK_DEL_EN" (declared at line 98 of "..\..\Source\App\Head\os_cfg.h")
..\..\Source\uCOS-II\Source\Head\os_cfg.h(106): warning:  #47-D: incompatible redefinition of macro "OS_TASK_QUERY_EN" (declared at line 100 of "..\..\Source\App\Head\os_cfg.h")
..\..\Source\uCOS-II\Source\Head\os_cfg.h(112): warning:  #47-D: incompatible redefinition of macro "OS_TIME_DLY_HMSM_EN" (declared at line 103 of "..\..\Source\App\Head\os_cfg.h")
..\..\Source\uCOS-II\Source\Head\os_cfg.h(113): warning:  #47-D: incompatible redefinition of macro "OS_TIME_DLY_RESUME_EN" (declared at line 104 of "..\..\Source\App\Head\os_cfg.h")
..\..\Source\uCOS-II\Source\Head\os_cfg.h(114): warning:  #47-D: incompatible redefinition of macro "OS_TIME_GET_SET_EN" (declared at line 105 of "..\..\Source\App\Head\os_cfg.h")
compiling netif.c...
..\..\Source\uCOS-II\Source\Head\os_cfg.h(21): warning:  #47-D: incompatible redefinition of macro "OS_ARG_CHK_EN" (declared at line 43 of "..\..\Source\App\Head\os_cfg.h")
..\..\Source\uCOS-II\Source\Head\os_cfg.h(28): warning:  #47-D: incompatible redefinition of macro "OS_LOWEST_PRIO" (declared at line 35 of "..\..\Source\App\Head\os_cfg.h")
..\..\Source\uCOS-II\Source\Head\os_cfg.h(31): warning:  #47-D: incompatible redefinition of macro "OS_MAX_EVENTS" (declared at line 24 of "..\..\Source\App\Head\os_cfg.h")
..\..\Source\uCOS-II\Source\Head\os_cfg.h(32): warning:  #47-D: incompatible redefinition of macro "OS_MAX_FLAGS" (declared at line 26 of "..\..\Source\App\Head\os_cfg.h")
..\..\Source\uCOS-II\Source\Head\os_cfg.h(33): warning:  #47-D: incompatible redefinition of macro "OS_MAX_MEM_PART" (declared at line 28 of "..\..\Source\App\Head\os_cfg.h")
..\..\Source\uCOS-II\Source\Head\os_cfg.h(34): warning:  #47-D: incompatible redefinition of macro "OS_MAX_QS" (declared at line 30 of "..\..\Source\App\Head\os_cfg.h")
..\..\Source\uCOS-II\Source\Head\os_cfg.h(35): warning:  #47-D: incompatible redefinition of macro "OS_MAX_TASKS" (declared at line 32 of "..\..\Source\App\Head\os_cfg.h")
..\..\Source\uCOS-II\Source\Head\os_cfg.h(39): warning:  #47-D: incompatible redefinition of macro "OS_TASK_IDLE_STK_SIZE" (declared at line 38 of "..\..\Source\App\Head\os_cfg.h")
..\..\Source\uCOS-II\Source\Head\os_cfg.h(41): warning:  #47-D: incompatible redefinition of macro "OS_TASK_STAT_EN" (declared at line 40 of "..\..\Source\App\Head\os_cfg.h")
..\..\Source\uCOS-II\Source\Head\os_cfg.h(42): warning:  #47-D: incompatible redefinition of macro "OS_TASK_STAT_STK_SIZE" (declared at line 41 of "..\..\Source\App\Head\os_cfg.h")
..\..\Source\uCOS-II\Source\Head\os_cfg.h(50): warning:  #47-D: incompatible redefinition of macro "OS_FLAG_EN" (declared at line 48 of "..\..\Source\App\Head\os_cfg.h")
..\..\Source\uCOS-II\Source\Head\os_cfg.h(59): warning:  #47-D: incompatible redefinition of macro "OS_MBOX_EN" (declared at line 56 of "..\..\Source\App\Head\os_cfg.h")
..\..\Source\uCOS-II\Source\Head\os_cfg.h(68): warning:  #47-D: incompatible redefinition of macro "OS_MEM_EN" (declared at line 65 of "..\..\Source\App\Head\os_cfg.h")
..\..\Source\uCOS-II\Source\Head\os_cfg.h(74): warning:  #47-D: incompatible redefinition of macro "OS_MUTEX_EN" (declared at line 70 of "..\..\Source\App\Head\os_cfg.h")
..\..\Source\uCOS-II\Source\Head\os_cfg.h(81): warning:  #47-D: incompatible redefinition of macro "OS_Q_EN" (declared at line 77 of "..\..\Source\App\Head\os_cfg.h")
..\..\Source\uCOS-II\Source\Head\os_cfg.h(92): warning:  #47-D: incompatible redefinition of macro "OS_SEM_EN" (declared at line 88 of "..\..\Source\App\Head\os_cfg.h")
..\..\Source\uCOS-II\Source\Head\os_cfg.h(100): warning:  #47-D: incompatible redefinition of macro "OS_TASK_CHANGE_PRIO_EN" (declared at line 95 of "..\..\Source\App\Head\os_cfg.h")
..\..\Source\uCOS-II\Source\Head\os_cfg.h(102): warning:  #47-D: incompatible redefinition of macro "OS_TASK_CREATE_EXT_EN" (declared at line 97 of "..\..\Source\App\Head\os_cfg.h")
..\..\Source\uCOS-II\Source\Head\os_cfg.h(103): warning:  #47-D: incompatible redefinition of macro "OS_TASK_DEL_EN" (declared at line 98 of "..\..\Source\App\Head\os_cfg.h")
..\..\Source\uCOS-II\Source\Head\os_cfg.h(106): warning:  #47-D: incompatible redefinition of macro "OS_TASK_QUERY_EN" (declared at line 100 of "..\..\Source\App\Head\os_cfg.h")
..\..\Source\uCOS-II\Source\Head\os_cfg.h(112): warning:  #47-D: incompatible redefinition of macro "OS_TIME_DLY_HMSM_EN" (declared at line 103 of "..\..\Source\App\Head\os_cfg.h")
..\..\Source\uCOS-II\Source\Head\os_cfg.h(113): warning:  #47-D: incompatible redefinition of macro "OS_TIME_DLY_RESUME_EN" (declared at line 104 of "..\..\Source\App\Head\os_cfg.h")
..\..\Source\uCOS-II\Source\Head\os_cfg.h(114): warning:  #47-D: incompatible redefinition of macro "OS_TIME_GET_SET_EN" (declared at line 105 of "..\..\Source\App\Head\os_cfg.h")
compiling pbuf.c...
..\..\Source\uCOS-II\Source\Head\os_cfg.h(21): warning:  #47-D: incompatible redefinition of macro "OS_ARG_CHK_EN" (declared at line 43 of "..\..\Source\App\Head\os_cfg.h")
..\..\Source\uCOS-II\Source\Head\os_cfg.h(28): warning:  #47-D: incompatible redefinition of macro "OS_LOWEST_PRIO" (declared at line 35 of "..\..\Source\App\Head\os_cfg.h")
..\..\Source\uCOS-II\Source\Head\os_cfg.h(31): warning:  #47-D: incompatible redefinition of macro "OS_MAX_EVENTS" (declared at line 24 of "..\..\Source\App\Head\os_cfg.h")
..\..\Source\uCOS-II\Source\Head\os_cfg.h(32): warning:  #47-D: incompatible redefinition of macro "OS_MAX_FLAGS" (declared at line 26 of "..\..\Source\App\Head\os_cfg.h")
..\..\Source\uCOS-II\Source\Head\os_cfg.h(33): warning:  #47-D: incompatible redefinition of macro "OS_MAX_MEM_PART" (declared at line 28 of "..\..\Source\App\Head\os_cfg.h")
..\..\Source\uCOS-II\Source\Head\os_cfg.h(34): warning:  #47-D: incompatible redefinition of macro "OS_MAX_QS" (declared at line 30 of "..\..\Source\App\Head\os_cfg.h")
..\..\Source\uCOS-II\Source\Head\os_cfg.h(35): warning:  #47-D: incompatible redefinition of macro "OS_MAX_TASKS" (declared at line 32 of "..\..\Source\App\Head\os_cfg.h")
..\..\Source\uCOS-II\Source\Head\os_cfg.h(39): warning:  #47-D: incompatible redefinition of macro "OS_TASK_IDLE_STK_SIZE" (declared at line 38 of "..\..\Source\App\Head\os_cfg.h")
..\..\Source\uCOS-II\Source\Head\os_cfg.h(41): warning:  #47-D: incompatible redefinition of macro "OS_TASK_STAT_EN" (declared at line 40 of "..\..\Source\App\Head\os_cfg.h")
..\..\Source\uCOS-II\Source\Head\os_cfg.h(42): warning:  #47-D: incompatible redefinition of macro "OS_TASK_STAT_STK_SIZE" (declared at line 41 of "..\..\Source\App\Head\os_cfg.h")
..\..\Source\uCOS-II\Source\Head\os_cfg.h(50): warning:  #47-D: incompatible redefinition of macro "OS_FLAG_EN" (declared at line 48 of "..\..\Source\App\Head\os_cfg.h")
..\..\Source\uCOS-II\Source\Head\os_cfg.h(59): warning:  #47-D: incompatible redefinition of macro "OS_MBOX_EN" (declared at line 56 of "..\..\Source\App\Head\os_cfg.h")
..\..\Source\uCOS-II\Source\Head\os_cfg.h(68): warning:  #47-D: incompatible redefinition of macro "OS_MEM_EN" (declared at line 65 of "..\..\Source\App\Head\os_cfg.h")
..\..\Source\uCOS-II\Source\Head\os_cfg.h(74): warning:  #47-D: incompatible redefinition of macro "OS_MUTEX_EN" (declared at line 70 of "..\..\Source\App\Head\os_cfg.h")
..\..\Source\uCOS-II\Source\Head\os_cfg.h(81): warning:  #47-D: incompatible redefinition of macro "OS_Q_EN" (declared at line 77 of "..\..\Source\App\Head\os_cfg.h")
..\..\Source\uCOS-II\Source\Head\os_cfg.h(92): warning:  #47-D: incompatible redefinition of macro "OS_SEM_EN" (declared at line 88 of "..\..\Source\App\Head\os_cfg.h")
..\..\Source\uCOS-II\Source\Head\os_cfg.h(100): warning:  #47-D: incompatible redefinition of macro "OS_TASK_CHANGE_PRIO_EN" (declared at line 95 of "..\..\Source\App\Head\os_cfg.h")
..\..\Source\uCOS-II\Source\Head\os_cfg.h(102): warning:  #47-D: incompatible redefinition of macro "OS_TASK_CREATE_EXT_EN" (declared at line 97 of "..\..\Source\App\Head\os_cfg.h")
..\..\Source\uCOS-II\Source\Head\os_cfg.h(103): warning:  #47-D: incompatible redefinition of macro "OS_TASK_DEL_EN" (declared at line 98 of "..\..\Source\App\Head\os_cfg.h")
..\..\Source\uCOS-II\Source\Head\os_cfg.h(106): warning:  #47-D: incompatible redefinition of macro "OS_TASK_QUERY_EN" (declared at line 100 of "..\..\Source\App\Head\os_cfg.h")
..\..\Source\uCOS-II\Source\Head\os_cfg.h(112): warning:  #47-D: incompatible redefinition of macro "OS_TIME_DLY_HMSM_EN" (declared at line 103 of "..\..\Source\App\Head\os_cfg.h")
..\..\Source\uCOS-II\Source\Head\os_cfg.h(113): warning:  #47-D: incompatible redefinition of macro "OS_TIME_DLY_RESUME_EN" (declared at line 104 of "..\..\Source\App\Head\os_cfg.h")
..\..\Source\uCOS-II\Source\Head\os_cfg.h(114): warning:  #47-D: incompatible redefinition of macro "OS_TIME_GET_SET_EN" (declared at line 105 of "..\..\Source\App\Head\os_cfg.h")
compiling raw.c...
compiling stats.c...
compiling sys.c...
..\..\Source\uCOS-II\Source\Head\os_cfg.h(21): warning:  #47-D: incompatible redefinition of macro "OS_ARG_CHK_EN" (declared at line 43 of "..\..\Source\App\Head\os_cfg.h")
..\..\Source\uCOS-II\Source\Head\os_cfg.h(28): warning:  #47-D: incompatible redefinition of macro "OS_LOWEST_PRIO" (declared at line 35 of "..\..\Source\App\Head\os_cfg.h")
..\..\Source\uCOS-II\Source\Head\os_cfg.h(31): warning:  #47-D: incompatible redefinition of macro "OS_MAX_EVENTS" (declared at line 24 of "..\..\Source\App\Head\os_cfg.h")
..\..\Source\uCOS-II\Source\Head\os_cfg.h(32): warning:  #47-D: incompatible redefinition of macro "OS_MAX_FLAGS" (declared at line 26 of "..\..\Source\App\Head\os_cfg.h")
..\..\Source\uCOS-II\Source\Head\os_cfg.h(33): warning:  #47-D: incompatible redefinition of macro "OS_MAX_MEM_PART" (declared at line 28 of "..\..\Source\App\Head\os_cfg.h")
..\..\Source\uCOS-II\Source\Head\os_cfg.h(34): warning:  #47-D: incompatible redefinition of macro "OS_MAX_QS" (declared at line 30 of "..\..\Source\App\Head\os_cfg.h")
..\..\Source\uCOS-II\Source\Head\os_cfg.h(35): warning:  #47-D: incompatible redefinition of macro "OS_MAX_TASKS" (declared at line 32 of "..\..\Source\App\Head\os_cfg.h")
..\..\Source\uCOS-II\Source\Head\os_cfg.h(39): warning:  #47-D: incompatible redefinition of macro "OS_TASK_IDLE_STK_SIZE" (declared at line 38 of "..\..\Source\App\Head\os_cfg.h")
..\..\Source\uCOS-II\Source\Head\os_cfg.h(41): warning:  #47-D: incompatible redefinition of macro "OS_TASK_STAT_EN" (declared at line 40 of "..\..\Source\App\Head\os_cfg.h")
..\..\Source\uCOS-II\Source\Head\os_cfg.h(42): warning:  #47-D: incompatible redefinition of macro "OS_TASK_STAT_STK_SIZE" (declared at line 41 of "..\..\Source\App\Head\os_cfg.h")
..\..\Source\uCOS-II\Source\Head\os_cfg.h(50): warning:  #47-D: incompatible redefinition of macro "OS_FLAG_EN" (declared at line 48 of "..\..\Source\App\Head\os_cfg.h")
..\..\Source\uCOS-II\Source\Head\os_cfg.h(59): warning:  #47-D: incompatible redefinition of macro "OS_MBOX_EN" (declared at line 56 of "..\..\Source\App\Head\os_cfg.h")
..\..\Source\uCOS-II\Source\Head\os_cfg.h(68): warning:  #47-D: incompatible redefinition of macro "OS_MEM_EN" (declared at line 65 of "..\..\Source\App\Head\os_cfg.h")
..\..\Source\uCOS-II\Source\Head\os_cfg.h(74): warning:  #47-D: incompatible redefinition of macro "OS_MUTEX_EN" (declared at line 70 of "..\..\Source\App\Head\os_cfg.h")
..\..\Source\uCOS-II\Source\Head\os_cfg.h(81): warning:  #47-D: incompatible redefinition of macro "OS_Q_EN" (declared at line 77 of "..\..\Source\App\Head\os_cfg.h")
..\..\Source\uCOS-II\Source\Head\os_cfg.h(92): warning:  #47-D: incompatible redefinition of macro "OS_SEM_EN" (declared at line 88 of "..\..\Source\App\Head\os_cfg.h")
..\..\Source\uCOS-II\Source\Head\os_cfg.h(100): warning:  #47-D: incompatible redefinition of macro "OS_TASK_CHANGE_PRIO_EN" (declared at line 95 of "..\..\Source\App\Head\os_cfg.h")
..\..\Source\uCOS-II\Source\Head\os_cfg.h(102): warning:  #47-D: incompatible redefinition of macro "OS_TASK_CREATE_EXT_EN" (declared at line 97 of "..\..\Source\App\Head\os_cfg.h")
..\..\Source\uCOS-II\Source\Head\os_cfg.h(103): warning:  #47-D: incompatible redefinition of macro "OS_TASK_DEL_EN" (declared at line 98 of "..\..\Source\App\Head\os_cfg.h")
..\..\Source\uCOS-II\Source\Head\os_cfg.h(106): warning:  #47-D: incompatible redefinition of macro "OS_TASK_QUERY_EN" (declared at line 100 of "..\..\Source\App\Head\os_cfg.h")
..\..\Source\uCOS-II\Source\Head\os_cfg.h(112): warning:  #47-D: incompatible redefinition of macro "OS_TIME_DLY_HMSM_EN" (declared at line 103 of "..\..\Source\App\Head\os_cfg.h")
..\..\Source\uCOS-II\Source\Head\os_cfg.h(113): warning:  #47-D: incompatible redefinition of macro "OS_TIME_DLY_RESUME_EN" (declared at line 104 of "..\..\Source\App\Head\os_cfg.h")
..\..\Source\uCOS-II\Source\Head\os_cfg.h(114): warning:  #47-D: incompatible redefinition of macro "OS_TIME_GET_SET_EN" (declared at line 105 of "..\..\Source\App\Head\os_cfg.h")
compiling tcp.c...
..\..\Source\uCOS-II\Source\Head\os_cfg.h(21): warning:  #47-D: incompatible redefinition of macro "OS_ARG_CHK_EN" (declared at line 43 of "..\..\Source\App\Head\os_cfg.h")
..\..\Source\uCOS-II\Source\Head\os_cfg.h(28): warning:  #47-D: incompatible redefinition of macro "OS_LOWEST_PRIO" (declared at line 35 of "..\..\Source\App\Head\os_cfg.h")
..\..\Source\uCOS-II\Source\Head\os_cfg.h(31): warning:  #47-D: incompatible redefinition of macro "OS_MAX_EVENTS" (declared at line 24 of "..\..\Source\App\Head\os_cfg.h")
..\..\Source\uCOS-II\Source\Head\os_cfg.h(32): warning:  #47-D: incompatible redefinition of macro "OS_MAX_FLAGS" (declared at line 26 of "..\..\Source\App\Head\os_cfg.h")
..\..\Source\uCOS-II\Source\Head\os_cfg.h(33): warning:  #47-D: incompatible redefinition of macro "OS_MAX_MEM_PART" (declared at line 28 of "..\..\Source\App\Head\os_cfg.h")
..\..\Source\uCOS-II\Source\Head\os_cfg.h(34): warning:  #47-D: incompatible redefinition of macro "OS_MAX_QS" (declared at line 30 of "..\..\Source\App\Head\os_cfg.h")
..\..\Source\uCOS-II\Source\Head\os_cfg.h(35): warning:  #47-D: incompatible redefinition of macro "OS_MAX_TASKS" (declared at line 32 of "..\..\Source\App\Head\os_cfg.h")
..\..\Source\uCOS-II\Source\Head\os_cfg.h(39): warning:  #47-D: incompatible redefinition of macro "OS_TASK_IDLE_STK_SIZE" (declared at line 38 of "..\..\Source\App\Head\os_cfg.h")
..\..\Source\uCOS-II\Source\Head\os_cfg.h(41): warning:  #47-D: incompatible redefinition of macro "OS_TASK_STAT_EN" (declared at line 40 of "..\..\Source\App\Head\os_cfg.h")
..\..\Source\uCOS-II\Source\Head\os_cfg.h(42): warning:  #47-D: incompatible redefinition of macro "OS_TASK_STAT_STK_SIZE" (declared at line 41 of "..\..\Source\App\Head\os_cfg.h")
..\..\Source\uCOS-II\Source\Head\os_cfg.h(50): warning:  #47-D: incompatible redefinition of macro "OS_FLAG_EN" (declared at line 48 of "..\..\Source\App\Head\os_cfg.h")
..\..\Source\uCOS-II\Source\Head\os_cfg.h(59): warning:  #47-D: incompatible redefinition of macro "OS_MBOX_EN" (declared at line 56 of "..\..\Source\App\Head\os_cfg.h")
..\..\Source\uCOS-II\Source\Head\os_cfg.h(68): warning:  #47-D: incompatible redefinition of macro "OS_MEM_EN" (declared at line 65 of "..\..\Source\App\Head\os_cfg.h")
..\..\Source\uCOS-II\Source\Head\os_cfg.h(74): warning:  #47-D: incompatible redefinition of macro "OS_MUTEX_EN" (declared at line 70 of "..\..\Source\App\Head\os_cfg.h")
..\..\Source\uCOS-II\Source\Head\os_cfg.h(81): warning:  #47-D: incompatible redefinition of macro "OS_Q_EN" (declared at line 77 of "..\..\Source\App\Head\os_cfg.h")
..\..\Source\uCOS-II\Source\Head\os_cfg.h(92): warning:  #47-D: incompatible redefinition of macro "OS_SEM_EN" (declared at line 88 of "..\..\Source\App\Head\os_cfg.h")
..\..\Source\uCOS-II\Source\Head\os_cfg.h(100): warning:  #47-D: incompatible redefinition of macro "OS_TASK_CHANGE_PRIO_EN" (declared at line 95 of "..\..\Source\App\Head\os_cfg.h")
..\..\Source\uCOS-II\Source\Head\os_cfg.h(102): warning:  #47-D: incompatible redefinition of macro "OS_TASK_CREATE_EXT_EN" (declared at line 97 of "..\..\Source\App\Head\os_cfg.h")
..\..\Source\uCOS-II\Source\Head\os_cfg.h(103): warning:  #47-D: incompatible redefinition of macro "OS_TASK_DEL_EN" (declared at line 98 of "..\..\Source\App\Head\os_cfg.h")
..\..\Source\uCOS-II\Source\Head\os_cfg.h(106): warning:  #47-D: incompatible redefinition of macro "OS_TASK_QUERY_EN" (declared at line 100 of "..\..\Source\App\Head\os_cfg.h")
..\..\Source\uCOS-II\Source\Head\os_cfg.h(112): warning:  #47-D: incompatible redefinition of macro "OS_TIME_DLY_HMSM_EN" (declared at line 103 of "..\..\Source\App\Head\os_cfg.h")
..\..\Source\uCOS-II\Source\Head\os_cfg.h(113): warning:  #47-D: incompatible redefinition of macro "OS_TIME_DLY_RESUME_EN" (declared at line 104 of "..\..\Source\App\Head\os_cfg.h")
..\..\Source\uCOS-II\Source\Head\os_cfg.h(114): warning:  #47-D: incompatible redefinition of macro "OS_TIME_GET_SET_EN" (declared at line 105 of "..\..\Source\App\Head\os_cfg.h")
..\..\Source\lwip-1.3.2\src\core\tcp.c(1041): warning:  #69-D: integer conversion resulted in truncation
compiling tcp_in.c...
..\..\Source\uCOS-II\Source\Head\os_cfg.h(21): warning:  #47-D: incompatible redefinition of macro "OS_ARG_CHK_EN" (declared at line 43 of "..\..\Source\App\Head\os_cfg.h")
..\..\Source\uCOS-II\Source\Head\os_cfg.h(28): warning:  #47-D: incompatible redefinition of macro "OS_LOWEST_PRIO" (declared at line 35 of "..\..\Source\App\Head\os_cfg.h")
..\..\Source\uCOS-II\Source\Head\os_cfg.h(31): warning:  #47-D: incompatible redefinition of macro "OS_MAX_EVENTS" (declared at line 24 of "..\..\Source\App\Head\os_cfg.h")
..\..\Source\uCOS-II\Source\Head\os_cfg.h(32): warning:  #47-D: incompatible redefinition of macro "OS_MAX_FLAGS" (declared at line 26 of "..\..\Source\App\Head\os_cfg.h")
..\..\Source\uCOS-II\Source\Head\os_cfg.h(33): warning:  #47-D: incompatible redefinition of macro "OS_MAX_MEM_PART" (declared at line 28 of "..\..\Source\App\Head\os_cfg.h")
..\..\Source\uCOS-II\Source\Head\os_cfg.h(34): warning:  #47-D: incompatible redefinition of macro "OS_MAX_QS" (declared at line 30 of "..\..\Source\App\Head\os_cfg.h")
..\..\Source\uCOS-II\Source\Head\os_cfg.h(35): warning:  #47-D: incompatible redefinition of macro "OS_MAX_TASKS" (declared at line 32 of "..\..\Source\App\Head\os_cfg.h")
..\..\Source\uCOS-II\Source\Head\os_cfg.h(39): warning:  #47-D: incompatible redefinition of macro "OS_TASK_IDLE_STK_SIZE" (declared at line 38 of "..\..\Source\App\Head\os_cfg.h")
..\..\Source\uCOS-II\Source\Head\os_cfg.h(41): warning:  #47-D: incompatible redefinition of macro "OS_TASK_STAT_EN" (declared at line 40 of "..\..\Source\App\Head\os_cfg.h")
..\..\Source\uCOS-II\Source\Head\os_cfg.h(42): warning:  #47-D: incompatible redefinition of macro "OS_TASK_STAT_STK_SIZE" (declared at line 41 of "..\..\Source\App\Head\os_cfg.h")
..\..\Source\uCOS-II\Source\Head\os_cfg.h(50): warning:  #47-D: incompatible redefinition of macro "OS_FLAG_EN" (declared at line 48 of "..\..\Source\App\Head\os_cfg.h")
..\..\Source\uCOS-II\Source\Head\os_cfg.h(59): warning:  #47-D: incompatible redefinition of macro "OS_MBOX_EN" (declared at line 56 of "..\..\Source\App\Head\os_cfg.h")
..\..\Source\uCOS-II\Source\Head\os_cfg.h(68): warning:  #47-D: incompatible redefinition of macro "OS_MEM_EN" (declared at line 65 of "..\..\Source\App\Head\os_cfg.h")
..\..\Source\uCOS-II\Source\Head\os_cfg.h(74): warning:  #47-D: incompatible redefinition of macro "OS_MUTEX_EN" (declared at line 70 of "..\..\Source\App\Head\os_cfg.h")
..\..\Source\uCOS-II\Source\Head\os_cfg.h(81): warning:  #47-D: incompatible redefinition of macro "OS_Q_EN" (declared at line 77 of "..\..\Source\App\Head\os_cfg.h")
..\..\Source\uCOS-II\Source\Head\os_cfg.h(92): warning:  #47-D: incompatible redefinition of macro "OS_SEM_EN" (declared at line 88 of "..\..\Source\App\Head\os_cfg.h")
..\..\Source\uCOS-II\Source\Head\os_cfg.h(100): warning:  #47-D: incompatible redefinition of macro "OS_TASK_CHANGE_PRIO_EN" (declared at line 95 of "..\..\Source\App\Head\os_cfg.h")
..\..\Source\uCOS-II\Source\Head\os_cfg.h(102): warning:  #47-D: incompatible redefinition of macro "OS_TASK_CREATE_EXT_EN" (declared at line 97 of "..\..\Source\App\Head\os_cfg.h")
..\..\Source\uCOS-II\Source\Head\os_cfg.h(103): warning:  #47-D: incompatible redefinition of macro "OS_TASK_DEL_EN" (declared at line 98 of "..\..\Source\App\Head\os_cfg.h")
..\..\Source\uCOS-II\Source\Head\os_cfg.h(106): warning:  #47-D: incompatible redefinition of macro "OS_TASK_QUERY_EN" (declared at line 100 of "..\..\Source\App\Head\os_cfg.h")
..\..\Source\uCOS-II\Source\Head\os_cfg.h(112): warning:  #47-D: incompatible redefinition of macro "OS_TIME_DLY_HMSM_EN" (declared at line 103 of "..\..\Source\App\Head\os_cfg.h")
..\..\Source\uCOS-II\Source\Head\os_cfg.h(113): warning:  #47-D: incompatible redefinition of macro "OS_TIME_DLY_RESUME_EN" (declared at line 104 of "..\..\Source\App\Head\os_cfg.h")
..\..\Source\uCOS-II\Source\Head\os_cfg.h(114): warning:  #47-D: incompatible redefinition of macro "OS_TIME_GET_SET_EN" (declared at line 105 of "..\..\Source\App\Head\os_cfg.h")
compiling tcp_out.c...
..\..\Source\uCOS-II\Source\Head\os_cfg.h(21): warning:  #47-D: incompatible redefinition of macro "OS_ARG_CHK_EN" (declared at line 43 of "..\..\Source\App\Head\os_cfg.h")
..\..\Source\uCOS-II\Source\Head\os_cfg.h(28): warning:  #47-D: incompatible redefinition of macro "OS_LOWEST_PRIO" (declared at line 35 of "..\..\Source\App\Head\os_cfg.h")
..\..\Source\uCOS-II\Source\Head\os_cfg.h(31): warning:  #47-D: incompatible redefinition of macro "OS_MAX_EVENTS" (declared at line 24 of "..\..\Source\App\Head\os_cfg.h")
..\..\Source\uCOS-II\Source\Head\os_cfg.h(32): warning:  #47-D: incompatible redefinition of macro "OS_MAX_FLAGS" (declared at line 26 of "..\..\Source\App\Head\os_cfg.h")
..\..\Source\uCOS-II\Source\Head\os_cfg.h(33): warning:  #47-D: incompatible redefinition of macro "OS_MAX_MEM_PART" (declared at line 28 of "..\..\Source\App\Head\os_cfg.h")
..\..\Source\uCOS-II\Source\Head\os_cfg.h(34): warning:  #47-D: incompatible redefinition of macro "OS_MAX_QS" (declared at line 30 of "..\..\Source\App\Head\os_cfg.h")
..\..\Source\uCOS-II\Source\Head\os_cfg.h(35): warning:  #47-D: incompatible redefinition of macro "OS_MAX_TASKS" (declared at line 32 of "..\..\Source\App\Head\os_cfg.h")
..\..\Source\uCOS-II\Source\Head\os_cfg.h(39): warning:  #47-D: incompatible redefinition of macro "OS_TASK_IDLE_STK_SIZE" (declared at line 38 of "..\..\Source\App\Head\os_cfg.h")
..\..\Source\uCOS-II\Source\Head\os_cfg.h(41): warning:  #47-D: incompatible redefinition of macro "OS_TASK_STAT_EN" (declared at line 40 of "..\..\Source\App\Head\os_cfg.h")
..\..\Source\uCOS-II\Source\Head\os_cfg.h(42): warning:  #47-D: incompatible redefinition of macro "OS_TASK_STAT_STK_SIZE" (declared at line 41 of "..\..\Source\App\Head\os_cfg.h")
..\..\Source\uCOS-II\Source\Head\os_cfg.h(50): warning:  #47-D: incompatible redefinition of macro "OS_FLAG_EN" (declared at line 48 of "..\..\Source\App\Head\os_cfg.h")
..\..\Source\uCOS-II\Source\Head\os_cfg.h(59): warning:  #47-D: incompatible redefinition of macro "OS_MBOX_EN" (declared at line 56 of "..\..\Source\App\Head\os_cfg.h")
..\..\Source\uCOS-II\Source\Head\os_cfg.h(68): warning:  #47-D: incompatible redefinition of macro "OS_MEM_EN" (declared at line 65 of "..\..\Source\App\Head\os_cfg.h")
..\..\Source\uCOS-II\Source\Head\os_cfg.h(74): warning:  #47-D: incompatible redefinition of macro "OS_MUTEX_EN" (declared at line 70 of "..\..\Source\App\Head\os_cfg.h")
..\..\Source\uCOS-II\Source\Head\os_cfg.h(81): warning:  #47-D: incompatible redefinition of macro "OS_Q_EN" (declared at line 77 of "..\..\Source\App\Head\os_cfg.h")
..\..\Source\uCOS-II\Source\Head\os_cfg.h(92): warning:  #47-D: incompatible redefinition of macro "OS_SEM_EN" (declared at line 88 of "..\..\Source\App\Head\os_cfg.h")
..\..\Source\uCOS-II\Source\Head\os_cfg.h(100): warning:  #47-D: incompatible redefinition of macro "OS_TASK_CHANGE_PRIO_EN" (declared at line 95 of "..\..\Source\App\Head\os_cfg.h")
..\..\Source\uCOS-II\Source\Head\os_cfg.h(102): warning:  #47-D: incompatible redefinition of macro "OS_TASK_CREATE_EXT_EN" (declared at line 97 of "..\..\Source\App\Head\os_cfg.h")
..\..\Source\uCOS-II\Source\Head\os_cfg.h(103): warning:  #47-D: incompatible redefinition of macro "OS_TASK_DEL_EN" (declared at line 98 of "..\..\Source\App\Head\os_cfg.h")
..\..\Source\uCOS-II\Source\Head\os_cfg.h(106): warning:  #47-D: incompatible redefinition of macro "OS_TASK_QUERY_EN" (declared at line 100 of "..\..\Source\App\Head\os_cfg.h")
..\..\Source\uCOS-II\Source\Head\os_cfg.h(112): warning:  #47-D: incompatible redefinition of macro "OS_TIME_DLY_HMSM_EN" (declared at line 103 of "..\..\Source\App\Head\os_cfg.h")
..\..\Source\uCOS-II\Source\Head\os_cfg.h(113): warning:  #47-D: incompatible redefinition of macro "OS_TIME_DLY_RESUME_EN" (declared at line 104 of "..\..\Source\App\Head\os_cfg.h")
..\..\Source\uCOS-II\Source\Head\os_cfg.h(114): warning:  #47-D: incompatible redefinition of macro "OS_TIME_GET_SET_EN" (declared at line 105 of "..\..\Source\App\Head\os_cfg.h")
..\..\Source\lwip-1.3.2\src\core\tcp_out.c(802): warning:  #69-D: integer conversion resulted in truncation
compiling autoip.c...
compiling icmp.c...
compiling igmp.c...
compiling inet.c...
compiling inet_chksum.c...
compiling ip.c...
..\..\Source\uCOS-II\Source\Head\os_cfg.h(21): warning:  #47-D: incompatible redefinition of macro "OS_ARG_CHK_EN" (declared at line 43 of "..\..\Source\App\Head\os_cfg.h")
..\..\Source\uCOS-II\Source\Head\os_cfg.h(28): warning:  #47-D: incompatible redefinition of macro "OS_LOWEST_PRIO" (declared at line 35 of "..\..\Source\App\Head\os_cfg.h")
..\..\Source\uCOS-II\Source\Head\os_cfg.h(31): warning:  #47-D: incompatible redefinition of macro "OS_MAX_EVENTS" (declared at line 24 of "..\..\Source\App\Head\os_cfg.h")
..\..\Source\uCOS-II\Source\Head\os_cfg.h(32): warning:  #47-D: incompatible redefinition of macro "OS_MAX_FLAGS" (declared at line 26 of "..\..\Source\App\Head\os_cfg.h")
..\..\Source\uCOS-II\Source\Head\os_cfg.h(33): warning:  #47-D: incompatible redefinition of macro "OS_MAX_MEM_PART" (declared at line 28 of "..\..\Source\App\Head\os_cfg.h")
..\..\Source\uCOS-II\Source\Head\os_cfg.h(34): warning:  #47-D: incompatible redefinition of macro "OS_MAX_QS" (declared at line 30 of "..\..\Source\App\Head\os_cfg.h")
..\..\Source\uCOS-II\Source\Head\os_cfg.h(35): warning:  #47-D: incompatible redefinition of macro "OS_MAX_TASKS" (declared at line 32 of "..\..\Source\App\Head\os_cfg.h")
..\..\Source\uCOS-II\Source\Head\os_cfg.h(39): warning:  #47-D: incompatible redefinition of macro "OS_TASK_IDLE_STK_SIZE" (declared at line 38 of "..\..\Source\App\Head\os_cfg.h")
..\..\Source\uCOS-II\Source\Head\os_cfg.h(41): warning:  #47-D: incompatible redefinition of macro "OS_TASK_STAT_EN" (declared at line 40 of "..\..\Source\App\Head\os_cfg.h")
..\..\Source\uCOS-II\Source\Head\os_cfg.h(42): warning:  #47-D: incompatible redefinition of macro "OS_TASK_STAT_STK_SIZE" (declared at line 41 of "..\..\Source\App\Head\os_cfg.h")
..\..\Source\uCOS-II\Source\Head\os_cfg.h(50): warning:  #47-D: incompatible redefinition of macro "OS_FLAG_EN" (declared at line 48 of "..\..\Source\App\Head\os_cfg.h")
..\..\Source\uCOS-II\Source\Head\os_cfg.h(59): warning:  #47-D: incompatible redefinition of macro "OS_MBOX_EN" (declared at line 56 of "..\..\Source\App\Head\os_cfg.h")
..\..\Source\uCOS-II\Source\Head\os_cfg.h(68): warning:  #47-D: incompatible redefinition of macro "OS_MEM_EN" (declared at line 65 of "..\..\Source\App\Head\os_cfg.h")
..\..\Source\uCOS-II\Source\Head\os_cfg.h(74): warning:  #47-D: incompatible redefinition of macro "OS_MUTEX_EN" (declared at line 70 of "..\..\Source\App\Head\os_cfg.h")
..\..\Source\uCOS-II\Source\Head\os_cfg.h(81): warning:  #47-D: incompatible redefinition of macro "OS_Q_EN" (declared at line 77 of "..\..\Source\App\Head\os_cfg.h")
..\..\Source\uCOS-II\Source\Head\os_cfg.h(92): warning:  #47-D: incompatible redefinition of macro "OS_SEM_EN" (declared at line 88 of "..\..\Source\App\Head\os_cfg.h")
..\..\Source\uCOS-II\Source\Head\os_cfg.h(100): warning:  #47-D: incompatible redefinition of macro "OS_TASK_CHANGE_PRIO_EN" (declared at line 95 of "..\..\Source\App\Head\os_cfg.h")
..\..\Source\uCOS-II\Source\Head\os_cfg.h(102): warning:  #47-D: incompatible redefinition of macro "OS_TASK_CREATE_EXT_EN" (declared at line 97 of "..\..\Source\App\Head\os_cfg.h")
..\..\Source\uCOS-II\Source\Head\os_cfg.h(103): warning:  #47-D: incompatible redefinition of macro "OS_TASK_DEL_EN" (declared at line 98 of "..\..\Source\App\Head\os_cfg.h")
..\..\Source\uCOS-II\Source\Head\os_cfg.h(106): warning:  #47-D: incompatible redefinition of macro "OS_TASK_QUERY_EN" (declared at line 100 of "..\..\Source\App\Head\os_cfg.h")
..\..\Source\uCOS-II\Source\Head\os_cfg.h(112): warning:  #47-D: incompatible redefinition of macro "OS_TIME_DLY_HMSM_EN" (declared at line 103 of "..\..\Source\App\Head\os_cfg.h")
..\..\Source\uCOS-II\Source\Head\os_cfg.h(113): warning:  #47-D: incompatible redefinition of macro "OS_TIME_DLY_RESUME_EN" (declared at line 104 of "..\..\Source\App\Head\os_cfg.h")
..\..\Source\uCOS-II\Source\Head\os_cfg.h(114): warning:  #47-D: incompatible redefinition of macro "OS_TIME_GET_SET_EN" (declared at line 105 of "..\..\Source\App\Head\os_cfg.h")
compiling ip_addr.c...
compiling ip_frag.c...
compiling etharp.c...
compiling loopif.c...
compiling OS_CORE.C...
compiling OS_FLAG.C...
compiling OS_MBOX.C...
compiling OS_MEM.C...
compiling OS_MUTEX.C...
compiling OS_Q.C...
compiling OS_SEM.C...
compiling OS_TASK.C...
compiling OS_TIME.C...
compiling OS_DBG.C...
assembling os_cpu_a.asm...
compiling os_cpu_c.c...
..\..\Source\Hal\Evm\Head\Target.h(136): warning:  #14-D: extra text after expected end of preprocessing directive
..\..\Source\Hal\Evm\Head\Target.h(142): warning:  #14-D: extra text after expected end of preprocessing directive
..\..\Source\Hal\Evm\Head\Target.h(148): warning:  #14-D: extra text after expected end of preprocessing directive
..\..\Source\Hal\Evm\Head\Target.h(154): warning:  #14-D: extra text after expected end of preprocessing directive
..\..\Source\Hal\Evm\Head\Target.h(160): warning:  #14-D: extra text after expected end of preprocessing directive
assembling Startup.s...
compiling Target.c...
..\..\Source\Hal\Evm\Head\Target.h(136): warning:  #14-D: extra text after expected end of preprocessing directive
..\..\Source\Hal\Evm\Head\Target.h(142): warning:  #14-D: extra text after expected end of preprocessing directive
..\..\Source\Hal\Evm\Head\Target.h(148): warning:  #14-D: extra text after expected end of preprocessing directive
..\..\Source\Hal\Evm\Head\Target.h(154): warning:  #14-D: extra text after expected end of preprocessing directive
..\..\Source\Hal\Evm\Head\Target.h(160): warning:  #14-D: extra text after expected end of preprocessing directive
..\..\Source\Hal\Evm\Src\Target.c(238): warning:  #177-D: variable "PinVal" was declared but never referenced
..\..\Source\Hal\Evm\Src\Target.c(387): error:  #169: expected a declaration
..\..\Source\Hal\Evm\Src\Target.c(905): warning:  #167-D: argument of type "INT32U *" is incompatible with parameter of type "unsigned long *"
compiling rit128x96x4.c...
..\..\Source\Hal\Evm\Head\Target.h(136): warning:  #14-D: extra text after expected end of preprocessing directive
..\..\Source\Hal\Evm\Head\Target.h(142): warning:  #14-D: extra text after expected end of preprocessing directive
..\..\Source\Hal\Evm\Head\Target.h(148): warning:  #14-D: extra text after expected end of preprocessing directive
..\..\Source\Hal\Evm\Head\Target.h(154): warning:  #14-D: extra text after expected end of preprocessing directive
..\..\Source\Hal\Evm\Head\Target.h(160): warning:  #14-D: extra text after expected end of preprocessing directive
Target not created
Build target 'LM3S_uCOS-II_Lwip'
compiling Target.c...
..\..\Source\Hal\Evm\Head\Target.h(136): warning:  #14-D: extra text after expected end of preprocessing directive
..\..\Source\Hal\Evm\Head\Target.h(142): warning:  #14-D: extra text after expected end of preprocessing directive
..\..\Source\Hal\Evm\Head\Target.h(148): warning:  #14-D: extra text after expected end of preprocessing directive
..\..\Source\Hal\Evm\Head\Target.h(154): warning:  #14-D: extra text after expected end of preprocessing directive
..\..\Source\Hal\Evm\Head\Target.h(160): warning:  #14-D: extra text after expected end of preprocessing directive
..\..\Source\Hal\Evm\Src\Target.c(238): warning:  #177-D: variable "PinVal" was declared but never referenced
..\..\Source\Hal\Evm\Src\Target.c(388): warning:  #223-D: function "SetPWMFrequency" declared implicitly
..\..\Source\Hal\Evm\Src\Target.c(461): error:  #159: declaration is incompatible with previous "SetPWMFrequency" (declared at line 388)
..\..\Source\Hal\Evm\Src\Target.c(905): warning:  #167-D: argument of type "INT32U *" is incompatible with parameter of type "unsigned long *"
Target not created
Build target 'LM3S_uCOS-II_Lwip'
compiling Target.c...
..\..\Source\Hal\Evm\Head\Target.h(136): warning:  #14-D: extra text after expected end of preprocessing directive
..\..\Source\Hal\Evm\Head\Target.h(142): warning:  #14-D: extra text after expected end of preprocessing directive
..\..\Source\Hal\Evm\Head\Target.h(148): warning:  #14-D: extra text after expected end of preprocessing directive
..\..\Source\Hal\Evm\Head\Target.h(154): warning:  #14-D: extra text after expected end of preprocessing directive
..\..\Source\Hal\Evm\Head\Target.h(160): warning:  #14-D: extra text after expected end of preprocessing directive
..\..\Source\Hal\Evm\Src\Target.c(238): warning:  #177-D: variable "PinVal" was declared but never referenced
..\..\Source\Hal\Evm\Src\Target.c(389): warning:  #223-D: function "SetPWMFrequency" declared implicitly
..\..\Source\Hal\Evm\Src\Target.c(462): error:  #159: declaration is incompatible with previous "SetPWMFrequency" (declared at line 389)
..\..\Source\Hal\Evm\Src\Target.c(906): warning:  #167-D: argument of type "INT32U *" is incompatible with parameter of type "unsigned long *"
Target not created
Build target 'LM3S_uCOS-II_Lwip'
compiling Main.c...
..\..\Source\Hal\Evm\Head\Target.h(136): warning:  #14-D: extra text after expected end of preprocessing directive
..\..\Source\Hal\Evm\Head\Target.h(142): warning:  #14-D: extra text after expected end of preprocessing directive
..\..\Source\Hal\Evm\Head\Target.h(148): warning:  #14-D: extra text after expected end of preprocessing directive
..\..\Source\Hal\Evm\Head\Target.h(154): warning:  #14-D: extra text after expected end of preprocessing directive
..\..\Source\Hal\Evm\Head\Target.h(160): warning:  #14-D: extra text after expected end of preprocessing directive
..\..\Source\App\Src\Main.c(233): warning:  #167-D: argument of type "int8 *" is incompatible with parameter of type "char *restrict"
..\..\Source\App\Src\Main.c(234): warning:  #167-D: argument of type "int8 *" is incompatible with parameter of type "const char *"
..\..\Source\App\Src\Main.c(236): warning:  #167-D: argument of type "int8 *" is incompatible with parameter of type "char *restrict"
..\..\Source\App\Src\Main.c(237): warning:  #167-D: argument of type "int8 *" is incompatible with parameter of type "const char *"
..\..\Source\App\Src\Main.c(240): warning:  #167-D: argument of type "int8 *" is incompatible with parameter of type "char *restrict"
..\..\Source\App\Src\Main.c(241): warning:  #167-D: argument of type "int8 *" is incompatible with parameter of type "const char *"
..\..\Source\App\Src\Main.c(243): warning:  #167-D: argument of type "int8 *" is incompatible with parameter of type "char *restrict"
..\..\Source\App\Src\Main.c(244): warning:  #167-D: argument of type "int8 *" is incompatible with parameter of type "const char *"
..\..\Source\App\Src\Main.c(223): warning:  #550-D: variable "OSVersion" was set but never used
compiling os_cpu_c.c...
..\..\Source\Hal\Evm\Head\Target.h(136): warning:  #14-D: extra text after expected end of preprocessing directive
..\..\Source\Hal\Evm\Head\Target.h(142): warning:  #14-D: extra text after expected end of preprocessing directive
..\..\Source\Hal\Evm\Head\Target.h(148): warning:  #14-D: extra text after expected end of preprocessing directive
..\..\Source\Hal\Evm\Head\Target.h(154): warning:  #14-D: extra text after expected end of preprocessing directive
..\..\Source\Hal\Evm\Head\Target.h(160): warning:  #14-D: extra text after expected end of preprocessing directive
compiling Target.c...
..\..\Source\Hal\Evm\Head\Target.h(136): warning:  #14-D: extra text after expected end of preprocessing directive
..\..\Source\Hal\Evm\Head\Target.h(142): warning:  #14-D: extra text after expected end of preprocessing directive
..\..\Source\Hal\Evm\Head\Target.h(148): warning:  #14-D: extra text after expected end of preprocessing directive
..\..\Source\Hal\Evm\Head\Target.h(154): warning:  #14-D: extra text after expected end of preprocessing directive
..\..\Source\Hal\Evm\Head\Target.h(160): warning:  #14-D: extra text after expected end of preprocessing directive
..\..\Source\Hal\Evm\Src\Target.c(238): warning:  #177-D: variable "PinVal" was declared but never referenced
..\..\Source\Hal\Evm\Src\Target.c(906): warning:  #167-D: argument of type "INT32U *" is incompatible with parameter of type "unsigned long *"
compiling rit128x96x4.c...
..\..\Source\Hal\Evm\Head\Target.h(136): warning:  #14-D: extra text after expected end of preprocessing directive
..\..\Source\Hal\Evm\Head\Target.h(142): warning:  #14-D: extra text after expected end of preprocessing directive
..\..\Source\Hal\Evm\Head\Target.h(148): warning:  #14-D: extra text after expected end of preprocessing directive
..\..\Source\Hal\Evm\Head\Target.h(154): warning:  #14-D: extra text after expected end of preprocessing directive
..\..\Source\Hal\Evm\Head\Target.h(160): warning:  #14-D: extra text after expected end of preprocessing directive
linking...
..\..\OutPut\LM3_uCOS-II.axf: Error: L6218E: Undefined symbol UARTIntHandler (referred from startup.o).
..\..\OutPut\LM3_uCOS-II.axf: Error: L6218E: Undefined symbol LedInit (referred from target.o).
Target not created
Build target 'LM3S_uCOS-II_Lwip'
assembling Startup.s...
..\..\Source\Hal\Startup.s(95): error: A1516E: Bad symbol 'UARTIntHandler', not defined or external
Target not created
Build target 'LM3S_uCOS-II_Lwip'
assembling Startup.s...
linking...
..\..\OutPut\LM3_uCOS-II.axf: Error: L6218E: Undefined symbol LedInit (referred from target.o).
Target not created
Build target 'LM3S_uCOS-II_Lwip'
compiling Target.c...
..\..\Source\Hal\Evm\Head\Target.h(136): warning:  #14-D: extra text after expected end of preprocessing directive
..\..\Source\Hal\Evm\Head\Target.h(142): warning:  #14-D: extra text after expected end of preprocessing directive
..\..\Source\Hal\Evm\Head\Target.h(148): warning:  #14-D: extra text after expected end of preprocessing directive
..\..\Source\Hal\Evm\Head\Target.h(154): warning:  #14-D: extra text after expected end of preprocessing directive
..\..\Source\Hal\Evm\Head\Target.h(160): warning:  #14-D: extra text after expected end of preprocessing directive
..\..\Source\Hal\Evm\Src\Target.c(238): warning:  #177-D: variable "PinVal" was declared but never referenced
..\..\Source\Hal\Evm\Src\Target.c(906): warning:  #167-D: argument of type "INT32U *" is incompatible with parameter of type "unsigned long *"
linking...
Program Size: Code=16270 RO-data=1142 RW-data=96 ZI-data=7136  
FromELF: creating hex file...
"..\..\OutPut\LM3_uCOS-II.axf" - 0 Error(s), 7 Warning(s).
Load "..\\..\\OutPut\\LM3_uCOS-II.AXF" 
Connecting: Mode=JTAG, Speed=1000000Hz
Full Chip Erase Done.
Programming Done.
Verify OK.
Build target 'LM3S_uCOS-II_Lwip'
compiling Main.c...
..\..\Source\Hal\Evm\Head\Target.h(136): warning:  #14-D: extra text after expected end of preprocessing directive
..\..\Source\Hal\Evm\Head\Target.h(142): warning:  #14-D: extra text after expected end of preprocessing directive
..\..\Source\Hal\Evm\Head\Target.h(148): warning:  #14-D: extra text after expected end of preprocessing directive
..\..\Source\Hal\Evm\Head\Target.h(154): warning:  #14-D: extra text after expected end of preprocessing directive
..\..\Source\Hal\Evm\Head\Target.h(160): warning:  #14-D: extra text after expected end of preprocessing directive
..\..\Source\App\Src\Main.c(233): warning:  #167-D: argument of type "int8 *" is incompatible with parameter of type "char *restrict"
..\..\Source\App\Src\Main.c(234): warning:  #167-D: argument of type "int8 *" is incompatible with parameter of type "const char *"
..\..\Source\App\Src\Main.c(236): warning:  #167-D: argument of type "int8 *" is incompatible with parameter of type "char *restrict"
..\..\Source\App\Src\Main.c(237): warning:  #167-D: argument of type "int8 *" is incompatible with parameter of type "const char *"
..\..\Source\App\Src\Main.c(240): warning:  #167-D: argument of type "int8 *" is incompatible with parameter of type "char *restrict"
..\..\Source\App\Src\Main.c(241): warning:  #167-D: argument of type "int8 *" is incompatible with parameter of type "const char *"
..\..\Source\App\Src\Main.c(243): warning:  #167-D: argument of type "int8 *" is incompatible with parameter of type "char *restrict"
..\..\Source\App\Src\Main.c(244): warning:  #167-D: argument of type "int8 *" is incompatible with parameter of type "const char *"
..\..\Source\App\Src\Main.c(223): warning:  #550-D: variable "OSVersion" was set but never used
linking...
Program Size: Code=16270 RO-data=1142 RW-data=96 ZI-data=7136  
FromELF: creating hex file...
"..\..\OutPut\LM3_uCOS-II.axf" - 0 Error(s), 14 Warning(s).
Build target 'LM3S_uCOS-II_Lwip'
compiling Main.c...
..\..\Source\Hal\Evm\Head\Target.h(136): warning:  #14-D: extra text after expected end of preprocessing directive
..\..\Source\Hal\Evm\Head\Target.h(142): warning:  #14-D: extra text after expected end of preprocessing directive
..\..\Source\Hal\Evm\Head\Target.h(148): warning:  #14-D: extra text after expected end of preprocessing directive
..\..\Source\Hal\Evm\Head\Target.h(154): warning:  #14-D: extra text after expected end of preprocessing directive
..\..\Source\Hal\Evm\Head\Target.h(160): warning:  #14-D: extra text after expected end of preprocessing directive
..\..\Source\App\Src\Main.c(235): warning:  #167-D: argument of type "int8 *" is incompatible with parameter of type "char *restrict"
..\..\Source\App\Src\Main.c(236): warning:  #167-D: argument of type "int8 *" is incompatible with parameter of type "const char *"
..\..\Source\App\Src\Main.c(238): warning:  #167-D: argument of type "int8 *" is incompatible with parameter of type "char *restrict"
..\..\Source\App\Src\Main.c(239): warning:  #167-D: argument of type "int8 *" is incompatible with parameter of type "const char *"
..\..\Source\App\Src\Main.c(242): warning:  #167-D: argument of type "int8 *" is incompatible with parameter of type "char *restrict"
..\..\Source\App\Src\Main.c(243): warning:  #167-D: argument of type "int8 *" is incompatible with parameter of type "const char *"
..\..\Source\App\Src\Main.c(245): warning:  #167-D: argument of type "int8 *" is incompatible with parameter of type "char *restrict"
..\..\Source\App\Src\Main.c(246): warning:  #167-D: argument of type "int8 *" is incompatible with parameter of type "const char *"
..\..\Source\App\Src\Main.c(225): warning:  #550-D: variable "OSVersion" was set but never used
[...]
..\..\Source\uCOS-II\Source\Head\os_cfg.h(112): warning:  #47-D: incompatible redefinition of macro "OS_TIME_DLY_HMSM_EN" (declared at line 103 of "..\..\Source\App\Head\os_cfg.h")
..\..\Source\uCOS-II\Source\Head\os_cfg.h(113): warning:  #47-D: incompatible redefinition of macro "OS_TIME_DLY_RESUME_EN" (declared at line 104 of "..\..\Source\App\Head\os_cfg.h")
..\..\Source\uCOS-II\Source\Head\os_cfg.h(114): warning:  #47-D: incompatible redefinition of macro "OS_TIME_GET_SET_EN" (declared at line 105 of "..\..\Source\App\Head\os_cfg.h")
compiling tcp.c...
..\..\Source\uCOS-II\Source\Head\os_cfg.h(21): warning:  #47-D: incompatible redefinition of macro "OS_ARG_CHK_EN" (declared at line 43 of "..\..\Source\App\Head\os_cfg.h")
..\..\Source\uCOS-II\Source\Head\os_cfg.h(28): warning:  #47-D: incompatible redefinition of macro "OS_LOWEST_PRIO" (declared at line 35 of "..\..\Source\App\Head\os_cfg.h")
..\..\Source\uCOS-II\Source\Head\os_cfg.h(31): warning:  #47-D: incompatible redefinition of macro "OS_MAX_EVENTS" (declared at line 24 of "..\..\Source\App\Head\os_cfg.h")
..\..\Source\uCOS-II\Source\Head\os_cfg.h(32): warning:  #47-D: incompatible redefinition of macro "OS_MAX_FLAGS" (declared at line 26 of "..\..\Source\App\Head\os_cfg.h")
..\..\Source\uCOS-II\Source\Head\os_cfg.h(33): warning:  #47-D: incompatible redefinition of macro "OS_MAX_MEM_PART" (declared at line 28 of "..\..\Source\App\Head\os_cfg.h")
..\..\Source\uCOS-II\Source\Head\os_cfg.h(34): warning:  #47-D: incompatible redefinition of macro "OS_MAX_QS" (declared at line 30 of "..\..\Source\App\Head\os_cfg.h")
..\..\Source\uCOS-II\Source\Head\os_cfg.h(35): warning:  #47-D: incompatible redefinition of macro "OS_MAX_TASKS" (declared at line 32 of "..\..\Source\App\Head\os_cfg.h")
..\..\Source\uCOS-II\Source\Head\os_cfg.h(39): warning:  #47-D: incompatible redefinition of macro "OS_TASK_IDLE_STK_SIZE" (declared at line 38 of "..\..\Source\App\Head\os_cfg.h")
..\..\Source\uCOS-II\Source\Head\os_cfg.h(41): warning:  #47-D: incompatible redefinition of macro "OS_TASK_STAT_EN" (declared at line 40 of "..\..\Source\App\Head\os_cfg.h")
..\..\Source\uCOS-II\Source\Head\os_cfg.h(42): warning:  #47-D: incompatible redefinition of macro "OS_TASK_STAT_STK_SIZE" (declared at line 41 of "..\..\Source\App\Head\os_cfg.h")
..\..\Source\uCOS-II\Source\Head\os_cfg.h(50): warning:  #47-D: incompatible redefinition of macro "OS_FLAG_EN" (declared at line 48 of "..\..\Source\App\Head\os_cfg.h")
..\..\Source\uCOS-II\Source\Head\os_cfg.h(59): warning:  #47-D: incompatible redefinition of macro "OS_MBOX_EN" (declared at line 56 of "..\..\Source\App\Head\os_cfg.h")
..\..\Source\uCOS-II\Source\Head\os_cfg.h(68): warning:  #47-D: incompatible redefinition of macro "OS_MEM_EN" (declared at line 65 of "..\..\Source\App\Head\os_cfg.h")
..\..\Source\uCOS-II\Source\Head\os_cfg.h(74): warning:  #47-D: incompatible redefinition of macro "OS_MUTEX_EN" (declared at line 70 of "..\..\Source\App\Head\os_cfg.h")
..\..\Source\uCOS-II\Source\Head\os_cfg.h(81): warning:  #47-D: incompatible redefinition of macro "OS_Q_EN" (declared at line 77 of "..\..\Source\App\Head\os_cfg.h")
..\..\Source\uCOS-II\Source\Head\os_cfg.h(92): warning:  #47-D: incompatible redefinition of macro "OS_SEM_EN" (declared at line 88 of "..\..\Source\App\Head\os_cfg.h")
..\..\Source\uCOS-II\Source\Head\os_cfg.h(100): warning:  #47-D: incompatible redefinition of macro "OS_TASK_CHANGE_PRIO_EN" (declared at line 95 of "..\..\Source\App\Head\os_cfg.h")
..\..\Source\uCOS-II\Source\Head\os_cfg.h(102): warning:  #47-D: incompatible redefinition of macro "OS_TASK_CREATE_EXT_EN" (declared at line 97 of "..\..\Source\App\Head\os_cfg.h")
..\..\Source\uCOS-II\Source\Head\os_cfg.h(103): warning:  #47-D: incompatible redefinition of macro "OS_TASK_DEL_EN" (declared at line 98 of "..\..\Source\App\Head\os_cfg.h")
..\..\Source\uCOS-II\Source\Head\os_cfg.h(106): warning:  #47-D: incompatible redefinition of macro "OS_TASK_QUERY_EN" (declared at line 100 of "..\..\Source\App\Head\os_cfg.h")
..\..\Source\uCOS-II\Source\Head\os_cfg.h(112): warning:  #47-D: incompatible redefinition of macro "OS_TIME_DLY_HMSM_EN" (declared at line 103 of "..\..\Source\App\Head\os_cfg.h")
..\..\Source\uCOS-II\Source\Head\os_cfg.h(113): warning:  #47-D: incompatible redefinition of macro "OS_TIME_DLY_RESUME_EN" (declared at line 104 of "..\..\Source\App\Head\os_cfg.h")
..\..\Source\uCOS-II\Source\Head\os_cfg.h(114): warning:  #47-D: incompatible redefinition of macro "OS_TIME_GET_SET_EN" (declared at line 105 of "..\..\Source\App\Head\os_cfg.h")
..\..\Source\lwip-1.3.2\src\core\tcp.c(1041): warning:  #69-D: integer conversion resulted in truncation
compiling tcp_in.c...
..\..\Source\uCOS-II\Source\Head\os_cfg.h(21): warning:  #47-D: incompatible redefinition of macro "OS_ARG_CHK_EN" (declared at line 43 of "..\..\Source\App\Head\os_cfg.h")
..\..\Source\uCOS-II\Source\Head\os_cfg.h(28): warning:  #47-D: incompatible redefinition of macro "OS_LOWEST_PRIO" (declared at line 35 of "..\..\Source\App\Head\os_cfg.h")
..\..\Source\uCOS-II\Source\Head\os_cfg.h(31): warning:  #47-D: incompatible redefinition of macro "OS_MAX_EVENTS" (declared at line 24 of "..\..\Source\App\Head\os_cfg.h")
..\..\Source\uCOS-II\Source\Head\os_cfg.h(32): warning:  #47-D: incompatible redefinition of macro "OS_MAX_FLAGS" (declared at line 26 of "..\..\Source\App\Head\os_cfg.h")
..\..\Source\uCOS-II\Source\Head\os_cfg.h(33): warning:  #47-D: incompatible redefinition of macro "OS_MAX_MEM_PART" (declared at line 28 of "..\..\Source\App\Head\os_cfg.h")
..\..\Source\uCOS-II\Source\Head\os_cfg.h(34): warning:  #47-D: incompatible redefinition of macro "OS_MAX_QS" (declared at line 30 of "..\..\Source\App\Head\os_cfg.h")
..\..\Source\uCOS-II\Source\Head\os_cfg.h(35): warning:  #47-D: incompatible redefinition of macro "OS_MAX_TASKS" (declared at line 32 of "..\..\Source\App\Head\os_cfg.h")
..\..\Source\uCOS-II\Source\Head\os_cfg.h(39): warning:  #47-D: incompatible redefinition of macro "OS_TASK_IDLE_STK_SIZE" (declared at line 38 of "..\..\Source\App\Head\os_cfg.h")
..\..\Source\uCOS-II\Source\Head\os_cfg.h(41): warning:  #47-D: incompatible redefinition of macro "OS_TASK_STAT_EN" (declared at line 40 of "..\..\Source\App\Head\os_cfg.h")
..\..\Source\uCOS-II\Source\Head\os_cfg.h(42): warning:  #47-D: incompatible redefinition of macro "OS_TASK_STAT_STK_SIZE" (declared at line 41 of "..\..\Source\App\Head\os_cfg.h")
..\..\Source\uCOS-II\Source\Head\os_cfg.h(50): warning:  #47-D: incompatible redefinition of macro "OS_FLAG_EN" (declared at line 48 of "..\..\Source\App\Head\os_cfg.h")
..\..\Source\uCOS-II\Source\Head\os_cfg.h(59): warning:  #47-D: incompatible redefinition of macro "OS_MBOX_EN" (declared at line 56 of "..\..\Source\App\Head\os_cfg.h")
..\..\Source\uCOS-II\Source\Head\os_cfg.h(68): warning:  #47-D: incompatible redefinition of macro "OS_MEM_EN" (declared at line 65 of "..\..\Source\App\Head\os_cfg.h")
..\..\Source\uCOS-II\Source\Head\os_cfg.h(74): warning:  #47-D: incompatible redefinition of macro "OS_MUTEX_EN" (declared at line 70 of "..\..\Source\App\Head\os_cfg.h")
..\..\Source\uCOS-II\Source\Head\os_cfg.h(81): warning:  #47-D: incompatible redefinition of macro "OS_Q_EN" (declared at line 77 of "..\..\Source\App\Head\os_cfg.h")
..\..\Source\uCOS-II\Source\Head\os_cfg.h(92): warning:  #47-D: incompatible redefinition of macro "OS_SEM_EN" (declared at line 88 of "..\..\Source\App\Head\os_cfg.h")
..\..\Source\uCOS-II\Source\Head\os_cfg.h(100): warning:  #47-D: incompatible redefinition of macro "OS_TASK_CHANGE_PRIO_EN" (declared at line 95 of "..\..\Source\App\Head\os_cfg.h")
..\..\Source\uCOS-II\Source\Head\os_cfg.h(102): warning:  #47-D: incompatible redefinition of macro "OS_TASK_CREATE_EXT_EN" (declared at line 97 of "..\..\Source\App\Head\os_cfg.h")
..\..\Source\uCOS-II\Source\Head\os_cfg.h(103): warning:  #47-D: incompatible redefinition of macro "OS_TASK_DEL_EN" (declared at line 98 of "..\..\Source\App\Head\os_cfg.h")
..\..\Source\uCOS-II\Source\Head\os_cfg.h(106): warning:  #47-D: incompatible redefinition of macro "OS_TASK_QUERY_EN" (declared at line 100 of "..\..\Source\App\Head\os_cfg.h")
..\..\Source\uCOS-II\Source\Head\os_cfg.h(112): warning:  #47-D: incompatible redefinition of macro "OS_TIME_DLY_HMSM_EN" (declared at line 103 of "..\..\Source\App\Head\os_cfg.h")
..\..\Source\uCOS-II\Source\Head\os_cfg.h(113): warning:  #47-D: incompatible redefinition of macro "OS_TIME_DLY_RESUME_EN" (declared at line 104 of "..\..\Source\App\Head\os_cfg.h")
..\..\Source\uCOS-II\Source\Head\os_cfg.h(114): warning:  #47-D: incompatible redefinition of macro "OS_TIME_GET_SET_EN" (declared at line 105 of "..\..\Source\App\Head\os_cfg.h")
compiling tcp_out.c...
..\..\Source\uCOS-II\Source\Head\os_cfg.h(21): warning:  #47-D: incompatible redefinition of macro "OS_ARG_CHK_EN" (declared at line 43 of "..\..\Source\App\Head\os_cfg.h")
..\..\Source\uCOS-II\Source\Head\os_cfg.h(28): warning:  #47-D: incompatible redefinition of macro "OS_LOWEST_PRIO" (declared at line 35 of "..\..\Source\App\Head\os_cfg.h")
..\..\Source\uCOS-II\Source\Head\os_cfg.h(31): warning:  #47-D: incompatible redefinition of macro "OS_MAX_EVENTS" (declared at line 24 of "..\..\Source\App\Head\os_cfg.h")
..\..\Source\uCOS-II\Source\Head\os_cfg.h(32): warning:  #47-D: incompatible redefinition of macro "OS_MAX_FLAGS" (declared at line 26 of "..\..\Source\App\Head\os_cfg.h")
..\..\Source\uCOS-II\Source\Head\os_cfg.h(33): warning:  #47-D: incompatible redefinition of macro "OS_MAX_MEM_PART" (declared at line 28 of "..\..\Source\App\Head\os_cfg.h")
..\..\Source\uCOS-II\Source\Head\os_cfg.h(34): warning:  #47-D: incompatible redefinition of macro "OS_MAX_QS" (declared at line 30 of "..\..\Source\App\Head\os_cfg.h")
..\..\Source\uCOS-II\Source\Head\os_cfg.h(35): warning:  #47-D: incompatible redefinition of macro "OS_MAX_TASKS" (declared at line 32 of "..\..\Source\App\Head\os_cfg.h")
..\..\Source\uCOS-II\Source\Head\os_cfg.h(39): warning:  #47-D: incompatible redefinition of macro "OS_TASK_IDLE_STK_SIZE" (declared at line 38 of "..\..\Source\App\Head\os_cfg.h")
..\..\Source\uCOS-II\Source\Head\os_cfg.h(41): warning:  #47-D: incompatible redefinition of macro "OS_TASK_STAT_EN" (declared at line 40 of "..\..\Source\App\Head\os_cfg.h")
..\..\Source\uCOS-II\Source\Head\os_cfg.h(42): warning:  #47-D: incompatible redefinition of macro "OS_TASK_STAT_STK_SIZE" (declared at line 41 of "..\..\Source\App\Head\os_cfg.h")
..\..\Source\uCOS-II\Source\Head\os_cfg.h(50): warning:  #47-D: incompatible redefinition of macro "OS_FLAG_EN" (declared at line 48 of "..\..\Source\App\Head\os_cfg.h")
..\..\Source\uCOS-II\Source\Head\os_cfg.h(59): warning:  #47-D: incompatible redefinition of macro "OS_MBOX_EN" (declared at line 56 of "..\..\Source\App\Head\os_cfg.h")
..\..\Source\uCOS-II\Source\Head\os_cfg.h(68): warning:  #47-D: incompatible redefinition of macro "OS_MEM_EN" (declared at line 65 of "..\..\Source\App\Head\os_cfg.h")
..\..\Source\uCOS-II\Source\Head\os_cfg.h(74): warning:  #47-D: incompatible redefinition of macro "OS_MUTEX_EN" (declared at line 70 of "..\..\Source\App\Head\os_cfg.h")
..\..\Source\uCOS-II\Source\Head\os_cfg.h(81): warning:  #47-D: incompatible redefinition of macro "OS_Q_EN" (declared at line 77 of "..\..\Source\App\Head\os_cfg.h")
..\..\Source\uCOS-II\Source\Head\os_cfg.h(92): warning:  #47-D: incompatible redefinition of macro "OS_SEM_EN" (declared at line 88 of "..\..\Source\App\Head\os_cfg.h")
..\..\Source\uCOS-II\Source\Head\os_cfg.h(100): warning:  #47-D: incompatible redefinition of macro "OS_TASK_CHANGE_PRIO_EN" (declared at line 95 of "..\..\Source\App\Head\os_cfg.h")
..\..\Source\uCOS-II\Source\Head\os_cfg.h(102): warning:  #47-D: incompatible redefinition of macro "OS_TASK_CREATE_EXT_EN" (declared at line 97 of "..\..\Source\App\Head\os_cfg.h")
..\..\Source\uCOS-II\Source\Head\os_cfg.h(103): warning:  #47-D: incompatible redefinition of macro "OS_TASK_DEL_EN" (declared at line 98 of "..\..\Source\App\Head\os_cfg.h")
..\..\Source\uCOS-II\Source\Head\os_cfg.h(106): warning:  #47-D: incompatible redefinition of macro "OS_TASK_QUERY_EN" (declared at line 100 of "..\..\Source\App\Head\os_cfg.h")
..\..\Source\uCOS-II\Source\Head\os_cfg.h(112): warning:  #47-D: incompatible redefinition of macro "OS_TIME_DLY_HMSM_EN" (declared at line 103 of "..\..\Source\App\Head\os_cfg.h")
..\..\Source\uCOS-II\Source\Head\os_cfg.h(113): warning:  #47-D: incompatible redefinition of macro "OS_TIME_DLY_RESUME_EN" (declared at line 104 of "..\..\Source\App\Head\os_cfg.h")
..\..\Source\uCOS-II\Source\Head\os_cfg.h(114): warning:  #47-D: incompatible redefinition of macro "OS_TIME_GET_SET_EN" (declared at line 105 of "..\..\Source\App\Head\os_cfg.h")
..\..\Source\lwip-1.3.2\src\core\tcp_out.c(802): warning:  #69-D: integer conversion resulted in truncation
compiling autoip.c...
compiling icmp.c...
compiling igmp.c...
compiling inet.c...
compiling inet_chksum.c...
compiling ip.c...
..\..\Source\uCOS-II\Source\Head\os_cfg.h(21): warning:  #47-D: incompatible redefinition of macro "OS_ARG_CHK_EN" (declared at line 43 of "..\..\Source\App\Head\os_cfg.h")
..\..\Source\uCOS-II\Source\Head\os_cfg.h(28): warning:  #47-D: incompatible redefinition of macro "OS_LOWEST_PRIO" (declared at line 35 of "..\..\Source\App\Head\os_cfg.h")
..\..\Source\uCOS-II\Source\Head\os_cfg.h(31): warning:  #47-D: incompatible redefinition of macro "OS_MAX_EVENTS" (declared at line 24 of "..\..\Source\App\Head\os_cfg.h")
..\..\Source\uCOS-II\Source\Head\os_cfg.h(32): warning:  #47-D: incompatible redefinition of macro "OS_MAX_FLAGS" (declared at line 26 of "..\..\Source\App\Head\os_cfg.h")
..\..\Source\uCOS-II\Source\Head\os_cfg.h(33): warning:  #47-D: incompatible redefinition of macro "OS_MAX_MEM_PART" (declared at line 28 of "..\..\Source\App\Head\os_cfg.h")
..\..\Source\uCOS-II\Source\Head\os_cfg.h(34): warning:  #47-D: incompatible redefinition of macro "OS_MAX_QS" (declared at line 30 of "..\..\Source\App\Head\os_cfg.h")
..\..\Source\uCOS-II\Source\Head\os_cfg.h(35): warning:  #47-D: incompatible redefinition of macro "OS_MAX_TASKS" (declared at line 32 of "..\..\Source\App\Head\os_cfg.h")
..\..\Source\uCOS-II\Source\Head\os_cfg.h(39): warning:  #47-D: incompatible redefinition of macro "OS_TASK_IDLE_STK_SIZE" (declared at line 38 of "..\..\Source\App\Head\os_cfg.h")
..\..\Source\uCOS-II\Source\Head\os_cfg.h(41): warning:  #47-D: incompatible redefinition of macro "OS_TASK_STAT_EN" (declared at line 40 of "..\..\Source\App\Head\os_cfg.h")
..\..\Source\uCOS-II\Source\Head\os_cfg.h(42): warning:  #47-D: incompatible redefinition of macro "OS_TASK_STAT_STK_SIZE" (declared at line 41 of "..\..\Source\App\Head\os_cfg.h")
..\..\Source\uCOS-II\Source\Head\os_cfg.h(50): warning:  #47-D: incompatible redefinition of macro "OS_FLAG_EN" (declared at line 48 of "..\..\Source\App\Head\os_cfg.h")
..\..\Source\uCOS-II\Source\Head\os_cfg.h(59): warning:  #47-D: incompatible redefinition of macro "OS_MBOX_EN" (declared at line 56 of "..\..\Source\App\Head\os_cfg.h")
..\..\Source\uCOS-II\Source\Head\os_cfg.h(68): warning:  #47-D: incompatible redefinition of macro "OS_MEM_EN" (declared at line 65 of "..\..\Source\App\Head\os_cfg.h")
..\..\Source\uCOS-II\Source\Head\os_cfg.h(74): warning:  #47-D: incompatible redefinition of macro "OS_MUTEX_EN" (declared at line 70 of "..\..\Source\App\Head\os_cfg.h")
..\..\Source\uCOS-II\Source\Head\os_cfg.h(81): warning:  #47-D: incompatible redefinition of macro "OS_Q_EN" (declared at line 77 of "..\..\Source\App\Head\os_cfg.h")
..\..\Source\uCOS-II\Source\Head\os_cfg.h(92): warning:  #47-D: incompatible redefinition of macro "OS_SEM_EN" (declared at line 88 of "..\..\Source\App\Head\os_cfg.h")
..\..\Source\uCOS-II\Source\Head\os_cfg.h(100): warning:  #47-D: incompatible redefinition of macro "OS_TASK_CHANGE_PRIO_EN" (declared at line 95 of "..\..\Source\App\Head\os_cfg.h")
..\..\Source\uCOS-II\Source\Head\os_cfg.h(102): warning:  #47-D: incompatible redefinition of macro "OS_TASK_CREATE_EXT_EN" (declared at line 97 of "..\..\Source\App\Head\os_cfg.h")
..\..\Source\uCOS-II\Source\Head\os_cfg.h(103): warning:  #47-D: incompatible redefinition of macro "OS_TASK_DEL_EN" (declared at line 98 of "..\..\Source\App\Head\os_cfg.h")
..\..\Source\uCOS-II\Source\Head\os_cfg.h(106): warning:  #47-D: incompatible redefinition of macro "OS_TASK_QUERY_EN" (declared at line 100 of "..\..\Source\App\Head\os_cfg.h")
..\..\Source\uCOS-II\Source\Head\os_cfg.h(112): warning:  #47-D: incompatible redefinition of macro "OS_TIME_DLY_HMSM_EN" (declared at line 103 of "..\..\Source\App\Head\os_cfg.h")
..\..\Source\uCOS-II\Source\Head\os_cfg.h(113): warning:  #47-D: incompatible redefinition of macro "OS_TIME_DLY_RESUME_EN" (declared at line 104 of "..\..\Source\App\Head\os_cfg.h")
..\..\Source\uCOS-II\Source\Head\os_cfg.h(114): warning:  #47-D: incompatible redefinition of macro "OS_TIME_GET_SET_EN" (declared at line 105 of "..\..\Source\App\Head\os_cfg.h")
compiling ip_addr.c...
compiling ip_frag.c...
compiling etharp.c...
compiling loopif.c...
compiling OS_CORE.C...
compiling OS_FLAG.C...
compiling OS_MBOX.C...
compiling OS_MEM.C...
compiling OS_MUTEX.C...
compiling OS_Q.C...
compiling OS_SEM.C...
compiling OS_TASK.C...
compiling OS_TIME.C...
compiling OS_DBG.C...
assembling os_cpu_a.asm...
compiling os_cpu_c.c...
..\..\Source\Hal\Evm\Head\Target.h(136): warning:  #14-D: extra text after expected end of preprocessing directive
..\..\Source\Hal\Evm\Head\Target.h(142): warning:  #14-D: extra text after expected end of preprocessing directive
..\..\Source\Hal\Evm\Head\Target.h(148): warning:  #14-D: extra text after expected end of preprocessing directive
..\..\Source\Hal\Evm\Head\Target.h(154): warning:  #14-D: extra text after expected end of preprocessing directive
..\..\Source\Hal\Evm\Head\Target.h(160): warning:  #14-D: extra text after expected end of preprocessing directive
assembling Startup.s...
compiling Target.c...
..\..\Source\Hal\Evm\Head\Target.h(136): warning:  #14-D: extra text after expected end of preprocessing directive
..\..\Source\Hal\Evm\Head\Target.h(142): warning:  #14-D: extra text after expected end of preprocessing directive
..\..\Source\Hal\Evm\Head\Target.h(148): warning:  #14-D: extra text after expected end of preprocessing directive
..\..\Source\Hal\Evm\Head\Target.h(154): warning:  #14-D: extra text after expected end of preprocessing directive
..\..\Source\Hal\Evm\Head\Target.h(160): warning:  #14-D: extra text after expected end of preprocessing directive
..\..\Source\Hal\Evm\Src\Target.c(238): warning:  #177-D: variable "PinVal" was declared but never referenced
..\..\Source\Hal\Evm\Src\Target.c(906): warning:  #167-D: argument of type "INT32U *" is incompatible with parameter of type "unsigned long *"
compiling rit128x96x4.c...
..\..\Source\Hal\Evm\Head\Target.h(136): warning:  #14-D: extra text after expected end of preprocessing directive
..\..\Source\Hal\Evm\Head\Target.h(142): warning:  #14-D: extra text after expected end of preprocessing directive
..\..\Source\Hal\Evm\Head\Target.h(148): warning:  #14-D: extra text after expected end of preprocessing directive
..\..\Source\Hal\Evm\Head\Target.h(154): warning:  #14-D: extra text after expected end of preprocessing directive
..\..\Source\Hal\Evm\Head\Target.h(160): warning:  #14-D: extra text after expected end of preprocessing directive
linking...
Program Size: Code=16194 RO-data=1142 RW-data=96 ZI-data=7136  
FromELF: creating hex file...
"..\..\OutPut\LM3_uCOS-II.axf" - 0 Error(s), 361 Warning(s).
Build target 'LM3S_uCOS-II_Lwip'
linking...
Program Size: Code=16194 RO-data=1142 RW-data=96 ZI-data=7136  
FromELF: creating hex file...
"..\..\OutPut\LM3_uCOS-II.axf" - 0 Error(s), 0 Warning(s).
Load "..\\..\\OutPut\\LM3_uCOS-II.AXF" 
Connecting: Mode=JTAG, Speed=1000000Hz
Erase Done.
Programming Done.
Verify OK.
