ARM Linker, 4.1 [Build 791] [Standard]

==============================================================================

Section Cross References

    main.o(.text) refers to _printf_percent.o(.ARM.Collect$$_printf_percent$$00000000) for _printf_percent
    main.o(.text) refers to _printf_d.o(.ARM.Collect$$_printf_percent$$00000009) for _printf_d
    main.o(.text) refers to _printf_dec.o(.text) for _printf_int_dec
    main.o(.text) refers to _printf_pad.o(.text) for _printf_pre_padding
    main.o(.text) refers to os_time.o(.text) for OSTimeDly
    main.o(.text) refers to target.o(.text) for InitADC
    main.o(.text) refers to rit128x96x4.o(.text) for RIT128x96x4Init
    main.o(.text) refers to noretval__2sprintf.o(.text) for __2sprintf
    main.o(.text) refers to os_core.o(.text) for OSStatInit
    main.o(.text) refers to os_task.o(.text) for OSTaskCreate
    main.o(.text) refers to target.o(.bss) for TargetInfo
    main.o(.text) refers to main.o(.bss) for Task_LedStk
    target.o(.text) refers to sysctl.o(i.SysCtlPeripheralEnable) for SysCtlPeripheralEnable
    target.o(.text) refers to gpio.o(i.GPIODirModeSet) for GPIODirModeSet
    target.o(.text) refers to gpio.o(i.GPIOPadConfigSet) for GPIOPadConfigSet
    target.o(.text) refers to gpio.o(i.GPIOPinWrite) for GPIOPinWrite
    target.o(.text) refers to gpio.o(i.GPIOPinRead) for GPIOPinRead
    target.o(.text) refers to pwm.o(i.PWMGenPeriodSet) for PWMGenPeriodSet
    target.o(.text) refers to pwm.o(i.PWMPulseWidthSet) for PWMPulseWidthSet
    target.o(.text) refers to pwm.o(i.PWMGenConfigure) for PWMGenConfigure
    target.o(.text) refers to sysctl.o(i.SysCtlPWMClockSet) for SysCtlPWMClockSet
    target.o(.text) refers to sysctl.o(i.SysCtlClockGet) for SysCtlClockGet
    target.o(.text) refers to pwm.o(i.PWMGenEnable) for PWMGenEnable
    target.o(.text) refers to pwm.o(i.PWMOutputState) for PWMOutputState
    target.o(.text) refers to rit128x96x4.o(.text) for RIT128x96x4Init
    target.o(.text) refers to systick.o(i.SysTickPeriodSet) for SysTickPeriodSet
    target.o(.text) refers to systick.o(i.SysTickEnable) for SysTickEnable
    target.o(.text) refers to systick.o(i.SysTickIntEnable) for SysTickIntEnable
    target.o(.text) refers to os_cpu_a.o(UCOSII_ASM) for OS_ENTER_CRITICAL
    target.o(.text) refers to os_core.o(.text) for OSTimeTick
    target.o(.text) refers to sysctl.o(i.SysCtlADCSpeedSet) for SysCtlADCSpeedSet
    target.o(.text) refers to adc.o(i.ADCSequenceDisable) for ADCSequenceDisable
    target.o(.text) refers to adc.o(i.ADCSequenceConfigure) for ADCSequenceConfigure
    target.o(.text) refers to adc.o(i.ADCSequenceStepConfigure) for ADCSequenceStepConfigure
    target.o(.text) refers to adc.o(i.ADCIntEnable) for ADCIntEnable
    target.o(.text) refers to interrupt.o(i.IntEnable) for IntEnable
    target.o(.text) refers to interrupt.o(i.IntMasterEnable) for IntMasterEnable
    target.o(.text) refers to adc.o(i.ADCSequenceEnable) for ADCSequenceEnable
    target.o(.text) refers to adc.o(i.ADCProcessorTrigger) for ADCProcessorTrigger
    target.o(.text) refers to adc.o(i.ADCSequenceDataGet) for ADCSequenceDataGet
    target.o(.text) refers to adc.o(i.ADCIntStatus) for ADCIntStatus
    target.o(.text) refers to adc.o(i.ADCIntClear) for ADCIntClear
    target.o(.text) refers to sysctl.o(i.SysCtlLDOSet) for SysCtlLDOSet
    target.o(.text) refers to sysctl.o(i.SysCtlClockSet) for SysCtlClockSet
    target.o(.text) refers to target.o(.bss) for TargetInfo
    target.o(.text) refers to os_core.o(.data) for OSIntNesting
    target.o(.text) refers to target.o(.data) for ADC_EndFlag_3
    rit128x96x4.o(.text) refers to ssi.o(i.SSIBusy) for SSIBusy
    rit128x96x4.o(.text) refers to gpio.o(i.GPIOPinWrite) for GPIOPinWrite
    rit128x96x4.o(.text) refers to ssi.o(i.SSIDataPut) for SSIDataPut
    rit128x96x4.o(.text) refers to ssi.o(i.SSIDisable) for SSIDisable
    rit128x96x4.o(.text) refers to sysctl.o(i.SysCtlClockGet) for SysCtlClockGet
    rit128x96x4.o(.text) refers to ssi.o(i.SSIConfigSetExpClk) for SSIConfigSetExpClk
    rit128x96x4.o(.text) refers to gpio.o(i.GPIOPinTypeSSI) for GPIOPinTypeSSI
    rit128x96x4.o(.text) refers to gpio.o(i.GPIOPadConfigSet) for GPIOPadConfigSet
    rit128x96x4.o(.text) refers to ssi.o(i.SSIEnable) for SSIEnable
    rit128x96x4.o(.text) refers to ssi.o(i.SSIDataGetNonBlocking) for SSIDataGetNonBlocking
    rit128x96x4.o(.text) refers to gpio.o(i.GPIOPinTypeGPIOOutput) for GPIOPinTypeGPIOOutput
    rit128x96x4.o(.text) refers to sysctl.o(i.SysCtlPeripheralEnable) for SysCtlPeripheralEnable
    rit128x96x4.o(.text) refers to rit128x96x4.o(.data) for g_ulSSIFlags
    rit128x96x4.o(.text) refers to rit128x96x4.o(.constdata) for pucCommand1
    startup_rvmdk.o(STACK) refers (Special) to heapauxi.o(.text) for __use_two_region_memory
    startup_rvmdk.o(HEAP) refers (Special) to heapauxi.o(.text) for __use_two_region_memory
    startup_rvmdk.o(RESET) refers (Special) to heapauxi.o(.text) for __use_two_region_memory
[...]
    Removing adc.o(i.ADCPhaseDelayGet), (4 bytes).
    Removing adc.o(i.ADCPhaseDelaySet), (4 bytes).
    Removing adc.o(i.ADCReferenceGet), (8 bytes).
    Removing adc.o(i.ADCReferenceSet), (12 bytes).
    Removing adc.o(i.ADCSequenceOverflow), (12 bytes).
    Removing adc.o(i.ADCSequenceOverflowClear), (10 bytes).
    Removing adc.o(i.ADCSequenceUnderflow), (12 bytes).
    Removing adc.o(i.ADCSequenceUnderflowClear), (10 bytes).
    Removing adc.o(i.ADCSoftwareOversampleConfigure), (24 bytes).
    Removing adc.o(i.ADCSoftwareOversampleDataGet), (72 bytes).
    Removing adc.o(i.ADCSoftwareOversampleStepConfigure), (112 bytes).
    Removing adc.o(.data), (3 bytes).
    Removing gpio.o(i.GPIODirModeGet), (34 bytes).
    Removing gpio.o(i.GPIOGetIntNumber), (156 bytes).
    Removing gpio.o(i.GPIOIntTypeGet), (48 bytes).
    Removing gpio.o(i.GPIOIntTypeSet), (58 bytes).
    Removing gpio.o(i.GPIOPadConfigGet), (140 bytes).
    Removing gpio.o(i.GPIOPinConfigure), (72 bytes).
    Removing gpio.o(i.GPIOPinIntClear), (6 bytes).
    Removing gpio.o(i.GPIOPinIntDisable), (14 bytes).
    Removing gpio.o(i.GPIOPinIntEnable), (12 bytes).
    Removing gpio.o(i.GPIOPinIntStatus), (14 bytes).
    Removing gpio.o(i.GPIOPinTypeADC), (28 bytes).
    Removing gpio.o(i.GPIOPinTypeCAN), (28 bytes).
    Removing gpio.o(i.GPIOPinTypeComparator), (28 bytes).
    Removing gpio.o(i.GPIOPinTypeEPI), (28 bytes).
    Removing gpio.o(i.GPIOPinTypeEthernetLED), (28 bytes).
    Removing gpio.o(i.GPIOPinTypeGPIOInput), (28 bytes).
    Removing gpio.o(i.GPIOPinTypeGPIOOutputOD), (28 bytes).
    Removing gpio.o(i.GPIOPinTypeI2C), (28 bytes).
    Removing gpio.o(i.GPIOPinTypeI2S), (28 bytes).
    Removing gpio.o(i.GPIOPinTypePWM), (28 bytes).
    Removing gpio.o(i.GPIOPinTypeQEI), (28 bytes).
    Removing gpio.o(i.GPIOPinTypeTimer), (28 bytes).
    Removing gpio.o(i.GPIOPinTypeUART), (28 bytes).
    Removing gpio.o(i.GPIOPinTypeUSBAnalog), (28 bytes).
    Removing gpio.o(i.GPIOPinTypeUSBDigital), (28 bytes).
    Removing gpio.o(i.GPIOPortIntRegister), (26 bytes).
    Removing gpio.o(i.GPIOPortIntUnregister), (22 bytes).
    Removing gpio.o(.constdata), (72 bytes).
    Removing interrupt.o(i.IntDefaultHandler), (2 bytes).
    Removing interrupt.o(i.IntDisable), (104 bytes).
    Removing interrupt.o(i.IntMasterDisable), (10 bytes).
    Removing interrupt.o(i.IntPendClear), (72 bytes).
    Removing interrupt.o(i.IntPendSet), (90 bytes).
    Removing interrupt.o(i.IntPriorityGet), (28 bytes).
    Removing interrupt.o(i.IntPriorityGroupingGet), (40 bytes).
    Removing interrupt.o(i.IntPriorityGroupingSet), (28 bytes).
    Removing interrupt.o(i.IntPriorityMaskGet), (4 bytes).
    Removing interrupt.o(i.IntPriorityMaskSet), (4 bytes).
    Removing interrupt.o(i.IntPrioritySet), (40 bytes).
    Removing interrupt.o(i.IntRegister), (56 bytes).
    Removing interrupt.o(i.IntUnregister), (20 bytes).
    Removing interrupt.o(.constdata), (104 bytes).
    Removing interrupt.o(vtable), (284 bytes).
    Removing pwm.o(i.PWMDeadBandDisable), (12 bytes).
    Removing pwm.o(i.PWMDeadBandEnable), (16 bytes).
    Removing pwm.o(i.PWMFaultIntClear), (8 bytes).
    Removing pwm.o(i.PWMFaultIntClearExt), (4 bytes).
    Removing pwm.o(i.PWMFaultIntRegister), (18 bytes).
    Removing pwm.o(i.PWMFaultIntUnregister), (18 bytes).
    Removing pwm.o(i.PWMGenDisable), (10 bytes).
    Removing pwm.o(i.PWMGenFaultClear), (18 bytes).
    Removing pwm.o(i.PWMGenFaultConfigure), (18 bytes).
    Removing pwm.o(i.PWMGenFaultStatus), (18 bytes).
    Removing pwm.o(i.PWMGenFaultTriggerGet), (12 bytes).
    Removing pwm.o(i.PWMGenFaultTriggerSet), (12 bytes).
    Removing pwm.o(i.PWMGenIntClear), (6 bytes).
    Removing pwm.o(i.PWMGenIntRegister), (34 bytes).
    Removing pwm.o(i.PWMGenIntStatus), (12 bytes).
    Removing pwm.o(i.PWMGenIntTrigDisable), (10 bytes).
    Removing pwm.o(i.PWMGenIntTrigEnable), (10 bytes).
    Removing pwm.o(i.PWMGenIntUnregister), (32 bytes).
    Removing pwm.o(i.PWMGenPeriodGet), (18 bytes).
    Removing pwm.o(i.PWMIntDisable), (10 bytes).
    Removing pwm.o(i.PWMIntEnable), (8 bytes).
    Removing pwm.o(i.PWMIntStatus), (10 bytes).
    Removing pwm.o(i.PWMOutputFault), (16 bytes).
    Removing pwm.o(i.PWMOutputFaultLevel), (16 bytes).
    Removing pwm.o(i.PWMOutputInvert), (16 bytes).
    Removing pwm.o(i.PWMPulseWidthGet), (32 bytes).
    Removing pwm.o(i.PWMSyncTimeBase), (4 bytes).
    Removing pwm.o(i.PWMSyncUpdate), (4 bytes).
    Removing ssi.o(i.SSIDMADisable), (10 bytes).
    Removing ssi.o(i.SSIDMAEnable), (8 bytes).
    Removing ssi.o(i.SSIDataGet), (14 bytes).
    Removing ssi.o(i.SSIDataPutNonBlocking), (16 bytes).
    Removing ssi.o(i.SSIIntClear), (4 bytes).
    Removing ssi.o(i.SSIIntDisable), (10 bytes).
    Removing ssi.o(i.SSIIntEnable), (8 bytes).
    Removing ssi.o(i.SSIIntRegister), (32 bytes).
    Removing ssi.o(i.SSIIntStatus), (10 bytes).
    Removing ssi.o(i.SSIIntUnregister), (32 bytes).
    Removing sysctl.o(i.SysCtlADCSpeedGet), (16 bytes).
    Removing sysctl.o(i.SysCtlBrownOutConfigSet), (16 bytes).
    Removing sysctl.o(i.SysCtlClkVerificationClear), (20 bytes).
    Removing sysctl.o(i.SysCtlDeepSleep), (32 bytes).
    Removing sysctl.o(i.SysCtlFlashSizeGet), (20 bytes).
    Removing sysctl.o(i.SysCtlGPIOAHBDisable), (20 bytes).
    Removing sysctl.o(i.SysCtlGPIOAHBEnable), (16 bytes).
    Removing sysctl.o(i.SysCtlI2SMClkSet), (216 bytes).
    Removing sysctl.o(i.SysCtlIOSCVerificationSet), (24 bytes).
    Removing sysctl.o(i.SysCtlIntClear), (12 bytes).
    Removing sysctl.o(i.SysCtlIntDisable), (16 bytes).
    Removing sysctl.o(i.SysCtlIntEnable), (16 bytes).
    Removing sysctl.o(i.SysCtlIntRegister), (20 bytes).
    Removing sysctl.o(i.SysCtlIntStatus), (16 bytes).
    Removing sysctl.o(i.SysCtlIntUnregister), (18 bytes).
    Removing sysctl.o(i.SysCtlLDOConfigSet), (12 bytes).
    Removing sysctl.o(i.SysCtlLDOGet), (12 bytes).
    Removing sysctl.o(i.SysCtlMOSCVerificationSet), (24 bytes).
    Removing sysctl.o(i.SysCtlPLLVerificationSet), (24 bytes).
    Removing sysctl.o(i.SysCtlPWMClockGet), (24 bytes).
    Removing sysctl.o(i.SysCtlPeripheralClockGating), (24 bytes).
    Removing sysctl.o(i.SysCtlPeripheralDeepSleepDisable), (32 bytes).
    Removing sysctl.o(i.SysCtlPeripheralDeepSleepEnable), (32 bytes).
    Removing sysctl.o(i.SysCtlPeripheralDisable), (32 bytes).
    Removing sysctl.o(i.SysCtlPeripheralPresent), (64 bytes).
    Removing sysctl.o(i.SysCtlPeripheralReset), (56 bytes).
    Removing sysctl.o(i.SysCtlPeripheralSleepDisable), (32 bytes).
    Removing sysctl.o(i.SysCtlPeripheralSleepEnable), (32 bytes).
    Removing sysctl.o(i.SysCtlPinPresent), (16 bytes).
    Removing sysctl.o(i.SysCtlReset), (16 bytes).
    Removing sysctl.o(i.SysCtlResetCauseClear), (16 bytes).
    Removing sysctl.o(i.SysCtlResetCauseGet), (12 bytes).
    Removing sysctl.o(i.SysCtlSRAMSizeGet), (20 bytes).
    Removing sysctl.o(i.SysCtlSleep), (4 bytes).
    Removing sysctl.o(i.SysCtlUSBPLLDisable), (16 bytes).
    Removing sysctl.o(i.SysCtlUSBPLLEnable), (16 bytes).
    Removing systick.o(i.SysTickDisable), (14 bytes).
    Removing systick.o(i.SysTickIntDisable), (14 bytes).
    Removing systick.o(i.SysTickIntRegister), (24 bytes).
    Removing systick.o(i.SysTickIntUnregister), (18 bytes).
    Removing systick.o(i.SysTickPeriodGet), (10 bytes).
    Removing systick.o(i.SysTickValueGet), (8 bytes).

193 unused section(s) (total 56635 bytes) removed from the image.

==============================================================================

Image Symbol Table

    Local Symbols

    Symbol Name                              Value     Ov Type        Size  Object(Section)

    RESET                                    0x00000000   Section      256  startup_rvmdk.o(RESET)
    ../../angel/boardlib.s                   0x00000000   Number         0  boardshut.o ABSOLUTE
    ../../angel/boardlib.s                   0x00000000   Number         0  boardinit1.o ABSOLUTE
    ../../angel/boardlib.s                   0x00000000   Number         0  boardinit2.o ABSOLUTE
    ../../angel/boardlib.s                   0x00000000   Number         0  boardinit3.o ABSOLUTE
    ../../angel/handlers.s                   0x00000000   Number         0  __scatter_zi.o ABSOLUTE
    ../../angel/handlers.s                   0x00000000   Number         0  __scatter_copy.o ABSOLUTE
    ../../angel/kernel.s                     0x00000000   Number         0  rtexit.o ABSOLUTE
    ../../angel/kernel.s                     0x00000000   Number         0  rtentry.o ABSOLUTE
    ../../angel/kernel.s                     0x00000000   Number         0  rtexit2.o ABSOLUTE
    ../../angel/kernel.s                     0x00000000   Number         0  rtentry2.o ABSOLUTE
    ../../angel/kernel.s                     0x00000000   Number         0  rtentry4.o ABSOLUTE
    ../../angel/rt.s                         0x00000000   Number         0  rt_fp_status_addr_intlibspace.o ABSOLUTE
    ../../angel/rt.s                         0x00000000   Number         0  rt_fp_status_addr.o ABSOLUTE
    ../../angel/rt.s                         0x00000000   Number         0  rt_raise.o ABSOLUTE
    ../../angel/scatter.s                    0x00000000   Number         0  __scatter.o ABSOLUTE
    ../../angel/startup.s                    0x00000000   Number         0  __main.o ABSOLUTE
    ../../angel/sys.s                        0x00000000   Number         0  indicate_semi.o ABSOLUTE
    ../../angel/sys.s                        0x00000000   Number         0  libspace.o ABSOLUTE
    ../../angel/sys.s                        0x00000000   Number         0  sys_stackheap_outer.o ABSOLUTE
    ../../angel/sys.s                        0x00000000   Number         0  use_no_semi.o ABSOLUTE
    ../../angel/sysapp.c                     0x00000000   Number         0  sys_exit.o ABSOLUTE
    ../../angel/sysapp.c                     0x00000000   Number         0  sys_command.o ABSOLUTE
    ../../angel/sysapp.c                     0x00000000   Number         0  sys_wrch.o ABSOLUTE
    ../../armsys.c                           0x00000000   Number         0  _get_argv_nomalloc.o ABSOLUTE
    ../../armsys.c                           0x00000000   Number         0  argv_veneer.o ABSOLUTE
    ../../armsys.c                           0x00000000   Number         0  argv_veneer.o ABSOLUTE
    ../../armsys.c                           0x00000000   Number         0  no_argv.o ABSOLUTE
    ../../fpinit.s                           0x00000000   Number         0  fpinit.o ABSOLUTE
    ../../heapalloc.c                        0x00000000   Number         0  hrguard.o ABSOLUTE
    ../../heapaux.c                          0x00000000   Number         0  heapauxi.o ABSOLUTE
    ../../libinit.s                          0x00000000   Number         0  libshutdown2.o ABSOLUTE
    ../../libinit.s                          0x00000000   Number         0  libinit2.o ABSOLUTE
    ../../libinit.s                          0x00000000   Number         0  libinit.o ABSOLUTE
    ../../libinit.s                          0x00000000   Number         0  libshutdown.o ABSOLUTE
    ../../memcpset.s                         0x00000000   Number         0  rt_memcpy_v6.o ABSOLUTE
    ../../memcpset.s                         0x00000000   Number         0  rt_memclr_w.o ABSOLUTE
    ../../memcpset.s                         0x00000000   Number         0  rt_memclr.o ABSOLUTE
    ../../memcpset.s                         0x00000000   Number         0  rt_memcpy_w.o ABSOLUTE
    ../../misc.s                             0x00000000   Number         0  printf_stubs.o ABSOLUTE
    ../../printf.c                           0x00000000   Number         0  __printf_nopercent.o ABSOLUTE
    ../../printf.c                           0x00000000   Number         0  _sputc.o ABSOLUTE
    ../../printf.c                           0x00000000   Number         0  _printf_intcommon.o ABSOLUTE
    ../../printf.c                           0x00000000   Number         0  _printf_dec.o ABSOLUTE
    ../../printf.c                           0x00000000   Number         0  _printf_pad.o ABSOLUTE
    ../../printf.c                           0x00000000   Number         0  __printf.o ABSOLUTE
    ../../printf.c                           0x00000000   Number         0  noretval__2sprintf.o ABSOLUTE
    ../../printf.c                           0x00000000   Number         0  __2sprintf.o ABSOLUTE
    ../../printf.c                           0x00000000   Number         0  _printf_char_common.o ABSOLUTE
    ../../printf.c                           0x00000000   Number         0  __printf_flags_ss_wp.o ABSOLUTE
    ../../printf.c                           0x00000000   Number         0  __printf_ss_wp.o ABSOLUTE
    ../../printf.c                           0x00000000   Number         0  __printf_flags_wp.o ABSOLUTE
    ../../printf.c                           0x00000000   Number         0  __printf_wp.o ABSOLUTE
    ../../printf.c                           0x00000000   Number         0  __printf_flags_ss.o ABSOLUTE
    ../../printf.c                           0x00000000   Number         0  __printf_ss.o ABSOLUTE
    ../../printf.c                           0x00000000   Number         0  __printf_flags.o ABSOLUTE
    ../../printf_percent.s                   0x00000000   Number         0  _printf_percent_end.o ABSOLUTE
    ../../printf_percent.s                   0x00000000   Number         0  _printf_percent.o ABSOLUTE
    ../../printf_percent.s                   0x00000000   Number         0  _printf_d.o ABSOLUTE
    ../../signal.c                           0x00000000   Number         0  defsig_pvfn_inner.o ABSOLUTE
    ../../signal.c                           0x00000000   Number         0  defsig_rtmem_formal.o ABSOLUTE
    ../../signal.c                           0x00000000   Number         0  defsig_cppl_inner.o ABSOLUTE
    ../../signal.c                           0x00000000   Number         0  defsig_segv_inner.o ABSOLUTE
    ../../signal.c                           0x00000000   Number         0  defsig_exit.o ABSOLUTE
    ../../signal.c                           0x00000000   Number         0  defsig_rtmem_inner.o ABSOLUTE
    ../../signal.c                           0x00000000   Number         0  __raise.o ABSOLUTE
    ../../signal.c                           0x00000000   Number         0  defsig_general.o ABSOLUTE
    ../../signal.c                           0x00000000   Number         0  defsig_other.o ABSOLUTE
    ../../signal.c                           0x00000000   Number         0  defsig_abrt_inner.o ABSOLUTE
    ../../signal.c                           0x00000000   Number         0  defsig_fpe_inner.o ABSOLUTE
    ../../signal.c                           0x00000000   Number         0  defsig_rtred_inner.o ABSOLUTE
    ../../signal.c                           0x00000000   Number         0  defsig_rtmem_outer.o ABSOLUTE
    ../../signal.c                           0x00000000   Number         0  defsig_stak_inner.o ABSOLUTE
    ../../signal.s                           0x00000000   Number         0  defsig.o ABSOLUTE
    ../../stdlib.c                           0x00000000   Number         0  exit.o ABSOLUTE
    ..\..\Source\App\Src\main.c              0x00000000   Number         0  main.o ABSOLUTE
    ..\..\Source\Hal\Evm\Src\Target.c        0x00000000   Number         0  target.o ABSOLUTE
    ..\..\Source\Hal\Oled\Src\rit128x96x4.c  0x00000000   Number         0  rit128x96x4.o ABSOLUTE
    ..\..\Source\Hal\Startup_rvmdk.s         0x00000000   Number         0  startup_rvmdk.o ABSOLUTE
    ..\..\Source\lwip-1.3.2\arch\sys_arch.c  0x00000000   Number         0  sys_arch.o ABSOLUTE
    ..\..\Source\lwip-1.3.2\ports\stellaris\perf.c 0x00000000   Number         0  perf.o ABSOLUTE
    ..\..\Source\lwip-1.3.2\src\api\api_lib.c 0x00000000   Number         0  api_lib.o ABSOLUTE
    ..\..\Source\lwip-1.3.2\src\api\api_msg.c 0x00000000   Number         0  api_msg.o ABSOLUTE
    ..\..\Source\lwip-1.3.2\src\api\err.c    0x00000000   Number         0  err.o ABSOLUTE
    ..\..\Source\lwip-1.3.2\src\api\netbuf.c 0x00000000   Number         0  netbuf.o ABSOLUTE
    ..\..\Source\lwip-1.3.2\src\api\netdb.c  0x00000000   Number         0  netdb.o ABSOLUTE
    ..\..\Source\lwip-1.3.2\src\api\netifapi.c 0x00000000   Number         0  netifapi.o ABSOLUTE
    ..\..\Source\lwip-1.3.2\src\api\sockets.c 0x00000000   Number         0  sockets.o ABSOLUTE
    ..\..\Source\lwip-1.3.2\src\api\tcpip.c  0x00000000   Number         0  tcpip.o ABSOLUTE
    ..\..\Source\lwip-1.3.2\src\core\dhcp.c  0x00000000   Number         0  dhcp.o ABSOLUTE
    ..\..\Source\lwip-1.3.2\src\core\dns.c   0x00000000   Number         0  dns.o ABSOLUTE
    ..\..\Source\lwip-1.3.2\src\core\init.c  0x00000000   Number         0  init.o ABSOLUTE
    ..\..\Source\lwip-1.3.2\src\core\ipv4\autoip.c 0x00000000   Number         0  autoip.o ABSOLUTE
    ..\..\Source\lwip-1.3.2\src\core\ipv4\icmp.c 0x00000000   Number         0  icmp.o ABSOLUTE
    ..\..\Source\lwip-1.3.2\src\core\ipv4\igmp.c 0x00000000   Number         0  igmp.o ABSOLUTE
    ..\..\Source\lwip-1.3.2\src\core\ipv4\inet.c 0x00000000   Number         0  inet.o ABSOLUTE
    ..\..\Source\lwip-1.3.2\src\core\ipv4\inet_chksum.c 0x00000000   Number         0  inet_chksum.o ABSOLUTE
    ..\..\Source\lwip-1.3.2\src\core\ipv4\ip.c 0x00000000   Number         0  ip.o ABSOLUTE
    ..\..\Source\lwip-1.3.2\src\core\ipv4\ip_addr.c 0x00000000   Number         0  ip_addr.o ABSOLUTE
    ..\..\Source\lwip-1.3.2\src\core\ipv4\ip_frag.c 0x00000000   Number         0  ip_frag.o ABSOLUTE
    ..\..\Source\lwip-1.3.2\src\core\mem.c   0x00000000   Number         0  mem.o ABSOLUTE
    ..\..\Source\lwip-1.3.2\src\core\memp.c  0x00000000   Number         0  memp.o ABSOLUTE
    ..\..\Source\lwip-1.3.2\src\core\netif.c 0x00000000   Number         0  netif.o ABSOLUTE
    ..\..\Source\lwip-1.3.2\src\core\pbuf.c  0x00000000   Number         0  pbuf.o ABSOLUTE
    ..\..\Source\lwip-1.3.2\src\core\raw.c   0x00000000   Number         0  raw.o ABSOLUTE
    ..\..\Source\lwip-1.3.2\src\core\stats.c 0x00000000   Number         0  stats.o ABSOLUTE
    ..\..\Source\lwip-1.3.2\src\core\sys.c   0x00000000   Number         0  sys.o ABSOLUTE
    ..\..\Source\lwip-1.3.2\src\core\tcp.c   0x00000000   Number         0  tcp.o ABSOLUTE
    ..\..\Source\lwip-1.3.2\src\core\tcp_in.c 0x00000000   Number         0  tcp_in.o ABSOLUTE
    ..\..\Source\lwip-1.3.2\src\core\tcp_out.c 0x00000000   Number         0  tcp_out.o ABSOLUTE
    ..\..\Source\lwip-1.3.2\src\core\udp.c   0x00000000   Number         0  udp.o ABSOLUTE
    ..\..\Source\lwip-1.3.2\src\netif\etharp.c 0x00000000   Number         0  etharp.o ABSOLUTE
    ..\..\Source\lwip-1.3.2\src\netif\loopif.c 0x00000000   Number         0  loopif.o ABSOLUTE
    ..\..\Source\uCOS-II\Ports\Src\os_cpu_c.c 0x00000000   Number         0  os_cpu_c.o ABSOLUTE
    ..\..\Source\uCOS-II\Ports\os_cpu_a.asm  0x00000000   Number         0  os_cpu_a.o ABSOLUTE
    ..\..\Source\uCOS-II\Source\Src\OS_CORE.C 0x00000000   Number         0  os_core.o ABSOLUTE
    ..\..\Source\uCOS-II\Source\Src\OS_DBG.C 0x00000000   Number         0  os_dbg.o ABSOLUTE
    ..\..\Source\uCOS-II\Source\Src\OS_FLAG.C 0x00000000   Number         0  os_flag.o ABSOLUTE
    ..\..\Source\uCOS-II\Source\Src\OS_MBOX.C 0x00000000   Number         0  os_mbox.o ABSOLUTE
    ..\..\Source\uCOS-II\Source\Src\OS_MEM.C 0x00000000   Number         0  os_mem.o ABSOLUTE
    ..\..\Source\uCOS-II\Source\Src\OS_MUTEX.C 0x00000000   Number         0  os_mutex.o ABSOLUTE
    ..\..\Source\uCOS-II\Source\Src\OS_Q.C   0x00000000   Number         0  os_q.o ABSOLUTE
    ..\..\Source\uCOS-II\Source\Src\OS_SEM.C 0x00000000   Number         0  os_sem.o ABSOLUTE
    ..\..\Source\uCOS-II\Source\Src\OS_TASK.C 0x00000000   Number         0  os_task.o ABSOLUTE
    ..\..\Source\uCOS-II\Source\Src\OS_TIME.C 0x00000000   Number         0  os_time.o ABSOLUTE
    adc.c                                    0x00000000   Number         0  adc.o ABSOLUTE
    cpu.c                                    0x00000000   Number         0  cpu.o ABSOLUTE
    cpu.c                                    0x00000000   Number         0  cpu.o ABSOLUTE
    dc.s                                     0x00000000   Number         0  dc.o ABSOLUTE
    gpio.c                                   0x00000000   Number         0  gpio.o ABSOLUTE
    interrupt.c                              0x00000000   Number         0  interrupt.o ABSOLUTE
    pwm.c                                    0x00000000   Number         0  pwm.o ABSOLUTE
    ssi.c                                    0x00000000   Number         0  ssi.o ABSOLUTE
    sysctl.c                                 0x00000000   Number         0  sysctl.o ABSOLUTE
    sysctl.c                                 0x00000000   Number         0  sysctl.o ABSOLUTE
    systick.c                                0x00000000   Number         0  systick.o ABSOLUTE
    NmiSR                                    0x000000f5   Thumb Code     0  startup_rvmdk.o(RESET)
    IntDefaultHandler                        0x000000f9   Thumb Code     0  startup_rvmdk.o(RESET)
    !!!main                                  0x00000100   Section        8  __main.o(!!!main)
    !!!scatter                               0x00000108   Section       52  __scatter.o(!!!scatter)
    !!handler_copy                           0x0000013c   Section       26  __scatter_copy.o(!!handler_copy)
    !!handler_zi                             0x00000158   Section       28  __scatter_zi.o(!!handler_zi)
    .ARM.Collect$$_printf_percent$$00000000  0x00000174   Section        0  _printf_percent.o(.ARM.Collect$$_printf_percent$$00000000)
    .ARM.Collect$$_printf_percent$$00000009  0x00000174   Section        6  _printf_d.o(.ARM.Collect$$_printf_percent$$00000009)
    .ARM.Collect$$_printf_percent$$00000017  0x0000017a   Section        4  _printf_percent_end.o(.ARM.Collect$$_printf_percent$$00000017)
    .ARM.Collect$$libinit$$00000000          0x0000017e   Section        6  libinit.o(.ARM.Collect$$libinit$$00000000)
    .ARM.Collect$$libinit$$00000006          0x00000184   Section        0  libinit2.o(.ARM.Collect$$libinit$$00000006)
    .ARM.Collect$$libinit$$00000008          0x00000184   Section        0  libinit2.o(.ARM.Collect$$libinit$$00000008)
    .ARM.Collect$$libinit$$0000000A          0x00000184   Section        0  libinit2.o(.ARM.Collect$$libinit$$0000000A)
    .ARM.Collect$$libinit$$0000000D          0x00000184   Section        0  libinit2.o(.ARM.Collect$$libinit$$0000000D)
    .ARM.Collect$$libinit$$0000000F          0x00000184   Section        0  libinit2.o(.ARM.Collect$$libinit$$0000000F)
    .ARM.Collect$$libinit$$00000011          0x00000184   Section        0  libinit2.o(.ARM.Collect$$libinit$$00000011)
    .ARM.Collect$$libinit$$00000013          0x00000184   Section        0  libinit2.o(.ARM.Collect$$libinit$$00000013)
    .ARM.Collect$$libinit$$00000015          0x00000184   Section        0  libinit2.o(.ARM.Collect$$libinit$$00000015)
    .ARM.Collect$$libinit$$00000017          0x00000184   Section        0  libinit2.o(.ARM.Collect$$libinit$$00000017)
    .ARM.Collect$$libinit$$00000019          0x00000184   Section        0  libinit2.o(.ARM.Collect$$libinit$$00000019)
    .ARM.Collect$$libinit$$0000001B          0x00000184   Section        0  libinit2.o(.ARM.Collect$$libinit$$0000001B)
    .ARM.Collect$$libinit$$0000001D          0x00000184   Section        0  libinit2.o(.ARM.Collect$$libinit$$0000001D)
    .ARM.Collect$$libinit$$0000001F          0x00000184   Section        0  libinit2.o(.ARM.Collect$$libinit$$0000001F)
    .ARM.Collect$$libinit$$00000021          0x00000184   Section        0  libinit2.o(.ARM.Collect$$libinit$$00000021)
    .ARM.Collect$$libinit$$00000028          0x00000184   Section        0  libinit2.o(.ARM.Collect$$libinit$$00000028)
    .ARM.Collect$$libinit$$0000002A          0x00000184   Section        0  libinit2.o(.ARM.Collect$$libinit$$0000002A)
    .ARM.Collect$$libinit$$0000002C          0x00000184   Section        0  libinit2.o(.ARM.Collect$$libinit$$0000002C)
    .ARM.Collect$$libinit$$0000002E          0x00000184   Section        0  libinit2.o(.ARM.Collect$$libinit$$0000002E)
    .ARM.Collect$$libinit$$0000002F          0x00000184   Section        2  libinit2.o(.ARM.Collect$$libinit$$0000002F)
    .ARM.Collect$$libshutdown$$00000000      0x00000186   Section        2  libshutdown.o(.ARM.Collect$$libshutdown$$00000000)
    .ARM.Collect$$libshutdown$$00000003      0x00000188   Section        0  libshutdown2.o(.ARM.Collect$$libshutdown$$00000003)
    .ARM.Collect$$libshutdown$$00000006      0x00000188   Section        0  libshutdown2.o(.ARM.Collect$$libshutdown$$00000006)
    .ARM.Collect$$libshutdown$$00000009      0x00000188   Section        0  libshutdown2.o(.ARM.Collect$$libshutdown$$00000009)
    .ARM.Collect$$libshutdown$$0000000B      0x00000188   Section        0  libshutdown2.o(.ARM.Collect$$libshutdown$$0000000B)
    .ARM.Collect$$libshutdown$$0000000E      0x00000188   Section        0  libshutdown2.o(.ARM.Collect$$libshutdown$$0000000E)
    .ARM.Collect$$libshutdown$$0000000F      0x00000188   Section        2  libshutdown2.o(.ARM.Collect$$libshutdown$$0000000F)
    .ARM.Collect$$rtentry$$00000000          0x0000018a   Section        0  rtentry.o(.ARM.Collect$$rtentry$$00000000)
    .ARM.Collect$$rtentry$$00000002          0x0000018a   Section        0  rtentry2.o(.ARM.Collect$$rtentry$$00000002)
    .ARM.Collect$$rtentry$$00000004          0x0000018a   Section        6  rtentry4.o(.ARM.Collect$$rtentry$$00000004)
    .ARM.Collect$$rtentry$$00000009          0x00000190   Section        0  rtentry2.o(.ARM.Collect$$rtentry$$00000009)
    .ARM.Collect$$rtentry$$0000000A          0x00000190   Section        4  rtentry2.o(.ARM.Collect$$rtentry$$0000000A)
    .ARM.Collect$$rtentry$$0000000C          0x00000194   Section        0  rtentry2.o(.ARM.Collect$$rtentry$$0000000C)
    .ARM.Collect$$rtentry$$0000000D          0x00000194   Section        8  rtentry2.o(.ARM.Collect$$rtentry$$0000000D)
    .ARM.Collect$$rtexit$$00000000           0x0000019c   Section        2  rtexit.o(.ARM.Collect$$rtexit$$00000000)
    .ARM.Collect$$rtexit$$00000002           0x0000019e   Section        0  rtexit2.o(.ARM.Collect$$rtexit$$00000002)
    .ARM.Collect$$rtexit$$00000003           0x0000019e   Section        4  rtexit2.o(.ARM.Collect$$rtexit$$00000003)
    .ARM.Collect$$rtexit$$00000004           0x000001a2   Section        6  rtexit2.o(.ARM.Collect$$rtexit$$00000004)
    .emb_text                                0x000001a8   Section        6  sysctl.o(.emb_text)
    .emb_text                                0x000001b0   Section       38  cpu.o(.emb_text)
    .text                                    0x000001d8   Section        0  main.o(.text)
    taskRTC                                  0x000001d9   Thumb Code   104  main.o(.text)
    taskTemp                                 0x00000241   Thumb Code    42  main.o(.text)
    taskDisp                                 0x0000026b   Thumb Code   140  main.o(.text)
    taskLed                                  0x000002f7   Thumb Code    22  main.o(.text)
    taskStart                                0x0000030d   Thumb Code    66  main.o(.text)
    taskUart                                 0x00000369   Thumb Code     4  main.o(.text)
    taskKey                                  0x0000036d   Thumb Code     4  main.o(.text)
    taskBuz                                  0x00000371   Thumb Code    46  main.o(.text)
    .text                                    0x00000420   Section        0  target.o(.text)
    InitTick                                 0x00000681   Thumb Code    30  target.o(.text)
    .text                                    0x000007bc   Section        0  rit128x96x4.o(.text)
    RITWriteCommand                          0x000007bd   Thumb Code   130  rit128x96x4.o(.text)
    RITWriteData                             0x0000083f   Thumb Code   130  rit128x96x4.o(.text)
    .text                                    0x00000c34   Section       28  startup_rvmdk.o(.text)
    .text                                    0x00000c50   Section        0  os_core.o(.text)
    OS_InitTaskStat                          0x00000e47   Thumb Code    42  os_core.o(.text)
    OS_InitTaskIdle                          0x00000e8f   Thumb Code    42  os_core.o(.text)
    OS_InitEventList                         0x00000ecf   Thumb Code    90  os_core.o(.text)
    OS_InitTCBList                           0x00000f29   Thumb Code   112  os_core.o(.text)
    OS_InitRdyList                           0x00000f99   Thumb Code    54  os_core.o(.text)
    OS_InitMisc                              0x00000fcf   Thumb Code    46  os_core.o(.text)
    .text                                    0x000016b8   Section        0  os_flag.o(.text)
    OS_FlagTaskRdy                           0x00001851   Thumb Code   100  os_flag.o(.text)
    OS_FlagBlock                             0x00001a71   Thumb Code   172  os_flag.o(.text)
    .text                                    0x00001f60   Section        0  os_mem.o(.text)
    .text                                    0x000021d0   Section        0  os_q.o(.text)
    .text                                    0x00002770   Section        0  os_task.o(.text)
    .text                                    0x00002f30   Section        0  os_time.o(.text)
    .text                                    0x000030f8   Section        0  os_dbg.o(.text)
    .text                                    0x0000320c   Section        0  os_cpu_c.o(.text)
    .text                                    0x000032d8   Section        0  noretval__2sprintf.o(.text)
    .text                                    0x00003300   Section        0  _printf_pad.o(.text)
    .text                                    0x00003354   Section        0  _printf_dec.o(.text)
    .text                                    0x000033cc   Section        0  __printf_flags_ss_wp.o(.text)
    .text                                    0x00003558   Section        0  heapauxi.o(.text)
    .text                                    0x0000355e   Section        0  _printf_intcommon.o(.text)
    .text                                    0x00003618   Section        0  _printf_char_common.o(.text)
    _printf_input_char                       0x00003619   Thumb Code    10  _printf_char_common.o(.text)
    .text                                    0x00003648   Section        0  _sputc.o(.text)
    .text                                    0x00003652   Section       74  sys_stackheap_outer.o(.text)
    .text                                    0x0000369c   Section        0  exit.o(.text)
    .text                                    0x000036a8   Section        8  libspace.o(.text)
    .text                                    0x000036b0   Section        8  rt_fp_status_addr_intlibspace.o(.text)
    .text                                    0x000036b8   Section        0  sys_exit.o(.text)
    .text                                    0x000036c4   Section        2  use_no_semi.o(.text)
    .text                                    0x000036c6   Section        0  indicate_semi.o(.text)
    UCOSII_ASM                               0x000036c8   Section      236  os_cpu_a.o(UCOSII_ASM)
    i.ADCIntClear                            0x000037b4   Section        0  adc.o(i.ADCIntClear)
    i.ADCIntEnable                           0x000037be   Section        0  adc.o(i.ADCIntEnable)
    i.ADCIntStatus                           0x000037ce   Section        0  adc.o(i.ADCIntStatus)
    i.ADCProcessorTrigger                    0x00003802   Section        0  adc.o(i.ADCProcessorTrigger)
    i.ADCSequenceConfigure                   0x0000381c   Section        0  adc.o(i.ADCSequenceConfigure)
    i.ADCSequenceDataGet                     0x0000384e   Section        0  adc.o(i.ADCSequenceDataGet)
    i.ADCSequenceDisable                     0x00003872   Section        0  adc.o(i.ADCSequenceDisable)
    i.ADCSequenceEnable                      0x00003882   Section        0  adc.o(i.ADCSequenceEnable)
    i.ADCSequenceStepConfigure               0x00003890   Section        0  adc.o(i.ADCSequenceStepConfigure)
    i.GPIODirModeSet                         0x000038fe   Section        0  gpio.o(i.GPIODirModeSet)
    i.GPIOPadConfigSet                       0x00003926   Section        0  gpio.o(i.GPIOPadConfigSet)
    i.GPIOPinRead                            0x000039d6   Section        0  gpio.o(i.GPIOPinRead)
    i.GPIOPinTypeGPIOOutput                  0x000039dc   Section        0  gpio.o(i.GPIOPinTypeGPIOOutput)
    i.GPIOPinTypeSSI                         0x000039f8   Section        0  gpio.o(i.GPIOPinTypeSSI)
    i.GPIOPinWrite                           0x00003a14   Section        0  gpio.o(i.GPIOPinWrite)
    i.IntEnable                              0x00003a1a   Section        0  interrupt.o(i.IntEnable)
    i.IntMasterEnable                        0x00003a82   Section        0  interrupt.o(i.IntMasterEnable)
    i.PWMGenConfigure                        0x00003a8c   Section        0  pwm.o(i.PWMGenConfigure)
    i.PWMGenEnable                           0x00003ab2   Section        0  pwm.o(i.PWMGenEnable)
    i.PWMGenPeriodSet                        0x00003abc   Section        0  pwm.o(i.PWMGenPeriodSet)
    i.PWMOutputState                         0x00003ace   Section        0  pwm.o(i.PWMOutputState)
    i.PWMPulseWidthSet                       0x00003ade   Section        0  pwm.o(i.PWMPulseWidthSet)
    i.SSIBusy                                0x00003afe   Section        0  ssi.o(i.SSIBusy)
    i.SSIConfigSetExpClk                     0x00003b06   Section        0  ssi.o(i.SSIConfigSetExpClk)
    i.SSIDataGetNonBlocking                  0x00003b52   Section        0  ssi.o(i.SSIDataGetNonBlocking)
    i.SSIDataPut                             0x00003b64   Section        0  ssi.o(i.SSIDataPut)
    i.SSIDisable                             0x00003b70   Section        0  ssi.o(i.SSIDisable)
    i.SSIEnable                              0x00003b7a   Section        0  ssi.o(i.SSIEnable)
    i.SysCtlADCSpeedSet                      0x00003b84   Section        0  sysctl.o(i.SysCtlADCSpeedSet)
    i.SysCtlClockGet                         0x00003ba4   Section        0  sysctl.o(i.SysCtlClockGet)
    i.SysCtlClockSet                         0x00003d88   Section        0  sysctl.o(i.SysCtlClockSet)
    i.SysCtlLDOSet                           0x00003ec0   Section        0  sysctl.o(i.SysCtlLDOSet)
    i.SysCtlPWMClockSet                      0x00003ecc   Section        0  sysctl.o(i.SysCtlPWMClockSet)
    i.SysCtlPeripheralEnable                 0x00003ee0   Section        0  sysctl.o(i.SysCtlPeripheralEnable)
    i.SysTickEnable                          0x00003f00   Section        0  systick.o(i.SysTickEnable)
    i.SysTickIntEnable                       0x00003f0e   Section        0  systick.o(i.SysTickIntEnable)
    i.SysTickPeriodSet                       0x00003f1c   Section        0  systick.o(i.SysTickPeriodSet)
    i._is_digit                              0x00003f26   Section        0  __printf_wp.o(i._is_digit)
    x$fpl$fpinit                             0x00003f34   Section       14  fpinit.o(x$fpl$fpinit)
    .constdata                               0x00003f42   Section      571  rit128x96x4.o(.constdata)
    g_pucRIT128x96x4VerticalInc              0x00003f42   Data           2  rit128x96x4.o(.constdata)
    g_pucRIT128x96x4HorizontalInc            0x00003f44   Data           2  rit128x96x4.o(.constdata)
    g_pucFont                                0x00003f46   Data         480  rit128x96x4.o(.constdata)
    g_pucRIT128x96x4Init                     0x00004126   Data          79  rit128x96x4.o(.constdata)
    pucCommand1                              0x00004175   Data           3  rit128x96x4.o(.constdata)
    pucCommand2                              0x00004178   Data           3  rit128x96x4.o(.constdata)
    pucCommand1                              0x0000417b   Data           2  rit128x96x4.o(.constdata)
    .constdata                               0x0000417d   Section      264  os_core.o(.constdata)
    .constdata                               0x00004288   Section       94  os_dbg.o(.constdata)
    .constdata                               0x000042e8   Section      156  sysctl.o(.constdata)
    g_pulDCRegs                              0x000042e8   Data          16  sysctl.o(.constdata)
    g_pulSRCRRegs                            0x000042f8   Data          12  sysctl.o(.constdata)
    g_pulRCGCRegs                            0x00004304   Data          12  sysctl.o(.constdata)
    g_pulSCGCRegs                            0x00004310   Data          12  sysctl.o(.constdata)
    g_pulDCGCRegs                            0x0000431c   Data          12  sysctl.o(.constdata)
    g_pulXtals                               0x00004328   Data          92  sysctl.o(.constdata)
    .constdata                               0x00004384   Section       17  __printf_flags_ss_wp.o(.constdata)
    maptable                                 0x00004384   Data          17  __printf_flags_ss_wp.o(.constdata)
    .data                                    0x20000000   Section        4  target.o(.data)
    .data                                    0x20000004   Section       12  rit128x96x4.o(.data)
    g_ulSSIFlags                             0x20000004   Data           4  rit128x96x4.o(.data)
    g_pucBuffer                              0x20000008   Data           8  rit128x96x4.o(.data)
    .data                                    0x20000010   Section       76  os_core.o(.data)
    .data                                    0x2000005c   Section        4  os_cpu_c.o(.data)
    .bss                                     0x20000060   Section     1600  main.o(.bss)
    GstkStart                                0x20000060   Data         200  main.o(.bss)
    Task_LedStk                              0x20000128   Data         200  main.o(.bss)
    Task_UartStk                             0x200001f0   Data         200  main.o(.bss)
    Task_KeyStk                              0x200002b8   Data         200  main.o(.bss)
    Task_DispStk                             0x20000380   Data         200  main.o(.bss)
    Task_TempStk                             0x20000448   Data         200  main.o(.bss)
    Task_RTCStk                              0x20000510   Data         200  main.o(.bss)
    Task_BuzStk                              0x200005d8   Data         200  main.o(.bss)
    .bss                                     0x200006a0   Section       44  target.o(.bss)
    .bss                                     0x200006cc   Section     4624  os_core.o(.bss)
    .bss                                     0x200018dc   Section       96  libspace.o(.bss)
    HEAP                                     0x20001940   Section      256  startup_rvmdk.o(HEAP)
    HeapMem                                  0x20001940   Data           0  startup_rvmdk.o(HEAP)
    STACK                                    0x20001a40   Section      512  startup_rvmdk.o(STACK)
    StackMem                                 0x20001a40   Data           0  startup_rvmdk.o(STACK)

    Global Symbols

    Symbol Name                              Value     Ov Type        Size  Object(Section)

    BuildAttributes$$THM_ISAv4$P$D$K$B$S$PE$A:L22UL41UL21$X:L11$S22US41US21$IEEE1$IW$USESV6$~STKCKD$USESV7$~SHL$OTIME$ROPI$EBA8$UX$STANDARDLIB$REQ8$PRES8$EABIv2 0x00000000   Number         0  anon$$obj.o ABSOLUTE
    __ARM_use_no_argv                        0x00000000   Number         0  main.o ABSOLUTE
    __Vectors                                0x00000000   Data           0  startup_rvmdk.o(RESET)
    _printf_flags                            0x00000000   Number         0  printf_stubs.o ABSOLUTE
    _printf_return_value                     0x00000000   Number         0  printf_stubs.o ABSOLUTE
    _printf_sizespec                         0x00000000   Number         0  printf_stubs.o ABSOLUTE
    _printf_widthprec                        0x00000000   Number         0  printf_stubs.o ABSOLUTE
    __ARM_exceptions_init                     - Undefined Weak Reference
    __alloca_initialize                       - Undefined Weak Reference
    __cpp_initialize__aeabi_                  - Undefined Weak Reference
    __cxa_finalize                            - Undefined Weak Reference
    __rt_locale                               - Undefined Weak Reference
    __sigvec_lookup                           - Undefined Weak Reference
    _atexit_init                              - Undefined Weak Reference
    _call_atexit_fns                          - Undefined Weak Reference
    _clock_init                               - Undefined Weak Reference
    _fp_trap_init                             - Undefined Weak Reference
    _fp_trap_shutdown                         - Undefined Weak Reference
    _get_lc_collate                           - Undefined Weak Reference
    _get_lc_ctype                             - Undefined Weak Reference
    _get_lc_monetary                          - Undefined Weak Reference
    _get_lc_numeric                           - Undefined Weak Reference
    _get_lc_time                              - Undefined Weak Reference
    _getenv_init                              - Undefined Weak Reference
    _handle_redirection                       - Undefined Weak Reference
    _init_alloc                               - Undefined Weak Reference
    _init_user_alloc                          - Undefined Weak Reference
    _initio                                   - Undefined Weak Reference
    _printf_truncate_signed                   - Undefined Weak Reference
    _printf_truncate_unsigned                 - Undefined Weak Reference
    _rand_init                                - Undefined Weak Reference
    _signal_finish                            - Undefined Weak Reference
    _signal_init                              - Undefined Weak Reference
    _terminate_alloc                          - Undefined Weak Reference
    _terminate_user_alloc                     - Undefined Weak Reference
    _terminateio                              - Undefined Weak Reference
    Reset_Handler                            0x000000f1   Thumb Code     0  startup_rvmdk.o(RESET)
    __main                                   0x00000101   Thumb Code     8  __main.o(!!!main)
    __scatterload                            0x00000109   Thumb Code     0  __scatter.o(!!!scatter)
    __scatterload_rt2                        0x00000109   Thumb Code    44  __scatter.o(!!!scatter)
    __scatterload_rt2_thumb_only             0x00000109   Thumb Code     0  __scatter.o(!!!scatter)
    __scatterload_null                       0x00000117   Thumb Code     0  __scatter.o(!!!scatter)
    __scatterload_copy                       0x0000013d   Thumb Code    26  __scatter_copy.o(!!handler_copy)
    __scatterload_zeroinit                   0x00000159   Thumb Code    28  __scatter_zi.o(!!handler_zi)
    _printf_d                                0x00000175   Thumb Code     0  _printf_d.o(.ARM.Collect$$_printf_percent$$00000009)
    _printf_percent                          0x00000175   Thumb Code     0  _printf_percent.o(.ARM.Collect$$_printf_percent$$00000000)
    _printf_percent_end                      0x0000017b   Thumb Code     0  _printf_percent_end.o(.ARM.Collect$$_printf_percent$$00000017)
    __rt_lib_init                            0x0000017f   Thumb Code     0  libinit.o(.ARM.Collect$$libinit$$00000000)
    __rt_lib_init_alloca_1                   0x00000185   Thumb Code     0  libinit2.o(.ARM.Collect$$libinit$$0000002A)
    __rt_lib_init_argv_1                     0x00000185   Thumb Code     0  libinit2.o(.ARM.Collect$$libinit$$00000028)
    __rt_lib_init_atexit_1                   0x00000185   Thumb Code     0  libinit2.o(.ARM.Collect$$libinit$$00000017)
    __rt_lib_init_clock_1                    0x00000185   Thumb Code     0  libinit2.o(.ARM.Collect$$libinit$$0000001D)
    __rt_lib_init_cpp_1                      0x00000185   Thumb Code     0  libinit2.o(.ARM.Collect$$libinit$$0000002E)
    __rt_lib_init_exceptions_1               0x00000185   Thumb Code     0  libinit2.o(.ARM.Collect$$libinit$$0000002C)
    __rt_lib_init_fp_trap_1                  0x00000185   Thumb Code     0  libinit2.o(.ARM.Collect$$libinit$$0000001B)
    __rt_lib_init_getenv_1                   0x00000185   Thumb Code     0  libinit2.o(.ARM.Collect$$libinit$$0000001F)
    __rt_lib_init_heap_1                     0x00000185   Thumb Code     0  libinit2.o(.ARM.Collect$$libinit$$00000006)
    __rt_lib_init_lc_collate_1               0x00000185   Thumb Code     0  libinit2.o(.ARM.Collect$$libinit$$0000000D)
    __rt_lib_init_lc_ctype_1                 0x00000185   Thumb Code     0  libinit2.o(.ARM.Collect$$libinit$$0000000F)
    __rt_lib_init_lc_monetary_1              0x00000185   Thumb Code     0  libinit2.o(.ARM.Collect$$libinit$$00000011)
    __rt_lib_init_lc_numeric_1               0x00000185   Thumb Code     0  libinit2.o(.ARM.Collect$$libinit$$00000013)
    __rt_lib_init_lc_time_1                  0x00000185   Thumb Code     0  libinit2.o(.ARM.Collect$$libinit$$00000015)
    __rt_lib_init_rand_1                     0x00000185   Thumb Code     0  libinit2.o(.ARM.Collect$$libinit$$0000000A)
    __rt_lib_init_return                     0x00000185   Thumb Code     0  libinit2.o(.ARM.Collect$$libinit$$0000002F)
    __rt_lib_init_signal_1                   0x00000185   Thumb Code     0  libinit2.o(.ARM.Collect$$libinit$$00000019)
    __rt_lib_init_stdio_1                    0x00000185   Thumb Code     0  libinit2.o(.ARM.Collect$$libinit$$00000021)
    __rt_lib_init_user_alloc_1               0x00000185   Thumb Code     0  libinit2.o(.ARM.Collect$$libinit$$00000008)
    __rt_lib_shutdown                        0x00000187   Thumb Code     0  libshutdown.o(.ARM.Collect$$libshutdown$$00000000)
    __rt_lib_shutdown_fp_trap_1              0x00000189   Thumb Code     0  libshutdown2.o(.ARM.Collect$$libshutdown$$00000006)
    __rt_lib_shutdown_heap_1                 0x00000189   Thumb Code     0  libshutdown2.o(.ARM.Collect$$libshutdown$$0000000E)
    __rt_lib_shutdown_return                 0x00000189   Thumb Code     0  libshutdown2.o(.ARM.Collect$$libshutdown$$0000000F)
    __rt_lib_shutdown_signal_1               0x00000189   Thumb Code     0  libshutdown2.o(.ARM.Collect$$libshutdown$$00000009)
    __rt_lib_shutdown_stdio_1                0x00000189   Thumb Code     0  libshutdown2.o(.ARM.Collect$$libshutdown$$00000003)
    __rt_lib_shutdown_user_alloc_1           0x00000189   Thumb Code     0  libshutdown2.o(.ARM.Collect$$libshutdown$$0000000B)
    __rt_entry                               0x0000018b   Thumb Code     0  rtentry.o(.ARM.Collect$$rtentry$$00000000)
    __rt_entry_presh_1                       0x0000018b   Thumb Code     0  rtentry2.o(.ARM.Collect$$rtentry$$00000002)
    __rt_entry_sh                            0x0000018b   Thumb Code     0  rtentry4.o(.ARM.Collect$$rtentry$$00000004)
    __rt_entry_li                            0x00000191   Thumb Code     0  rtentry2.o(.ARM.Collect$$rtentry$$0000000A)
    __rt_entry_postsh_1                      0x00000191   Thumb Code     0  rtentry2.o(.ARM.Collect$$rtentry$$00000009)
    __rt_entry_main                          0x00000195   Thumb Code     0  rtentry2.o(.ARM.Collect$$rtentry$$0000000D)
    __rt_entry_postli_1                      0x00000195   Thumb Code     0  rtentry2.o(.ARM.Collect$$rtentry$$0000000C)
    __rt_exit                                0x0000019d   Thumb Code     0  rtexit.o(.ARM.Collect$$rtexit$$00000000)
    __rt_exit_ls                             0x0000019f   Thumb Code     0  rtexit2.o(.ARM.Collect$$rtexit$$00000003)
    __rt_exit_prels_1                        0x0000019f   Thumb Code     0  rtexit2.o(.ARM.Collect$$rtexit$$00000002)
    __rt_exit_exit                           0x000001a3   Thumb Code     0  rtexit2.o(.ARM.Collect$$rtexit$$00000004)
    SysCtlDelay                              0x000001a9   Thumb Code     6  sysctl.o(.emb_text)
    CPUcpsid                                 0x000001b1   Thumb Code     8  cpu.o(.emb_text)
    CPUprimask                               0x000001b9   Thumb Code     6  cpu.o(.emb_text)
    CPUcpsie                                 0x000001bf   Thumb Code     8  cpu.o(.emb_text)
    CPUwfi                                   0x000001c7   Thumb Code     4  cpu.o(.emb_text)
    CPUbasepriSet                            0x000001cb   Thumb Code     6  cpu.o(.emb_text)
    CPUbasepriGet                            0x000001d1   Thumb Code     6  cpu.o(.emb_text)
    main                                     0x0000034f   Thumb Code    26  main.o(.text)
    LedInit                                  0x00000421   Thumb Code    32  target.o(.text)
    LedOn                                    0x00000441   Thumb Code    70  target.o(.text)
    LedOff                                   0x00000487   Thumb Code    70  target.o(.text)
    LedToggle                                0x000004cd   Thumb Code    98  target.o(.text)
    BuzOff                                   0x0000052f   Thumb Code    14  target.o(.text)
    BuzInit                                  0x0000053d   Thumb Code    38  target.o(.text)
    BuzOn                                    0x00000563   Thumb Code    14  target.o(.text)
    BuzToggle                                0x00000571   Thumb Code    26  target.o(.text)
    SetPWMFrequency                          0x0000058b   Thumb Code    66  target.o(.text)
    BuzFrequency                             0x000005cd   Thumb Code    12  target.o(.text)
    PWMInit                                  0x000005d9   Thumb Code    52  target.o(.text)
    SetPWMState                              0x0000060d   Thumb Code    18  target.o(.text)
    SetPWMDutyCycle                          0x0000061f   Thumb Code    66  target.o(.text)
    DispInit                                 0x00000661   Thumb Code    12  target.o(.text)
    DispEnable                               0x0000066d   Thumb Code    12  target.o(.text)
    DispDisable                              0x00000679   Thumb Code     8  target.o(.text)
    tickISRHandler                           0x0000069f   Thumb Code    32  target.o(.text)
    InvertTemperature                        0x000006bf   Thumb Code    14  target.o(.text)
    InitADC                                  0x000006cd   Thumb Code    74  target.o(.text)
    ADCSample                                0x00000717   Thumb Code    52  target.o(.text)
    ADC3IntHandler                           0x0000074b   Thumb Code    36  target.o(.text)
    InitTarget                               0x0000076f   Thumb Code    32  target.o(.text)
    RIT128x96x4Clear                         0x000008c1   Thumb Code    76  rit128x96x4.o(.text)
    RIT128x96x4StringDraw                    0x0000090d   Thumb Code   254  rit128x96x4.o(.text)
    RIT128x96x4ImageDraw                     0x00000a0b   Thumb Code   120  rit128x96x4.o(.text)
    RIT128x96x4Enable                        0x00000a83   Thumb Code    92  rit128x96x4.o(.text)
    RIT128x96x4Disable                       0x00000adf   Thumb Code    86  rit128x96x4.o(.text)
    RIT128x96x4Init                          0x00000b35   Thumb Code   196  rit128x96x4.o(.text)
    RIT128x96x4DisplayOn                     0x00000bf9   Thumb Code    40  rit128x96x4.o(.text)
    RIT128x96x4DisplayOff                    0x00000c21   Thumb Code    12  rit128x96x4.o(.text)
    __user_initial_stackheap                 0x00000c35   Thumb Code     0  startup_rvmdk.o(.text)
    OS_StrCopy                               0x00000c51   Thumb Code    32  os_core.o(.text)
    OSEventNameGet                           0x00000c71   Thumb Code   124  os_core.o(.text)
    OS_StrLen                                0x00000ced   Thumb Code    26  os_core.o(.text)
    OSEventNameSet                           0x00000d07   Thumb Code   134  os_core.o(.text)
    OS_TaskStatStkChk                        0x00000d8d   Thumb Code    58  os_core.o(.text)
    OS_TaskStat                              0x00000dc7   Thumb Code   128  os_core.o(.text)
    OS_TaskIdle                              0x00000e71   Thumb Code    30  os_core.o(.text)
    OS_MemClr                                0x00000eb9   Thumb Code    22  os_core.o(.text)
    OSInit                                   0x00000ffd   Thumb Code    52  os_core.o(.text)
    OSIntEnter                               0x00001031   Thumb Code    30  os_core.o(.text)
    OSIntExit                                0x0000104f   Thumb Code   132  os_core.o(.text)
    OSSchedLock                              0x000010d3   Thumb Code    40  os_core.o(.text)
    OS_Sched                                 0x000010fb   Thumb Code   104  os_core.o(.text)
    OSSchedUnlock                            0x00001163   Thumb Code   192  os_core.o(.text)
    OSStart                                  0x00001223   Thumb Code    68  os_core.o(.text)
    OSStatInit                               0x00001267   Thumb Code    56  os_core.o(.text)
    OSTimeTick                               0x0000129f   Thumb Code   228  os_core.o(.text)
    OSVersion                                0x00001383   Thumb Code     6  os_core.o(.text)
    OS_Dummy                                 0x00001389   Thumb Code     2  os_core.o(.text)
    OS_EventTaskRdy                          0x0000138b   Thumb Code   194  os_core.o(.text)
    OS_EventTaskWait                         0x0000144d   Thumb Code   120  os_core.o(.text)
    OS_EventTO                               0x000014c5   Thumb Code    82  os_core.o(.text)
    OS_EventWaitListInit                     0x00001517   Thumb Code    44  os_core.o(.text)
    OS_MemCopy                               0x00001543   Thumb Code    22  os_core.o(.text)
    OS_TCBInit                               0x00001559   Thumb Code   340  os_core.o(.text)
    OSFlagAccept                             0x000016b9   Thumb Code   272  os_flag.o(.text)
    OSFlagCreate                             0x000017c9   Thumb Code    96  os_flag.o(.text)
    OS_FlagUnlink                            0x00001829   Thumb Code    40  os_flag.o(.text)
    OSFlagDel                                0x000018b5   Thumb Code   234  os_flag.o(.text)
    OSFlagNameGet                            0x0000199f   Thumb Code   100  os_flag.o(.text)
    OSFlagNameSet                            0x00001a03   Thumb Code   110  os_flag.o(.text)
    OSFlagPend                               0x00001b1d   Thumb Code   590  os_flag.o(.text)
    OSFlagPendGetFlagsRdy                    0x00001d6b   Thumb Code    20  os_flag.o(.text)
    OSFlagPost                               0x00001d7f   Thumb Code   324  os_flag.o(.text)
    OSFlagQuery                              0x00001ec3   Thumb Code    58  os_flag.o(.text)
    OS_FlagInit                              0x00001efd   Thumb Code    88  os_flag.o(.text)
    OSMemCreate                              0x00001f61   Thumb Code   158  os_mem.o(.text)
    OSMemGet                                 0x00001fff   Thumb Code    72  os_mem.o(.text)
    OSMemNameGet                             0x00002047   Thumb Code    78  os_mem.o(.text)
    OSMemNameSet                             0x00002095   Thumb Code    92  os_mem.o(.text)
    OSMemPut                                 0x000020f1   Thumb Code    60  os_mem.o(.text)
    OSMemQuery                               0x0000212d   Thumb Code    62  os_mem.o(.text)
    OS_MemInit                               0x0000216b   Thumb Code    92  os_mem.o(.text)
    OSQAccept                                0x000021d1   Thumb Code   110  os_q.o(.text)
    OSQCreate                                0x0000223f   Thumb Code   148  os_q.o(.text)
    OSQDel                                   0x000022d3   Thumb Code   254  os_q.o(.text)
    OSQFlush                                 0x000023d1   Thumb Code    48  os_q.o(.text)
    OSQPend                                  0x00002401   Thumb Code   256  os_q.o(.text)
    OSQPost                                  0x00002501   Thumb Code   108  os_q.o(.text)
    OSQPostFront                             0x0000256d   Thumb Code   110  os_q.o(.text)
    OSQPostOpt                               0x000025db   Thumb Code   190  os_q.o(.text)
    OSQQuery                                 0x00002699   Thumb Code   150  os_q.o(.text)
    OS_QInit                                 0x0000272f   Thumb Code    56  os_q.o(.text)
    OSTaskChangePrio                         0x00002771   Thumb Code   324  os_task.o(.text)
    OSTaskCreate                             0x000028b5   Thumb Code   148  os_task.o(.text)
    OS_TaskStkClr                            0x00002949   Thumb Code    30  os_task.o(.text)
    OSTaskCreateExt                          0x00002967   Thumb Code   166  os_task.o(.text)
    OSTaskDel                                0x00002a0d   Thumb Code   350  os_task.o(.text)
    OSTaskDelReq                             0x00002b6b   Thumb Code   142  os_task.o(.text)
    OSTaskNameGet                            0x00002bf9   Thumb Code   132  os_task.o(.text)
    OSTaskNameSet                            0x00002c7d   Thumb Code   140  os_task.o(.text)
    OSTaskResume                             0x00002d09   Thumb Code   144  os_task.o(.text)
    OSTaskStkChk                             0x00002d99   Thumb Code   142  os_task.o(.text)
    OSTaskSuspend                            0x00002e27   Thumb Code   170  os_task.o(.text)
    OSTaskQuery                              0x00002ed1   Thumb Code    80  os_task.o(.text)
    OSTimeDly                                0x00002f31   Thumb Code    82  os_time.o(.text)
    OSTimeDlyHMSM                            0x00002f83   Thumb Code   150  os_time.o(.text)
    OSTimeDlyResume                          0x00003019   Thumb Code   168  os_time.o(.text)
    OSTimeGet                                0x000030c1   Thumb Code    18  os_time.o(.text)
    OSTimeSet                                0x000030d3   Thumb Code    18  os_time.o(.text)
    OSDebugInit                              0x000030f9   Thumb Code    94  os_dbg.o(.text)
    OSInitHookBegin                          0x0000320d   Thumb Code     2  os_cpu_c.o(.text)
    OSInitHookEnd                            0x0000320f   Thumb Code     2  os_cpu_c.o(.text)
    OSTaskCreateHook                         0x00003211   Thumb Code     2  os_cpu_c.o(.text)
    OSTaskDelHook                            0x00003213   Thumb Code     2  os_cpu_c.o(.text)
    OSTaskIdleHook                           0x00003215   Thumb Code     2  os_cpu_c.o(.text)
    OSTaskStatHook                           0x00003217   Thumb Code     2  os_cpu_c.o(.text)
    OSTaskStkInit                            0x00003219   Thumb Code   186  os_cpu_c.o(.text)
    OSTaskSwHook                             0x000032d3   Thumb Code     2  os_cpu_c.o(.text)
    OSTCBInitHook                            0x000032d5   Thumb Code     2  os_cpu_c.o(.text)
    OSTimeTickHook                           0x000032d7   Thumb Code     2  os_cpu_c.o(.text)
    __2sprintf                               0x000032d9   Thumb Code    34  noretval__2sprintf.o(.text)
    _printf_pre_padding                      0x00003301   Thumb Code    46  _printf_pad.o(.text)
    _printf_post_padding                     0x0000332f   Thumb Code    36  _printf_pad.o(.text)
    _printf_int_dec                          0x00003355   Thumb Code   102  _printf_dec.o(.text)
    __printf                                 0x000033cd   Thumb Code   390  __printf_flags_ss_wp.o(.text)
    __use_two_region_memory                  0x00003559   Thumb Code     2  heapauxi.o(.text)
    __rt_heap_escrow$2region                 0x0000355b   Thumb Code     2  heapauxi.o(.text)
    __rt_heap_expand$2region                 0x0000355d   Thumb Code     2  heapauxi.o(.text)
    _printf_int_common                       0x0000355f   Thumb Code   184  _printf_intcommon.o(.text)
    _printf_char_common                      0x00003623   Thumb Code    32  _printf_char_common.o(.text)
    _sputc                                   0x00003649   Thumb Code    10  _sputc.o(.text)
    __user_setup_stackheap                   0x00003653   Thumb Code    74  sys_stackheap_outer.o(.text)
    exit                                     0x0000369d   Thumb Code    12  exit.o(.text)
    __user_libspace                          0x000036a9   Thumb Code     8  libspace.o(.text)
    __user_perproc_libspace                  0x000036a9   Thumb Code     0  libspace.o(.text)
    __user_perthread_libspace                0x000036a9   Thumb Code     0  libspace.o(.text)
    __rt_fp_status_addr                      0x000036b1   Thumb Code     8  rt_fp_status_addr_intlibspace.o(.text)
    _sys_exit                                0x000036b9   Thumb Code     8  sys_exit.o(.text)
    __I$use$semihosting                      0x000036c5   Thumb Code     0  use_no_semi.o(.text)
    __use_no_semihosting_swi                 0x000036c5   Thumb Code     2  use_no_semi.o(.text)
    __semihosting_library_function           0x000036c7   Thumb Code     0  indicate_semi.o(.text)
    OS_ENTER_CRITICAL                        0x000036c9   Thumb Code     0  os_cpu_a.o(UCOSII_ASM)
    OS_EXIT_CRITICAL                         0x000036db   Thumb Code     0  os_cpu_a.o(UCOSII_ASM)
    OSStartHighRdy                           0x000036f5   Thumb Code     0  os_cpu_a.o(UCOSII_ASM)
    OSCtxSw                                  0x00003717   Thumb Code     0  os_cpu_a.o(UCOSII_ASM)
    OSIntCtxSw                               0x00003725   Thumb Code     0  os_cpu_a.o(UCOSII_ASM)
    OSPendSV                                 0x00003735   Thumb Code     0  os_cpu_a.o(UCOSII_ASM)
    IntDisAll                                0x00003783   Thumb Code     0  os_cpu_a.o(UCOSII_ASM)
    ADCIntClear                              0x000037b5   Thumb Code    10  adc.o(i.ADCIntClear)
    ADCIntEnable                             0x000037bf   Thumb Code    16  adc.o(i.ADCIntEnable)
    ADCIntStatus                             0x000037cf   Thumb Code    52  adc.o(i.ADCIntStatus)
    ADCProcessorTrigger                      0x00003803   Thumb Code    26  adc.o(i.ADCProcessorTrigger)
    ADCSequenceConfigure                     0x0000381d   Thumb Code    50  adc.o(i.ADCSequenceConfigure)
    ADCSequenceDataGet                       0x0000384f   Thumb Code    36  adc.o(i.ADCSequenceDataGet)
    ADCSequenceDisable                       0x00003873   Thumb Code    16  adc.o(i.ADCSequenceDisable)
    ADCSequenceEnable                        0x00003883   Thumb Code    14  adc.o(i.ADCSequenceEnable)
    ADCSequenceStepConfigure                 0x00003891   Thumb Code   110  adc.o(i.ADCSequenceStepConfigure)
    GPIODirModeSet                           0x000038ff   Thumb Code    40  gpio.o(i.GPIODirModeSet)
    GPIOPadConfigSet                         0x00003927   Thumb Code   176  gpio.o(i.GPIOPadConfigSet)
    GPIOPinRead                              0x000039d7   Thumb Code     6  gpio.o(i.GPIOPinRead)
    GPIOPinTypeGPIOOutput                    0x000039dd   Thumb Code    28  gpio.o(i.GPIOPinTypeGPIOOutput)
    GPIOPinTypeSSI                           0x000039f9   Thumb Code    28  gpio.o(i.GPIOPinTypeSSI)
    GPIOPinWrite                             0x00003a15   Thumb Code     6  gpio.o(i.GPIOPinWrite)
    IntEnable                                0x00003a1b   Thumb Code   104  interrupt.o(i.IntEnable)
    IntMasterEnable                          0x00003a83   Thumb Code    10  interrupt.o(i.IntMasterEnable)
    PWMGenConfigure                          0x00003a8d   Thumb Code    38  pwm.o(i.PWMGenConfigure)
    PWMGenEnable                             0x00003ab3   Thumb Code    10  pwm.o(i.PWMGenEnable)
    PWMGenPeriodSet                          0x00003abd   Thumb Code    18  pwm.o(i.PWMGenPeriodSet)
    PWMOutputState                           0x00003acf   Thumb Code    16  pwm.o(i.PWMOutputState)
    PWMPulseWidthSet                         0x00003adf   Thumb Code    32  pwm.o(i.PWMPulseWidthSet)
    SSIBusy                                  0x00003aff   Thumb Code     8  ssi.o(i.SSIBusy)
    SSIConfigSetExpClk                       0x00003b07   Thumb Code    76  ssi.o(i.SSIConfigSetExpClk)
    SSIDataGetNonBlocking                    0x00003b53   Thumb Code    18  ssi.o(i.SSIDataGetNonBlocking)
    SSIDataPut                               0x00003b65   Thumb Code    12  ssi.o(i.SSIDataPut)
    SSIDisable                               0x00003b71   Thumb Code    10  ssi.o(i.SSIDisable)
    SSIEnable                                0x00003b7b   Thumb Code    10  ssi.o(i.SSIEnable)
    SysCtlADCSpeedSet                        0x00003b85   Thumb Code    28  sysctl.o(i.SysCtlADCSpeedSet)
    SysCtlClockGet                           0x00003ba5   Thumb Code   438  sysctl.o(i.SysCtlClockGet)
    SysCtlClockSet                           0x00003d89   Thumb Code   288  sysctl.o(i.SysCtlClockSet)
    SysCtlLDOSet                             0x00003ec1   Thumb Code     6  sysctl.o(i.SysCtlLDOSet)
    SysCtlPWMClockSet                        0x00003ecd   Thumb Code    14  sysctl.o(i.SysCtlPWMClockSet)
    SysCtlPeripheralEnable                   0x00003ee1   Thumb Code    26  sysctl.o(i.SysCtlPeripheralEnable)
    SysTickEnable                            0x00003f01   Thumb Code    14  systick.o(i.SysTickEnable)
    SysTickIntEnable                         0x00003f0f   Thumb Code    14  systick.o(i.SysTickIntEnable)
    SysTickPeriodSet                         0x00003f1d   Thumb Code    10  systick.o(i.SysTickPeriodSet)
    _is_digit                                0x00003f27   Thumb Code    14  __printf_wp.o(i._is_digit)
    _fp_init                                 0x00003f35   Thumb Code    14  fpinit.o(x$fpl$fpinit)
    __fplib_config_pureend_doubles           0x00003f41   Thumb Code     0  fpinit.o(x$fpl$fpinit)
    OSMapTbl                                 0x0000417d   Data           8  os_core.o(.constdata)
    OSUnMapTbl                               0x00004185   Data         256  os_core.o(.constdata)
    OSDebugEn                                0x00004288   Data           2  os_dbg.o(.constdata)
    OSEndiannessTest                         0x0000428c   Data           4  os_dbg.o(.constdata)
    OSEventEn                                0x00004290   Data           2  os_dbg.o(.constdata)
    OSEventMax                               0x00004292   Data           2  os_dbg.o(.constdata)
    OSEventNameSize                          0x00004294   Data           2  os_dbg.o(.constdata)
    OSEventSize                              0x00004296   Data           2  os_dbg.o(.constdata)
    OSEventTblSize                           0x00004298   Data           2  os_dbg.o(.constdata)
    OSFlagEn                                 0x0000429a   Data           2  os_dbg.o(.constdata)
    OSFlagGrpSize                            0x0000429c   Data           2  os_dbg.o(.constdata)
    OSFlagNodeSize                           0x0000429e   Data           2  os_dbg.o(.constdata)
    OSFlagWidth                              0x000042a0   Data           2  os_dbg.o(.constdata)
    OSFlagMax                                0x000042a2   Data           2  os_dbg.o(.constdata)
    OSFlagNameSize                           0x000042a4   Data           2  os_dbg.o(.constdata)
    OSLowestPrio                             0x000042a6   Data           2  os_dbg.o(.constdata)
    OSMboxEn                                 0x000042a8   Data           2  os_dbg.o(.constdata)
    OSMemEn                                  0x000042aa   Data           2  os_dbg.o(.constdata)
    OSMemMax                                 0x000042ac   Data           2  os_dbg.o(.constdata)
    OSMemNameSize                            0x000042ae   Data           2  os_dbg.o(.constdata)
    OSMemSize                                0x000042b0   Data           2  os_dbg.o(.constdata)
    OSMemTblSize                             0x000042b2   Data           2  os_dbg.o(.constdata)
    OSMutexEn                                0x000042b4   Data           2  os_dbg.o(.constdata)
    OSPtrSize                                0x000042b6   Data           2  os_dbg.o(.constdata)
    OSQEn                                    0x000042b8   Data           2  os_dbg.o(.constdata)
    OSQMax                                   0x000042ba   Data           2  os_dbg.o(.constdata)
    OSQSize                                  0x000042bc   Data           2  os_dbg.o(.constdata)
    OSRdyTblSize                             0x000042be   Data           2  os_dbg.o(.constdata)
    OSSemEn                                  0x000042c0   Data           2  os_dbg.o(.constdata)
    OSStkWidth                               0x000042c2   Data           2  os_dbg.o(.constdata)
    OSTaskCreateEn                           0x000042c4   Data           2  os_dbg.o(.constdata)
    OSTaskCreateExtEn                        0x000042c6   Data           2  os_dbg.o(.constdata)
    OSTaskDelEn                              0x000042c8   Data           2  os_dbg.o(.constdata)
    OSTaskIdleStkSize                        0x000042ca   Data           2  os_dbg.o(.constdata)
    OSTaskProfileEn                          0x000042cc   Data           2  os_dbg.o(.constdata)
    OSTaskMax                                0x000042ce   Data           2  os_dbg.o(.constdata)
    OSTaskNameSize                           0x000042d0   Data           2  os_dbg.o(.constdata)
    OSTaskStatEn                             0x000042d2   Data           2  os_dbg.o(.constdata)
    OSTaskStatStkSize                        0x000042d4   Data           2  os_dbg.o(.constdata)
    OSTaskStatStkChkEn                       0x000042d6   Data           2  os_dbg.o(.constdata)
    OSTaskSwHookEn                           0x000042d8   Data           2  os_dbg.o(.constdata)
    OSTCBPrioTblMax                          0x000042da   Data           2  os_dbg.o(.constdata)
    OSTCBSize                                0x000042dc   Data           2  os_dbg.o(.constdata)
    OSTicksPerSec                            0x000042de   Data           2  os_dbg.o(.constdata)
    OSTimeTickHookEn                         0x000042e0   Data           2  os_dbg.o(.constdata)
    OSVersionNbr                             0x000042e2   Data           2  os_dbg.o(.constdata)
    OSDataSize                               0x000042e4   Data           2  os_dbg.o(.constdata)
    Region$$Table$$Base                      0x00004398   Number         0  anon$$obj.o(Region$$Table)
    Region$$Table$$Limit                     0x000043b8   Number         0  anon$$obj.o(Region$$Table)
    ADC_EndFlag_3                            0x20000000   Data           4  target.o(.data)
    OSCtxSwCtr                               0x20000010   Data           4  os_core.o(.data)
    OSEventFreeList                          0x20000014   Data           4  os_core.o(.data)
    OSFlagFreeList                           0x20000018   Data           4  os_core.o(.data)
    OSCPUUsage                               0x2000001c   Data           1  os_core.o(.data)
    OSIdleCtrMax                             0x20000020   Data           4  os_core.o(.data)
    OSIdleCtrRun                             0x20000024   Data           4  os_core.o(.data)
    OSStatRdy                                0x20000028   Data           1  os_core.o(.data)
    OSIntNesting                             0x20000029   Data           1  os_core.o(.data)
    OSLockNesting                            0x2000002a   Data           1  os_core.o(.data)
    OSPrioCur                                0x2000002b   Data           1  os_core.o(.data)
    OSPrioHighRdy                            0x2000002c   Data           1  os_core.o(.data)
    OSRdyGrp                                 0x2000002d   Data           1  os_core.o(.data)
    OSRdyTbl                                 0x2000002e   Data           8  os_core.o(.data)
    OSRunning                                0x20000036   Data           1  os_core.o(.data)
    OSTaskCtr                                0x20000037   Data           1  os_core.o(.data)
    OSIdleCtr                                0x20000038   Data           4  os_core.o(.data)
    OSTCBCur                                 0x2000003c   Data           4  os_core.o(.data)
    OSTCBFreeList                            0x20000040   Data           4  os_core.o(.data)
    OSTCBHighRdy                             0x20000044   Data           4  os_core.o(.data)
    OSTCBList                                0x20000048   Data           4  os_core.o(.data)
    OSTickStepState                          0x2000004c   Data           1  os_core.o(.data)
    OSMemFreeList                            0x20000050   Data           4  os_core.o(.data)
    OSQFreeList                              0x20000054   Data           4  os_core.o(.data)
    OSTime                                   0x20000058   Data           4  os_core.o(.data)
    OsEnterSum                               0x2000005c   Data           4  os_cpu_c.o(.data)
    TargetInfo                               0x200006a0   Data          44  target.o(.bss)
    OSEventTbl                               0x200006cc   Data         480  os_core.o(.bss)
    OSFlagTbl                                0x200008ac   Data         220  os_core.o(.bss)
    OSTaskStatStk                            0x20000988   Data         512  os_core.o(.bss)
    OSTaskIdleStk                            0x20000b88   Data         512  os_core.o(.bss)
    OSTCBPrioTbl                             0x20000d88   Data         256  os_core.o(.bss)
    OSTCBTbl                                 0x20000e88   Data        2288  os_core.o(.bss)
    OSMemTbl                                 0x20001778   Data         260  os_core.o(.bss)
    OSQTbl                                   0x2000187c   Data          96  os_core.o(.bss)
    __libspace_start                         0x200018dc   Data          96  libspace.o(.bss)
    __temporary_stack_top$libspace           0x2000193c   Data           0  libspace.o(.bss)



==============================================================================

Memory Map of the image

  Image Entry point : 0x000000f1

  Load Region LR_IROM (Base: 0x00000000, Size: 0x00004418, Max: 0x00040000, ABSOLUTE)

    Execution Region ER_IROM (Base: 0x00000000, Size: 0x000043b8, Max: 0x00040000, ABSOLUTE)

    Base Addr    Size         Type   Attr      Idx    E Section Name        Object

    0x00000000   0x00000100   Code   RO          166  * RESET               startup_rvmdk.o
    0x00000100   0x00000008   Code   RO         2194  * !!!main             c_w.l(__main.o)
    0x00000108   0x00000034   Code   RO         2360    !!!scatter          c_w.l(__scatter.o)
    0x0000013c   0x0000001a   Code   RO         2362    !!handler_copy      c_w.l(__scatter_copy.o)
    0x00000156   0x00000002   PAD
    0x00000158   0x0000001c   Code   RO         2364    !!handler_zi        c_w.l(__scatter_zi.o)
    0x00000174   0x00000000   Code   RO         2183    .ARM.Collect$$_printf_percent$$00000000  c_w.l(_printf_percent.o)
    0x00000174   0x00000006   Code   RO         2182    .ARM.Collect$$_printf_percent$$00000009  c_w.l(_printf_d.o)
    0x0000017a   0x00000004   Code   RO         2203    .ARM.Collect$$_printf_percent$$00000017  c_w.l(_printf_percent_end.o)
    0x0000017e   0x00000006   Code   RO         2230    .ARM.Collect$$libinit$$00000000  c_w.l(libinit.o)
    0x00000184   0x00000000   Code   RO         2238    .ARM.Collect$$libinit$$00000006  c_w.l(libinit2.o)
    0x00000184   0x00000000   Code   RO         2240    .ARM.Collect$$libinit$$00000008  c_w.l(libinit2.o)
    0x00000184   0x00000000   Code   RO         2242    .ARM.Collect$$libinit$$0000000A  c_w.l(libinit2.o)
    0x00000184   0x00000000   Code   RO         2245    .ARM.Collect$$libinit$$0000000D  c_w.l(libinit2.o)
    0x00000184   0x00000000   Code   RO         2247    .ARM.Collect$$libinit$$0000000F  c_w.l(libinit2.o)
    0x00000184   0x00000000   Code   RO         2249    .ARM.Collect$$libinit$$00000011  c_w.l(libinit2.o)
    0x00000184   0x00000000   Code   RO         2251    .ARM.Collect$$libinit$$00000013  c_w.l(libinit2.o)
    0x00000184   0x00000000   Code   RO         2253    .ARM.Collect$$libinit$$00000015  c_w.l(libinit2.o)
    0x00000184   0x00000000   Code   RO         2255    .ARM.Collect$$libinit$$00000017  c_w.l(libinit2.o)
    0x00000184   0x00000000   Code   RO         2257    .ARM.Collect$$libinit$$00000019  c_w.l(libinit2.o)
    0x00000184   0x00000000   Code   RO         2259    .ARM.Collect$$libinit$$0000001B  c_w.l(libinit2.o)
    0x00000184   0x00000000   Code   RO         2261    .ARM.Collect$$libinit$$0000001D  c_w.l(libinit2.o)
    0x00000184   0x00000000   Code   RO         2263    .ARM.Collect$$libinit$$0000001F  c_w.l(libinit2.o)
    0x00000184   0x00000000   Code   RO         2265    .ARM.Collect$$libinit$$00000021  c_w.l(libinit2.o)
    0x00000184   0x00000000   Code   RO         2269    .ARM.Collect$$libinit$$00000028  c_w.l(libinit2.o)
    0x00000184   0x00000000   Code   RO         2271    .ARM.Collect$$libinit$$0000002A  c_w.l(libinit2.o)
    0x00000184   0x00000000   Code   RO         2273    .ARM.Collect$$libinit$$0000002C  c_w.l(libinit2.o)
    0x00000184   0x00000000   Code   RO         2275    .ARM.Collect$$libinit$$0000002E  c_w.l(libinit2.o)
    0x00000184   0x00000002   Code   RO         2276    .ARM.Collect$$libinit$$0000002F  c_w.l(libinit2.o)
    0x00000186   0x00000002   Code   RO         2301    .ARM.Collect$$libshutdown$$00000000  c_w.l(libshutdown.o)
    0x00000188   0x00000000   Code   RO         2315    .ARM.Collect$$libshutdown$$00000003  c_w.l(libshutdown2.o)
    0x00000188   0x00000000   Code   RO         2318    .ARM.Collect$$libshutdown$$00000006  c_w.l(libshutdown2.o)
    0x00000188   0x00000000   Code   RO         2321    .ARM.Collect$$libshutdown$$00000009  c_w.l(libshutdown2.o)
    0x00000188   0x00000000   Code   RO         2323    .ARM.Collect$$libshutdown$$0000000B  c_w.l(libshutdown2.o)
    0x00000188   0x00000000   Code   RO         2326    .ARM.Collect$$libshutdown$$0000000E  c_w.l(libshutdown2.o)
    0x00000188   0x00000002   Code   RO         2327    .ARM.Collect$$libshutdown$$0000000F  c_w.l(libshutdown2.o)
    0x0000018a   0x00000000   Code   RO         2196    .ARM.Collect$$rtentry$$00000000  c_w.l(rtentry.o)
    0x0000018a   0x00000000   Code   RO         2205    .ARM.Collect$$rtentry$$00000002  c_w.l(rtentry2.o)
    0x0000018a   0x00000006   Code   RO         2217    .ARM.Collect$$rtentry$$00000004  c_w.l(rtentry4.o)
    0x00000190   0x00000000   Code   RO         2207    .ARM.Collect$$rtentry$$00000009  c_w.l(rtentry2.o)
    0x00000190   0x00000004   Code   RO         2208    .ARM.Collect$$rtentry$$0000000A  c_w.l(rtentry2.o)
    0x00000194   0x00000000   Code   RO         2210    .ARM.Collect$$rtentry$$0000000C  c_w.l(rtentry2.o)
    0x00000194   0x00000008   Code   RO         2211    .ARM.Collect$$rtentry$$0000000D  c_w.l(rtentry2.o)
    0x0000019c   0x00000002   Code   RO         2234    .ARM.Collect$$rtexit$$00000000  c_w.l(rtexit.o)
    0x0000019e   0x00000000   Code   RO         2280    .ARM.Collect$$rtexit$$00000002  c_w.l(rtexit2.o)
    0x0000019e   0x00000004   Code   RO         2281    .ARM.Collect$$rtexit$$00000003  c_w.l(rtexit2.o)
    0x000001a2   0x00000006   Code   RO         2282    .ARM.Collect$$rtexit$$00000004  c_w.l(rtexit2.o)
    0x000001a8   0x00000006   Code   RO         1812    .emb_text           driverlib.lib(sysctl.o)
    0x000001ae   0x00000002   PAD
    0x000001b0   0x00000026   Code   RO         2140    .emb_text           driverlib.lib(cpu.o)
    0x000001d6   0x00000002   PAD
    0x000001d8   0x00000248   Code   RO            1    .text               main.o
    0x00000420   0x0000039c   Code   RO          133    .text               target.o
    0x000007bc   0x00000478   Code   RO          149    .text               rit128x96x4.o
    0x00000c34   0x0000001c   Code   RO          167    .text               startup_rvmdk.o
    0x00000c50   0x00000a68   Code   RO          795    .text               os_core.o
    0x000016b8   0x000008a8   Code   RO          815    .text               os_flag.o
    0x00001f60   0x00000270   Code   RO          843    .text               os_mem.o
    0x000021d0   0x000005a0   Code   RO          867    .text               os_q.o
    0x00002770   0x000007c0   Code   RO          891    .text               os_task.o
    0x00002f30   0x000001c8   Code   RO          903    .text               os_time.o
    0x000030f8   0x00000114   Code   RO          915    .text               os_dbg.o
    0x0000320c   0x000000cc   Code   RO          933    .text               os_cpu_c.o
    0x000032d8   0x00000028   Code   RO         2154    .text               c_w.l(noretval__2sprintf.o)
    0x00003300   0x00000052   Code   RO         2158    .text               c_w.l(_printf_pad.o)
    0x00003352   0x00000002   PAD
    0x00003354   0x00000078   Code   RO         2160    .text               c_w.l(_printf_dec.o)
    0x000033cc   0x0000018c   Code   RO         2179    .text               c_w.l(__printf_flags_ss_wp.o)
    0x00003558   0x00000006   Code   RO         2192    .text               c_w.l(heapauxi.o)
    0x0000355e   0x000000b8   Code   RO         2197    .text               c_w.l(_printf_intcommon.o)
    0x00003616   0x00000002   PAD
    0x00003618   0x00000030   Code   RO         2199    .text               c_w.l(_printf_char_common.o)
    0x00003648   0x0000000a   Code   RO         2201    .text               c_w.l(_sputc.o)
    0x00003652   0x0000004a   Code   RO         2221    .text               c_w.l(sys_stackheap_outer.o)
    0x0000369c   0x0000000c   Code   RO         2223    .text               c_w.l(exit.o)
    0x000036a8   0x00000008   Code   RO         2231    .text               c_w.l(libspace.o)
    0x000036b0   0x00000008   Code   RO         2289    .text               c_w.l(rt_fp_status_addr_intlibspace.o)
    0x000036b8   0x0000000c   Code   RO         2293    .text               c_w.l(sys_exit.o)
    0x000036c4   0x00000002   Code   RO         2304    .text               c_w.l(use_no_semi.o)
    0x000036c6   0x00000000   Code   RO         2306    .text               c_w.l(indicate_semi.o)
    0x000036c6   0x00000002   PAD
    0x000036c8   0x000000ec   Code   RO          930    UCOSII_ASM          os_cpu_a.o
    0x000037b4   0x0000000a   Code   RO          966    i.ADCIntClear       driverlib.lib(adc.o)
    0x000037be   0x00000010   Code   RO          968    i.ADCIntEnable      driverlib.lib(adc.o)
    0x000037ce   0x00000034   Code   RO          970    i.ADCIntStatus      driverlib.lib(adc.o)
    0x00003802   0x0000001a   Code   RO          974    i.ADCProcessorTrigger  driverlib.lib(adc.o)
    0x0000381c   0x00000032   Code   RO          977    i.ADCSequenceConfigure  driverlib.lib(adc.o)
    0x0000384e   0x00000024   Code   RO          978    i.ADCSequenceDataGet  driverlib.lib(adc.o)
    0x00003872   0x00000010   Code   RO          979    i.ADCSequenceDisable  driverlib.lib(adc.o)
    0x00003882   0x0000000e   Code   RO          980    i.ADCSequenceEnable  driverlib.lib(adc.o)
    0x00003890   0x0000006e   Code   RO          983    i.ADCSequenceStepConfigure  driverlib.lib(adc.o)
    0x000038fe   0x00000028   Code   RO         1174    i.GPIODirModeSet    driverlib.lib(gpio.o)
    0x00003926   0x000000b0   Code   RO         1179    i.GPIOPadConfigSet  driverlib.lib(gpio.o)
    0x000039d6   0x00000006   Code   RO         1185    i.GPIOPinRead       driverlib.lib(gpio.o)
    0x000039dc   0x0000001c   Code   RO         1192    i.GPIOPinTypeGPIOOutput  driverlib.lib(gpio.o)
    0x000039f8   0x0000001c   Code   RO         1198    i.GPIOPinTypeSSI    driverlib.lib(gpio.o)
    0x00003a14   0x00000006   Code   RO         1203    i.GPIOPinWrite      driverlib.lib(gpio.o)
    0x00003a1a   0x00000068   Code   RO         1389    i.IntEnable         driverlib.lib(interrupt.o)
    0x00003a82   0x0000000a   Code   RO         1391    i.IntMasterEnable   driverlib.lib(interrupt.o)
    0x00003a8c   0x00000026   Code   RO         1497    i.PWMGenConfigure   driverlib.lib(pwm.o)
    0x00003ab2   0x0000000a   Code   RO         1499    i.PWMGenEnable      driverlib.lib(pwm.o)
    0x00003abc   0x00000012   Code   RO         1512    i.PWMGenPeriodSet   driverlib.lib(pwm.o)
    0x00003ace   0x00000010   Code   RO         1519    i.PWMOutputState    driverlib.lib(pwm.o)
    0x00003ade   0x00000020   Code   RO         1521    i.PWMPulseWidthSet  driverlib.lib(pwm.o)
    0x00003afe   0x00000008   Code   RO         1701    i.SSIBusy           driverlib.lib(ssi.o)
    0x00003b06   0x0000004c   Code   RO         1702    i.SSIConfigSetExpClk  driverlib.lib(ssi.o)
    0x00003b52   0x00000012   Code   RO         1706    i.SSIDataGetNonBlocking  driverlib.lib(ssi.o)
    0x00003b64   0x0000000c   Code   RO         1707    i.SSIDataPut        driverlib.lib(ssi.o)
    0x00003b70   0x0000000a   Code   RO         1709    i.SSIDisable        driverlib.lib(ssi.o)
    0x00003b7a   0x0000000a   Code   RO         1710    i.SSIEnable         driverlib.lib(ssi.o)
    0x00003b84   0x00000020   Code   RO         1814    i.SysCtlADCSpeedSet  driverlib.lib(sysctl.o)
    0x00003ba4   0x000001e4   Code   RO         1817    i.SysCtlClockGet    driverlib.lib(sysctl.o)
    0x00003d88   0x00000138   Code   RO         1818    i.SysCtlClockSet    driverlib.lib(sysctl.o)
    0x00003ec0   0x0000000c   Code   RO         1833    i.SysCtlLDOSet      driverlib.lib(sysctl.o)
    0x00003ecc   0x00000014   Code   RO         1837    i.SysCtlPWMClockSet  driverlib.lib(sysctl.o)
    0x00003ee0   0x00000020   Code   RO         1842    i.SysCtlPeripheralEnable  driverlib.lib(sysctl.o)
    0x00003f00   0x0000000e   Code   RO         2078    i.SysTickEnable     driverlib.lib(systick.o)
    0x00003f0e   0x0000000e   Code   RO         2080    i.SysTickIntEnable  driverlib.lib(systick.o)
    0x00003f1c   0x0000000a   Code   RO         2084    i.SysTickPeriodSet  driverlib.lib(systick.o)
    0x00003f26   0x0000000e   Code   RO         2172    i._is_digit         c_w.l(__printf_wp.o)
    0x00003f34   0x0000000e   Code   RO         2277    x$fpl$fpinit        fz_ws.l(fpinit.o)
    0x00003f42   0x0000023b   Data   RO          150    .constdata          rit128x96x4.o
    0x0000417d   0x00000108   Data   RO          797    .constdata          os_core.o
    0x00004285   0x00000003   PAD
    0x00004288   0x0000005e   Data   RO          916    .constdata          os_dbg.o
    0x000042e6   0x00000002   PAD
    0x000042e8   0x0000009c   Data   RO         1855    .constdata          driverlib.lib(sysctl.o)
    0x00004384   0x00000011   Data   RO         2180    .constdata          c_w.l(__printf_flags_ss_wp.o)
    0x00004395   0x00000003   PAD
    0x00004398   0x00000020   Data   RO         2358    Region$$Table       anon$$obj.o


    Execution Region RW_IRAM (Base: 0x20000000, Size: 0x00001c40, Max: 0x00010000, ABSOLUTE)

    Base Addr    Size         Type   Attr      Idx    E Section Name        Object

    0x20000000   0x00000004   Data   RW          135    .data               target.o
    0x20000004   0x0000000c   Data   RW          151    .data               rit128x96x4.o
    0x20000010   0x0000004c   Data   RW          798    .data               os_core.o
    0x2000005c   0x00000004   Data   RW          934    .data               os_cpu_c.o
    0x20000060   0x00000640   Zero   RW            2    .bss                main.o
    0x200006a0   0x0000002c   Zero   RW          134    .bss                target.o
    0x200006cc   0x00001210   Zero   RW          796    .bss                os_core.o
    0x200018dc   0x00000060   Zero   RW         2232    .bss                c_w.l(libspace.o)
    0x2000193c   0x00000004   PAD
    0x20001940   0x00000100   Zero   RW          165    HEAP                startup_rvmdk.o
    0x20001a40   0x00000200   Zero   RW          164    STACK               startup_rvmdk.o


==============================================================================

Image component sizes


      Code (inc. data)   RO Data    RW Data    ZI Data      Debug   Object Name

       584        130          0          0       1600      10605   main.o
      2664        192        264         76       4624      14708   os_core.o
       236         40          0          0          0        352   os_cpu_a.o
       204          0          0          4          0      10954   os_cpu_c.o
       276        182         94          0          0       2909   os_dbg.o
      2216         34          0          0          0      13188   os_flag.o
       624         10          0          0          0       3284   os_mem.o
      1440         26          0          0          0       4908   os_q.o
      1984         62          0          0          0       6705   os_task.o
       456         20          0          0          0       1822   os_time.o
      1144         48        571         12          0       4238   rit128x96x4.o
       284        264          0          0        768        540   startup_rvmdk.o
       924         46          0          4         44       4189   target.o

    ----------------------------------------------------------------------
     13036       1054        966         96       7036      78402   Object Totals
         0          0         32          0          0          0   (incl. Generated)
         0          0          5          0          0          0   (incl. Padding)

    ----------------------------------------------------------------------

      Code (inc. data)   RO Data    RW Data    ZI Data      Debug   Library Member Name

         8          0          0          0          0         68   __main.o
       396          6         17          0          0         92   __printf_flags_ss_wp.o
        14          0          0          0          0         68   __printf_wp.o
        52          8          0          0          0          0   __scatter.o
        26          0          0          0          0          0   __scatter_copy.o
        28          0          0          0          0          0   __scatter_zi.o
        48          6          0          0          0         96   _printf_char_common.o
         6          0          0          0          0          0   _printf_d.o
       120         18          0          0          0         92   _printf_dec.o
       184          0          0          0          0         88   _printf_intcommon.o
        82          0          0          0          0        108   _printf_pad.o
         0          0          0          0          0          0   _printf_percent.o
         4          0          0          0          0          0   _printf_percent_end.o
        10          0          0          0          0         68   _sputc.o
        12          0          0          0          0         72   exit.o
         6          0          0          0          0        152   heapauxi.o
         0          0          0          0          0          0   indicate_semi.o
         6          0          0          0          0          0   libinit.o
         2          0          0          0          0          0   libinit2.o
         2          0          0          0          0          0   libshutdown.o
         2          0          0          0          0          0   libshutdown2.o
         8          4          0          0         96         68   libspace.o
        40          6          0          0          0         84   noretval__2sprintf.o
         8          4          0          0          0         68   rt_fp_status_addr_intlibspace.o
         0          0          0          0          0          0   rtentry.o
        12          0          0          0          0          0   rtentry2.o
         6          0          0          0          0          0   rtentry4.o
         2          0          0          0          0          0   rtexit.o
        10          0          0          0          0          0   rtexit2.o
        12          4          0          0          0         68   sys_exit.o
        74          0          0          0          0         80   sys_stackheap_outer.o
         2          0          0          0          0         68   use_no_semi.o
       330          0          0          0          0       7454   adc.o
        38          0          0          0          0        356   cpu.o
       284          0          0          0          0       3854   gpio.o
       114          0          0          0          0        994   interrupt.o
       114          0          0          0          0       2519   pwm.o
       134          0          0          0          0       3033   ssi.o
       898         92        156          0          0       5050   sysctl.o
        38          0          0          0          0       1170   systick.o
        14          0          0          0          0         76   fpinit.o

    ----------------------------------------------------------------------
      3158        148        176          0        100      25846   Library Totals
        12          0          3          0          4          0   (incl. Padding)

    ----------------------------------------------------------------------

      Code (inc. data)   RO Data    RW Data    ZI Data      Debug   Library Name

      1182         56         17          0         96       1340   c_w.l
      1950         92        156          0          0      24430   driverlib.lib
        14          0          0          0          0         76   fz_ws.l

    ----------------------------------------------------------------------
      3158        148        176          0        100      25846   Library Totals

    ----------------------------------------------------------------------

==============================================================================


      Code (inc. data)   RO Data    RW Data    ZI Data      Debug   

     16194       1202       1142         96       7136     101142   Grand Totals
     16194       1202       1142         96       7136     101142   ELF Image Totals
     16194       1202       1142         96          0          0   ROM Totals

==============================================================================

    Total RO  Size (Code + RO Data)                17336 (  16.93kB)
    Total RW  Size (RW Data + ZI Data)              7232 (   7.06kB)
    Total ROM Size (Code + RO Data + RW Data)      17432 (  17.02kB)

==============================================================================

