ARM Linker, 4.1 [Build 791] [Standard]

==============================================================================

Section Cross References

    main.o(i.SysTickIntHandler) refers to lwiplib.o(i.lwIPTimer) for lwIPTimer
    main.o(i.dns_found) refers to uartstdio.o(i.UARTprintf) for UARTprintf
    main.o(i.dns_found) refers to ustdlib.o(i.usprintf) for usprintf
    main.o(i.dns_found) refers to rit128x96x4.o(i.RIT128x96x4StringDraw) for RIT128x96x4StringDraw
    main.o(i.dns_found) refers to webclient.o(i.hc_open) for hc_open
    main.o(i.dns_found) refers to main.o(i.page_recv) for page_recv
    main.o(i.lwIPHostTimerHandler) refers to lwiplib.o(i.lwIPLocalIPAddrGet) for lwIPLocalIPAddrGet
    main.o(i.lwIPHostTimerHandler) refers to ustdlib.o(i.usprintf) for usprintf
    main.o(i.lwIPHostTimerHandler) refers to rit128x96x4.o(i.RIT128x96x4StringDraw) for RIT128x96x4StringDraw
    main.o(i.lwIPHostTimerHandler) refers to uartstdio.o(i.UARTprintf) for UARTprintf
    main.o(i.lwIPHostTimerHandler) refers to lwiplib.o(i.dns_gethostbyname) for dns_gethostbyname
    main.o(i.lwIPHostTimerHandler) refers to main.o(.data) for .data
    main.o(i.lwIPHostTimerHandler) refers to main.o(i.dns_found) for dns_found
    main.o(i.main) refers to sysctl.o(i.SysCtlClockSet) for SysCtlClockSet
    main.o(i.main) refers to rit128x96x4.o(i.RIT128x96x4Init) for RIT128x96x4Init
    main.o(i.main) refers to rit128x96x4.o(i.RIT128x96x4StringDraw) for RIT128x96x4StringDraw
    main.o(i.main) refers to sysctl.o(i.SysCtlPeripheralEnable) for SysCtlPeripheralEnable
    main.o(i.main) refers to gpio.o(i.GPIOPinTypeUART) for GPIOPinTypeUART
    main.o(i.main) refers to uartstdio.o(i.UARTStdioInit) for UARTStdioInit
    main.o(i.main) refers to sysctl.o(i.SysCtlPeripheralReset) for SysCtlPeripheralReset
    main.o(i.main) refers to gpio.o(i.GPIOPinTypeEthernetLED) for GPIOPinTypeEthernetLED
    main.o(i.main) refers to sysctl.o(i.SysCtlClockGet) for SysCtlClockGet
    main.o(i.main) refers to systick.o(i.SysTickPeriodSet) for SysTickPeriodSet
    main.o(i.main) refers to systick.o(i.SysTickEnable) for SysTickEnable
    main.o(i.main) refers to systick.o(i.SysTickIntEnable) for SysTickIntEnable
    main.o(i.main) refers to gpio.o(i.GPIOPinTypeGPIOOutput) for GPIOPinTypeGPIOOutput
    main.o(i.main) refers to gpio.o(i.GPIOPinWrite) for GPIOPinWrite
    main.o(i.main) refers to interrupt.o(i.IntMasterEnable) for IntMasterEnable
    main.o(i.main) refers to flash.o(i.FlashUserGet) for FlashUserGet
    main.o(i.main) refers to uartstdio.o(i.UARTprintf) for UARTprintf
    main.o(i.main) refers to lwiplib.o(i.lwIPInit) for lwIPInit
    main.o(i.main) refers to lwiplib.o(i.dns_init) for dns_init
    main.o(i.main) refers to lwiplib.o(i.htonl) for htonl
    main.o(i.main) refers to lwiplib.o(i.dns_setserver) for dns_setserver
    main.o(i.page_recv) refers to uartstdio.o(i.UARTprintf) for UARTprintf
    startup_rvmdk.o(STACK) refers (Special) to heapauxi.o(.text) for __use_two_region_memory
    startup_rvmdk.o(HEAP) refers (Special) to heapauxi.o(.text) for __use_two_region_memory
    startup_rvmdk.o(RESET) refers (Special) to heapauxi.o(.text) for __use_two_region_memory
    startup_rvmdk.o(RESET) refers to startup_rvmdk.o(STACK) for StackMem
    startup_rvmdk.o(RESET) refers to main.o(i.SysTickIntHandler) for SysTickIntHandler
    startup_rvmdk.o(RESET) refers to lwiplib.o(i.lwIPEthernetIntHandler) for lwIPEthernetIntHandler
    startup_rvmdk.o(RESET) refers to __main.o(!!!main) for __main
    startup_rvmdk.o(.text) refers (Special) to heapauxi.o(.text) for __use_two_region_memory
    startup_rvmdk.o(.text) refers to startup_rvmdk.o(HEAP) for HeapMem
    startup_rvmdk.o(.text) refers to startup_rvmdk.o(STACK) for StackMem
    rit128x96x4.o(i.RIT128x96x4Clear) refers to rit128x96x4.o(i.RITWriteCommand) for RITWriteCommand
    rit128x96x4.o(i.RIT128x96x4Clear) refers to rit128x96x4.o(i.RITWriteData) for RITWriteData
    rit128x96x4.o(i.RIT128x96x4Clear) refers to rit128x96x4.o(.data) for .data
    rit128x96x4.o(i.RIT128x96x4Clear) refers to rit128x96x4.o(.constdata) for .constdata
    rit128x96x4.o(i.RIT128x96x4Disable) refers to ssi.o(i.SSIDataGetNonBlocking) for SSIDataGetNonBlocking
    rit128x96x4.o(i.RIT128x96x4Disable) refers to ssi.o(i.SSIDisable) for SSIDisable
    rit128x96x4.o(i.RIT128x96x4Disable) refers to gpio.o(i.GPIOPinTypeGPIOOutput) for GPIOPinTypeGPIOOutput
    rit128x96x4.o(i.RIT128x96x4Disable) refers to gpio.o(i.GPIOPadConfigSet) for GPIOPadConfigSet
    rit128x96x4.o(i.RIT128x96x4Disable) refers to gpio.o(i.GPIOPinWrite) for GPIOPinWrite
    rit128x96x4.o(i.RIT128x96x4Disable) refers to rit128x96x4.o(.data) for .data
    rit128x96x4.o(i.RIT128x96x4DisplayOff) refers to rit128x96x4.o(i.RITWriteCommand) for RITWriteCommand
    rit128x96x4.o(i.RIT128x96x4DisplayOff) refers to rit128x96x4.o(.constdata) for .constdata
    rit128x96x4.o(i.RIT128x96x4DisplayOn) refers to rit128x96x4.o(i.RITWriteCommand) for RITWriteCommand
[...]
    hc_poll                                  0x000034cd   Thumb Code    42  webclient.o(i.hc_poll)
    i.hc_recv                                0x000034f6   Section        0  webclient.o(i.hc_recv)
    i.hc_sent                                0x00003614   Section        0  webclient.o(i.hc_sent)
    hc_sent                                  0x00003615   Thumb Code     8  webclient.o(i.hc_sent)
    i.htonl                                  0x0000361c   Section        0  lwiplib.o(i.htonl)
    i.icmp_dest_unreach                      0x00003620   Section        0  lwiplib.o(i.icmp_dest_unreach)
    i.icmp_input                             0x00003628   Section        0  lwiplib.o(i.icmp_input)
    i.icmp_send_response                     0x000037b0   Section        0  lwiplib.o(i.icmp_send_response)
    icmp_send_response                       0x000037b1   Thumb Code   108  lwiplib.o(i.icmp_send_response)
    i.inet_addr                              0x00003820   Section        0  lwiplib.o(i.inet_addr)
    i.inet_aton                              0x00003834   Section        0  lwiplib.o(i.inet_aton)
    i.inet_chksum                            0x00003922   Section        0  lwiplib.o(i.inet_chksum)
    i.inet_chksum_pbuf                       0x0000392e   Section        0  lwiplib.o(i.inet_chksum_pbuf)
    i.inet_chksum_pseudo                     0x00003976   Section        0  lwiplib.o(i.inet_chksum_pseudo)
    i.ip_addr_isbroadcast                    0x000039f8   Section        0  lwiplib.o(i.ip_addr_isbroadcast)
    i.ip_input                               0x00003a28   Section        0  lwiplib.o(i.ip_input)
    i.ip_output                              0x00003c28   Section        0  lwiplib.o(i.ip_output)
    i.ip_output_if                           0x00003c68   Section        0  lwiplib.o(i.ip_output_if)
    i.ip_route                               0x00003d20   Section        0  lwiplib.o(i.ip_route)
    i.lwIPEthernetIntHandler                 0x00003d6c   Section        0  lwiplib.o(i.lwIPEthernetIntHandler)
    i.lwIPHostTimerHandler                   0x00003d9c   Section        0  main.o(i.lwIPHostTimerHandler)
    i.lwIPInit                               0x00003e40   Section        0  lwiplib.o(i.lwIPInit)
    i.lwIPLocalIPAddrGet                     0x00003e7c   Section        0  lwiplib.o(i.lwIPLocalIPAddrGet)
    i.lwIPPrivateInit                        0x00003e88   Section        0  lwiplib.o(i.lwIPPrivateInit)
    lwIPPrivateInit                          0x00003e89   Thumb Code   108  lwiplib.o(i.lwIPPrivateInit)
    i.lwIPServiceTimers                      0x00003f04   Section        0  lwiplib.o(i.lwIPServiceTimers)
    lwIPServiceTimers                        0x00003f05   Thumb Code   176  lwiplib.o(i.lwIPServiceTimers)
    i.lwIPTimer                              0x00003fbc   Section        0  lwiplib.o(i.lwIPTimer)
    i.lwip_init                              0x00003fd8   Section        0  lwiplib.o(i.lwip_init)
    i.lwip_standard_chksum                   0x00003fea   Section        0  lwiplib.o(i.lwip_standard_chksum)
    lwip_standard_chksum                     0x00003feb   Thumb Code    56  lwiplib.o(i.lwip_standard_chksum)
    i.main                                   0x00004024   Section        0  main.o(i.main)
    i.mem_free                               0x000041d4   Section        0  lwiplib.o(i.mem_free)
    i.mem_init                               0x0000422c   Section        0  lwiplib.o(i.mem_init)
    i.mem_malloc                             0x0000426c   Section        0  lwiplib.o(i.mem_malloc)
    i.mem_realloc                            0x00004350   Section        0  lwiplib.o(i.mem_realloc)
    i.memp_free                              0x00004430   Section        0  lwiplib.o(i.memp_free)
    i.memp_init                              0x00004474   Section        0  lwiplib.o(i.memp_init)
    i.memp_malloc                            0x000044ec   Section        0  lwiplib.o(i.memp_malloc)
    i.netif_add                              0x0000454c   Section        0  lwiplib.o(i.netif_add)
    i.netif_set_addr                         0x00004598   Section        0  lwiplib.o(i.netif_set_addr)
    i.netif_set_down                         0x000045b8   Section        0  lwiplib.o(i.netif_set_down)
    i.netif_set_gw                           0x000045ca   Section        0  lwiplib.o(i.netif_set_gw)
    i.netif_set_ipaddr                       0x000045d4   Section        0  lwiplib.o(i.netif_set_ipaddr)
    i.netif_set_netmask                      0x00004638   Section        0  lwiplib.o(i.netif_set_netmask)
    i.netif_set_up                           0x00004640   Section        0  lwiplib.o(i.netif_set_up)
    i.page_recv                              0x0000465c   Section        0  main.o(i.page_recv)
    i.pbuf_alloc                             0x000046ec   Section        0  lwiplib.o(i.pbuf_alloc)
    i.pbuf_cat                               0x00004800   Section        0  lwiplib.o(i.pbuf_cat)
    i.pbuf_chain                             0x00004828   Section        0  lwiplib.o(i.pbuf_chain)
    i.pbuf_clen                              0x0000483a   Section        0  lwiplib.o(i.pbuf_clen)
    i.pbuf_copy                              0x0000484c   Section        0  lwiplib.o(i.pbuf_copy)
    i.pbuf_copy_partial                      0x000048dc   Section        0  lwiplib.o(i.pbuf_copy_partial)
    i.pbuf_free                              0x00004944   Section        0  lwiplib.o(i.pbuf_free)
    i.pbuf_header                            0x00004996   Section        0  lwiplib.o(i.pbuf_header)
    i.pbuf_realloc                           0x000049f6   Section        0  lwiplib.o(i.pbuf_realloc)
    i.pbuf_ref                               0x00004a46   Section        0  lwiplib.o(i.pbuf_ref)
    i.plug_holes                             0x00004a60   Section        0  lwiplib.o(i.plug_holes)
    plug_holes                               0x00004a61   Thumb Code    78  lwiplib.o(i.plug_holes)
    i.raw_input                              0x00004ab4   Section        0  lwiplib.o(i.raw_input)
    i.stellarisif_init                       0x00004b18   Section        0  lwiplib.o(i.stellarisif_init)
    i.stellarisif_interrupt                  0x00004bb4   Section        0  lwiplib.o(i.stellarisif_interrupt)
    i.stellarisif_output                     0x00004c2c   Section        0  lwiplib.o(i.stellarisif_output)
    stellarisif_output                       0x00004c2d   Thumb Code   140  lwiplib.o(i.stellarisif_output)
    i.stellarisif_receive                    0x00004cbc   Section        0  lwiplib.o(i.stellarisif_receive)
    stellarisif_receive                      0x00004cbd   Thumb Code   116  lwiplib.o(i.stellarisif_receive)
    i.stellarisif_transmit                   0x00004d38   Section        0  lwiplib.o(i.stellarisif_transmit)
    stellarisif_transmit                     0x00004d39   Thumb Code   172  lwiplib.o(i.stellarisif_transmit)
    i.sys_arch_unprotect                     0x00004dec   Section        0  lwiplib.o(i.sys_arch_unprotect)
    i.tcp_abandon                            0x00004df8   Section        0  lwiplib.o(i.tcp_abandon)
    i.tcp_alloc                              0x00004e94   Section        0  lwiplib.o(i.tcp_alloc)
    i.tcp_arg                                0x00004fb0   Section        0  lwiplib.o(i.tcp_arg)
    i.tcp_bind                               0x00004fb4   Section        0  lwiplib.o(i.tcp_bind)
    i.tcp_close                              0x00005070   Section        0  lwiplib.o(i.tcp_close)
    i.tcp_connect                            0x00005110   Section        0  lwiplib.o(i.tcp_connect)
    i.tcp_eff_send_mss                       0x000051cc   Section        0  lwiplib.o(i.tcp_eff_send_mss)
    i.tcp_enqueue                            0x000051ec   Section        0  lwiplib.o(i.tcp_enqueue)
    i.tcp_err                                0x000054f8   Section        0  lwiplib.o(i.tcp_err)
    i.tcp_fasttmr                            0x00005500   Section        0  lwiplib.o(i.tcp_fasttmr)
    i.tcp_input                              0x00005560   Section        0  lwiplib.o(i.tcp_input)
    i.tcp_keepalive                          0x000058c0   Section        0  lwiplib.o(i.tcp_keepalive)
    i.tcp_listen_input                       0x00005924   Section        0  lwiplib.o(i.tcp_listen_input)
    tcp_listen_input                         0x00005925   Thumb Code   232  lwiplib.o(i.tcp_listen_input)
    i.tcp_new                                0x00005a14   Section        0  lwiplib.o(i.tcp_new)
    i.tcp_new_port                           0x00005a1c   Section        0  lwiplib.o(i.tcp_new_port)
    tcp_new_port                             0x00005a1d   Thumb Code    90  lwiplib.o(i.tcp_new_port)
    i.tcp_next_iss                           0x00005a7c   Section        0  lwiplib.o(i.tcp_next_iss)
    i.tcp_oos_insert_segment                 0x00005a8c   Section        0  lwiplib.o(i.tcp_oos_insert_segment)
    tcp_oos_insert_segment                   0x00005a8d   Thumb Code   120  lwiplib.o(i.tcp_oos_insert_segment)
    i.tcp_output                             0x00005b08   Section        0  lwiplib.o(i.tcp_output)
    i.tcp_output_segment                     0x00005c7c   Section        0  lwiplib.o(i.tcp_output_segment)
    tcp_output_segment                       0x00005c7d   Thumb Code   190  lwiplib.o(i.tcp_output_segment)
    i.tcp_output_set_header                  0x00005d48   Section        0  lwiplib.o(i.tcp_output_set_header)
    tcp_output_set_header                    0x00005d49   Thumb Code    94  lwiplib.o(i.tcp_output_set_header)
    i.tcp_parseopt                           0x00005da8   Section        0  lwiplib.o(i.tcp_parseopt)
    tcp_parseopt                             0x00005da9   Thumb Code   108  lwiplib.o(i.tcp_parseopt)
    i.tcp_pcb_purge                          0x00005e18   Section        0  lwiplib.o(i.tcp_pcb_purge)
    i.tcp_pcb_remove                         0x00005e5c   Section        0  lwiplib.o(i.tcp_pcb_remove)
    i.tcp_poll                               0x00005eb8   Section        0  lwiplib.o(i.tcp_poll)
    i.tcp_process                            0x00005ec4   Section        0  lwiplib.o(i.tcp_process)
    tcp_process                              0x00005ec5   Thumb Code   796  lwiplib.o(i.tcp_process)
    i.tcp_receive                            0x000061e4   Section        0  lwiplib.o(i.tcp_receive)
    tcp_receive                              0x000061e5   Thumb Code  1538  lwiplib.o(i.tcp_receive)
    i.tcp_recv                               0x000067ec   Section        0  lwiplib.o(i.tcp_recv)
    i.tcp_recv_null                          0x000067f2   Section        0  lwiplib.o(i.tcp_recv_null)
    i.tcp_recved                             0x00006816   Section        0  lwiplib.o(i.tcp_recved)
    i.tcp_rexmit                             0x00006850   Section        0  lwiplib.o(i.tcp_rexmit)
    i.tcp_rexmit_fast                        0x00006890   Section        0  lwiplib.o(i.tcp_rexmit_fast)
    i.tcp_rexmit_rto                         0x000068e6   Section        0  lwiplib.o(i.tcp_rexmit_rto)
    i.tcp_rst                                0x00006914   Section        0  lwiplib.o(i.tcp_rst)
    i.tcp_seg_copy                           0x000069b4   Section        0  lwiplib.o(i.tcp_seg_copy)
    i.tcp_seg_free                           0x000069d8   Section        0  lwiplib.o(i.tcp_seg_free)
    i.tcp_segs_free                          0x000069f8   Section        0  lwiplib.o(i.tcp_segs_free)
    i.tcp_send_ctrl                          0x00006a12   Section        0  lwiplib.o(i.tcp_send_ctrl)
    i.tcp_send_empty_ack                     0x00006a28   Section        0  lwiplib.o(i.tcp_send_empty_ack)
    i.tcp_sent                               0x00006a8e   Section        0  lwiplib.o(i.tcp_sent)
    i.tcp_slowtmr                            0x00006a94   Section        0  lwiplib.o(i.tcp_slowtmr)
    i.tcp_timewait_input                     0x00006cdc   Section        0  lwiplib.o(i.tcp_timewait_input)
    tcp_timewait_input                       0x00006cdd   Thumb Code   100  lwiplib.o(i.tcp_timewait_input)
    i.tcp_tmr                                0x00006d44   Section        0  lwiplib.o(i.tcp_tmr)
    i.tcp_update_rcv_ann_wnd                 0x00006d64   Section        0  lwiplib.o(i.tcp_update_rcv_ann_wnd)
    i.tcp_write                              0x00006d96   Section        0  lwiplib.o(i.tcp_write)
    i.tcp_zero_window_probe                  0x00006dc4   Section        0  lwiplib.o(i.tcp_zero_window_probe)
    i.udp_bind                               0x00006e74   Section        0  lwiplib.o(i.udp_bind)
    i.udp_connect                            0x00006ed0   Section        0  lwiplib.o(i.udp_connect)
    i.udp_input                              0x00006f1c   Section        0  lwiplib.o(i.udp_input)
    i.udp_new                                0x000070e4   Section        0  lwiplib.o(i.udp_new)
    i.udp_remove                             0x00007100   Section        0  lwiplib.o(i.udp_remove)
    i.udp_sendto                             0x0000712c   Section        0  lwiplib.o(i.udp_sendto)
    i.udp_sendto_if                          0x00007160   Section        0  lwiplib.o(i.udp_sendto_if)
    i.update_arp_entry                       0x00007238   Section        0  lwiplib.o(i.update_arp_entry)
    update_arp_entry                         0x00007239   Thumb Code   156  lwiplib.o(i.update_arp_entry)
    i.usprintf                               0x000072d8   Section        0  ustdlib.o(i.usprintf)
    i.uvsnprintf                             0x000072f0   Section        0  ustdlib.o(i.uvsnprintf)
    x$fpl$fpinit                             0x00007544   Section       14  fpinit.o(x$fpl$fpinit)
    .constdata                               0x00007552   Section      571  rit128x96x4.o(.constdata)
    g_pucRIT128x96x4VerticalInc              0x00007552   Data           2  rit128x96x4.o(.constdata)
    g_pucRIT128x96x4HorizontalInc            0x00007554   Data           2  rit128x96x4.o(.constdata)
    pucCommand1                              0x00007556   Data           2  rit128x96x4.o(.constdata)
    pucCommand1                              0x00007558   Data           3  rit128x96x4.o(.constdata)
    pucCommand2                              0x0000755b   Data           3  rit128x96x4.o(.constdata)
    g_pucFont                                0x0000755e   Data         480  rit128x96x4.o(.constdata)
    g_pucRIT128x96x4Init                     0x0000773e   Data          79  rit128x96x4.o(.constdata)
    .constdata                               0x0000778e   Section       73  lwiplib.o(.constdata)
    memp_sizes                               0x000077aa   Data          16  lwiplib.o(.constdata)
    memp_num                                 0x000077ba   Data          16  lwiplib.o(.constdata)
    .constdata                               0x000077d8   Section       28  ustdlib.o(.constdata)
    g_pcHex                                  0x000077d8   Data           4  ustdlib.o(.constdata)
    g_psDaysToMonth                          0x000077dc   Data          24  ustdlib.o(.constdata)
    .constdata                               0x000077f4   Section       28  uartstdio.o(.constdata)
    g_pcHex                                  0x000077f4   Data           4  uartstdio.o(.constdata)
    g_ulUARTBase                             0x000077f8   Data          12  uartstdio.o(.constdata)
    g_ulUARTPeriph                           0x00007804   Data          12  uartstdio.o(.constdata)
    .constdata                               0x00007810   Section       97  webclient.o(.constdata)
    .constdata                               0x00007874   Section      156  sysctl.o(.constdata)
    g_pulDCRegs                              0x00007874   Data          16  sysctl.o(.constdata)
    g_pulSRCRRegs                            0x00007884   Data          12  sysctl.o(.constdata)
    g_pulRCGCRegs                            0x00007890   Data          12  sysctl.o(.constdata)
    g_pulSCGCRegs                            0x0000789c   Data          12  sysctl.o(.constdata)
    g_pulDCGCRegs                            0x000078a8   Data          12  sysctl.o(.constdata)
    g_pulXtals                               0x000078b4   Data          92  sysctl.o(.constdata)
    .conststring                             0x00007910   Section      104  lwiplib.o(.conststring)
    .conststring                             0x00007978   Section       17  ustdlib.o(.conststring)
    .data                                    0x20000000   Section        4  main.o(.data)
    ulLastIPAddress                          0x20000000   Data           4  main.o(.data)
    .data                                    0x20000004   Section       28  rit128x96x4.o(.data)
    g_bSSIEnabled                            0x20000004   Data           1  rit128x96x4.o(.data)
    g_pucBuffer                              0x20000018   Data           8  rit128x96x4.o(.data)
    .data                                    0x20000020   Section      216  lwiplib.o(.data)
    netifnum                                 0x20000020   Data           1  lwiplib.o(.data)
    dns_seqno                                0x20000021   Data           1  lwiplib.o(.data)
    mem_sem                                  0x20000022   Data           1  lwiplib.o(.data)
    tcp_timer                                0x20000023   Data           1  lwiplib.o(.data)
    flags                                    0x20000024   Data           1  lwiplib.o(.data)
    recv_flags                               0x20000025   Data           1  lwiplib.o(.data)
    etharp_cached_entry                      0x20000026   Data           1  lwiplib.o(.data)
    port                                     0x20000028   Data           2  lwiplib.o(.data)
    ip_id                                    0x2000002a   Data           2  lwiplib.o(.data)
    tcplen                                   0x2000002c   Data           2  lwiplib.o(.data)
    g_ulLocalTimer                           0x20000030   Data           4  lwiplib.o(.data)
    g_ulMDIXTimer                            0x20000034   Data           4  lwiplib.o(.data)
    g_ulTCPTimer                             0x20000038   Data           4  lwiplib.o(.data)
    g_ulHostTimer                            0x2000003c   Data           4  lwiplib.o(.data)
    g_ulARPTimer                             0x20000040   Data           4  lwiplib.o(.data)
    g_ulAutoIPTimer                          0x20000044   Data           4  lwiplib.o(.data)
    g_ulDHCPCoarseTimer                      0x20000048   Data           4  lwiplib.o(.data)
    g_ulDHCPFineTimer                        0x2000004c   Data           4  lwiplib.o(.data)
    g_ulDNSTimer                             0x20000050   Data           4  lwiplib.o(.data)
    g_ulIPMode                               0x20000054   Data           4  lwiplib.o(.data)
    xid                                      0x20000058   Data           4  lwiplib.o(.data)
    iss                                      0x2000005c   Data           4  lwiplib.o(.data)
    dns_pcb                                  0x20000060   Data           4  lwiplib.o(.data)
    ram                                      0x20000064   Data           4  lwiplib.o(.data)
    ram_end                                  0x20000068   Data           4  lwiplib.o(.data)
    lfree                                    0x2000006c   Data           4  lwiplib.o(.data)
    raw_pcbs                                 0x20000078   Data           4  lwiplib.o(.data)
    tcphdr                                   0x20000094   Data           4  lwiplib.o(.data)
    iphdr                                    0x20000098   Data           4  lwiplib.o(.data)
    seqno                                    0x2000009c   Data           4  lwiplib.o(.data)
    ackno                                    0x200000a0   Data           4  lwiplib.o(.data)
    recv_data                                0x200000a4   Data           4  lwiplib.o(.data)
    g_ulIPAddr                               0x200000b8   Data           4  lwiplib.o(.data)
    g_ulNetMask                              0x200000bc   Data           4  lwiplib.o(.data)
    g_ulGWAddr                               0x200000c0   Data           4  lwiplib.o(.data)
    dns_servers                              0x200000c4   Data           8  lwiplib.o(.data)
    .data                                    0x200000f8   Section        8  uartstdio.o(.data)
    bLastWasCR                               0x200000f8   Data           1  uartstdio.o(.data)
    g_ulBase                                 0x200000fc   Data           4  uartstdio.o(.data)
    .data                                    0x20000100   Section        1  webclient.o(.data)
    num                                      0x20000100   Data           1  webclient.o(.data)
    .bss                                     0x20000104   Section    35432  lwiplib.o(.bss)
    str                                      0x20000104   Data          16  lwiplib.o(.bss)
    dns_table                                0x20000114   Data        1120  lwiplib.o(.bss)
    dns_payload                              0x20000574   Data         512  lwiplib.o(.bss)
    ram_heap                                 0x20000774   Data       22548  lwiplib.o(.bss)
    memp_tab                                 0x20005f88   Data          32  lwiplib.o(.bss)
    memp_memory                              0x20005fa8   Data       10595  lwiplib.o(.bss)
    inseg                                    0x200089f8   Data          20  lwiplib.o(.bss)
    arp_table                                0x20008a0c   Data         200  lwiplib.o(.bss)
    stellarisif_data                         0x20008ad4   Data          96  lwiplib.o(.bss)
    g_sNetIF                                 0x20008b34   Data          56  lwiplib.o(.bss)
    .bss                                     0x20008b6c   Section       96  libspace.o(.bss)
    HEAP                                     0x20008bd0   Section      256  startup_rvmdk.o(HEAP)
    HeapMem                                  0x20008bd0   Data           0  startup_rvmdk.o(HEAP)
    STACK                                    0x20008cd0   Section     1024  startup_rvmdk.o(STACK)
    StackMem                                 0x20008cd0   Data           0  startup_rvmdk.o(STACK)

    Global Symbols

    Symbol Name                              Value     Ov Type        Size  Object(Section)

    BuildAttributes$$THM_ISAv4$P$D$K$B$S$PE$A:L22UL41UL21$X:L11$S22US41US21$IEEE1$IW$USESV6$~STKCKD$USESV7$~SHL$OTIME$ROPI$EBA8$UX$STANDARDLIB$REQ8$PRES8$EABIv2 0x00000000   Number         0  anon$$obj.o ABSOLUTE
    __ARM_use_no_argv                        0x00000000   Number         0  main.o ABSOLUTE
    __Vectors                                0x00000000   Data           0  startup_rvmdk.o(RESET)
    __ARM_exceptions_init                     - Undefined Weak Reference
    __alloca_initialize                       - Undefined Weak Reference
    __cpp_initialize__aeabi_                  - Undefined Weak Reference
    __cxa_finalize                            - Undefined Weak Reference
    __rt_locale                               - Undefined Weak Reference
    __sigvec_lookup                           - Undefined Weak Reference
    __user_heap_extent                        - Undefined Weak Reference
    _atexit_init                              - Undefined Weak Reference
    _call_atexit_fns                          - Undefined Weak Reference
    _clock_init                               - Undefined Weak Reference
    _fp_trap_init                             - Undefined Weak Reference
    _fp_trap_shutdown                         - Undefined Weak Reference
    _get_lc_collate                           - Undefined Weak Reference
    _get_lc_ctype                             - Undefined Weak Reference
    _get_lc_monetary                          - Undefined Weak Reference
    _get_lc_numeric                           - Undefined Weak Reference
    _get_lc_time                              - Undefined Weak Reference
    _getenv_init                              - Undefined Weak Reference
    _handle_redirection                       - Undefined Weak Reference
    _initio                                   - Undefined Weak Reference
    _mutex_acquire                            - Undefined Weak Reference
    _mutex_free                               - Undefined Weak Reference
    _mutex_release                            - Undefined Weak Reference
    _rand_init                                - Undefined Weak Reference
    _signal_finish                            - Undefined Weak Reference
    _signal_init                              - Undefined Weak Reference
    _terminateio                              - Undefined Weak Reference
    Reset_Handler                            0x0000026d   Thumb Code     0  startup_rvmdk.o(RESET)
    __main                                   0x00000279   Thumb Code     8  __main.o(!!!main)
    __scatterload                            0x00000281   Thumb Code     0  __scatter.o(!!!scatter)
    __scatterload_rt2                        0x00000281   Thumb Code    44  __scatter.o(!!!scatter)
    __scatterload_rt2_thumb_only             0x00000281   Thumb Code     0  __scatter.o(!!!scatter)
    __scatterload_null                       0x0000028f   Thumb Code     0  __scatter.o(!!!scatter)
    __scatterload_copy                       0x000002b5   Thumb Code    26  __scatter_copy.o(!!handler_copy)
    __scatterload_zeroinit                   0x000002d1   Thumb Code    28  __scatter_zi.o(!!handler_zi)
    __rt_lib_init                            0x000002ed   Thumb Code     0  libinit.o(.ARM.Collect$$libinit$$00000000)
    __rt_lib_init_heap_2                     0x000002f3   Thumb Code     0  libinit2.o(.ARM.Collect$$libinit$$00000001)
    __rt_lib_init_alloca_1                   0x000002fb   Thumb Code     0  libinit2.o(.ARM.Collect$$libinit$$0000002A)
    __rt_lib_init_argv_1                     0x000002fb   Thumb Code     0  libinit2.o(.ARM.Collect$$libinit$$00000028)
    __rt_lib_init_atexit_1                   0x000002fb   Thumb Code     0  libinit2.o(.ARM.Collect$$libinit$$00000017)
    __rt_lib_init_clock_1                    0x000002fb   Thumb Code     0  libinit2.o(.ARM.Collect$$libinit$$0000001D)
    __rt_lib_init_cpp_1                      0x000002fb   Thumb Code     0  libinit2.o(.ARM.Collect$$libinit$$0000002E)
    __rt_lib_init_exceptions_1               0x000002fb   Thumb Code     0  libinit2.o(.ARM.Collect$$libinit$$0000002C)
    __rt_lib_init_fp_trap_1                  0x000002fb   Thumb Code     0  libinit2.o(.ARM.Collect$$libinit$$0000001B)
    __rt_lib_init_getenv_1                   0x000002fb   Thumb Code     0  libinit2.o(.ARM.Collect$$libinit$$0000001F)
    __rt_lib_init_heap_1                     0x000002fb   Thumb Code     0  libinit2.o(.ARM.Collect$$libinit$$00000006)
    __rt_lib_init_lc_collate_1               0x000002fb   Thumb Code     0  libinit2.o(.ARM.Collect$$libinit$$0000000D)
    __rt_lib_init_lc_ctype_1                 0x000002fb   Thumb Code     0  libinit2.o(.ARM.Collect$$libinit$$0000000F)
    __rt_lib_init_lc_monetary_1              0x000002fb   Thumb Code     0  libinit2.o(.ARM.Collect$$libinit$$00000011)
    __rt_lib_init_lc_numeric_1               0x000002fb   Thumb Code     0  libinit2.o(.ARM.Collect$$libinit$$00000013)
    __rt_lib_init_lc_time_1                  0x000002fb   Thumb Code     0  libinit2.o(.ARM.Collect$$libinit$$00000015)
    __rt_lib_init_rand_1                     0x000002fb   Thumb Code     0  libinit2.o(.ARM.Collect$$libinit$$0000000A)
    __rt_lib_init_return                     0x000002fb   Thumb Code     0  libinit2.o(.ARM.Collect$$libinit$$0000002F)
    __rt_lib_init_signal_1                   0x000002fb   Thumb Code     0  libinit2.o(.ARM.Collect$$libinit$$00000019)
    __rt_lib_init_stdio_1                    0x000002fb   Thumb Code     0  libinit2.o(.ARM.Collect$$libinit$$00000021)
    __rt_lib_init_user_alloc_1               0x000002fb   Thumb Code     0  libinit2.o(.ARM.Collect$$libinit$$00000008)
    __rt_lib_shutdown                        0x000002fd   Thumb Code     0  libshutdown.o(.ARM.Collect$$libshutdown$$00000000)
    __rt_lib_shutdown_fp_trap_1              0x000002ff   Thumb Code     0  libshutdown2.o(.ARM.Collect$$libshutdown$$00000006)
    __rt_lib_shutdown_heap_1                 0x000002ff   Thumb Code     0  libshutdown2.o(.ARM.Collect$$libshutdown$$0000000E)
    __rt_lib_shutdown_return                 0x000002ff   Thumb Code     0  libshutdown2.o(.ARM.Collect$$libshutdown$$0000000F)
    __rt_lib_shutdown_signal_1               0x000002ff   Thumb Code     0  libshutdown2.o(.ARM.Collect$$libshutdown$$00000009)
    __rt_lib_shutdown_stdio_1                0x000002ff   Thumb Code     0  libshutdown2.o(.ARM.Collect$$libshutdown$$00000003)
    __rt_lib_shutdown_user_alloc_1           0x000002ff   Thumb Code     0  libshutdown2.o(.ARM.Collect$$libshutdown$$0000000B)
    __rt_entry                               0x00000301   Thumb Code     0  rtentry.o(.ARM.Collect$$rtentry$$00000000)
    __rt_entry_presh_1                       0x00000301   Thumb Code     0  rtentry2.o(.ARM.Collect$$rtentry$$00000002)
    __rt_entry_sh                            0x00000301   Thumb Code     0  rtentry4.o(.ARM.Collect$$rtentry$$00000004)
    __rt_entry_li                            0x00000307   Thumb Code     0  rtentry2.o(.ARM.Collect$$rtentry$$0000000A)
    __rt_entry_postsh_1                      0x00000307   Thumb Code     0  rtentry2.o(.ARM.Collect$$rtentry$$00000009)
    __rt_entry_main                          0x0000030b   Thumb Code     0  rtentry2.o(.ARM.Collect$$rtentry$$0000000D)
    __rt_entry_postli_1                      0x0000030b   Thumb Code     0  rtentry2.o(.ARM.Collect$$rtentry$$0000000C)
    __rt_exit                                0x00000313   Thumb Code     0  rtexit.o(.ARM.Collect$$rtexit$$00000000)
    __rt_exit_ls                             0x00000315   Thumb Code     0  rtexit2.o(.ARM.Collect$$rtexit$$00000003)
    __rt_exit_prels_1                        0x00000315   Thumb Code     0  rtexit2.o(.ARM.Collect$$rtexit$$00000002)
    __rt_exit_exit                           0x00000319   Thumb Code     0  rtexit2.o(.ARM.Collect$$rtexit$$00000004)
    SysCtlDelay                              0x00000321   Thumb Code     6  sysctl.o(.emb_text)
    CPUcpsid                                 0x00000329   Thumb Code     8  cpu.o(.emb_text)
    CPUprimask                               0x00000331   Thumb Code     6  cpu.o(.emb_text)
    CPUcpsie                                 0x00000337   Thumb Code     8  cpu.o(.emb_text)
    CPUwfi                                   0x0000033f   Thumb Code     4  cpu.o(.emb_text)
    CPUbasepriSet                            0x00000343   Thumb Code     6  cpu.o(.emb_text)
    CPUbasepriGet                            0x00000349   Thumb Code     6  cpu.o(.emb_text)
    __user_initial_stackheap                 0x00000351   Thumb Code     0  startup_rvmdk.o(.text)
    _maybe_terminate_alloc                   0x00000351   Thumb Code     0  maybetermalloc1.o(.emb_text)
    malloc                                   0x0000036d   Thumb Code    94  h1_alloc.o(.text)
    free                                     0x000003cb   Thumb Code    78  h1_free.o(.text)
    realloc                                  0x00000419   Thumb Code   184  h1_realloc.o(.text)
    memcmp                                   0x000004d1   Thumb Code    88  memcmp.o(.text)
    strcpy                                   0x00000529   Thumb Code    72  strcpy.o(.text)
    strlen                                   0x00000571   Thumb Code    62  strlen.o(.text)
    __aeabi_memcpy                           0x000005af   Thumb Code     0  rt_memcpy_v6.o(.text)
    __rt_memcpy                              0x000005af   Thumb Code   138  rt_memcpy_v6.o(.text)
    _memcpy_lastbytes                        0x00000615   Thumb Code     0  rt_memcpy_v6.o(.text)
    __aeabi_memcpy4                          0x00000639   Thumb Code     0  rt_memcpy_w.o(.text)
    __aeabi_memcpy8                          0x00000639   Thumb Code     0  rt_memcpy_w.o(.text)
    __rt_memcpy_w                            0x00000639   Thumb Code   100  rt_memcpy_w.o(.text)
    _memcpy_lastbytes_aligned                0x00000681   Thumb Code     0  rt_memcpy_w.o(.text)
    __aeabi_memclr                           0x0000069d   Thumb Code     0  rt_memclr.o(.text)
    __rt_memclr                              0x0000069d   Thumb Code    68  rt_memclr.o(.text)
    _memset                                  0x000006a1   Thumb Code     0  rt_memclr.o(.text)
    __aeabi_memclr4                          0x000006e1   Thumb Code     0  rt_memclr_w.o(.text)
    __aeabi_memclr8                          0x000006e1   Thumb Code     0  rt_memclr_w.o(.text)
    __rt_memclr_w                            0x000006e1   Thumb Code    78  rt_memclr_w.o(.text)
    _memset_w                                0x000006e5   Thumb Code     0  rt_memclr_w.o(.text)
    strncpy                                  0x0000072f   Thumb Code    86  strncpy.o(.text)
    strcmp                                   0x00000785   Thumb Code   128  strcmpv7m.o(.text)
    __use_two_region_memory                  0x00000805   Thumb Code     2  heapauxi.o(.text)
    __rt_heap_escrow                         0x00000807   Thumb Code     2  heapauxi.o(.text)
    __rt_heap_expand                         0x00000809   Thumb Code     2  heapauxi.o(.text)
    __rt_heap_descriptor                     0x0000080d   Thumb Code     8  rt_heap_descriptor_intlibspace.o(.text)
    __use_no_heap                            0x00000815   Thumb Code     2  hguard.o(.text)
    __heap$guard                             0x00000817   Thumb Code     2  hguard.o(.text)
    _terminate_user_alloc                    0x00000819   Thumb Code     2  init_alloc.o(.text)
    _init_user_alloc                         0x0000081b   Thumb Code     2  init_alloc.o(.text)
    __Heap_Full                              0x0000081d   Thumb Code    34  init_alloc.o(.text)
    __Heap_Broken                            0x0000083f   Thumb Code     6  init_alloc.o(.text)
    _init_alloc                              0x00000845   Thumb Code    94  init_alloc.o(.text)
    __Heap_Initialize                        0x000008a3   Thumb Code    10  h1_init.o(.text)
    __Heap_DescSize                          0x000008ad   Thumb Code     4  h1_init.o(.text)
    __user_libspace                          0x000008b1   Thumb Code     8  libspace.o(.text)
    __user_perproc_libspace                  0x000008b1   Thumb Code     0  libspace.o(.text)
    __user_perthread_libspace                0x000008b1   Thumb Code     0  libspace.o(.text)
    __Heap_ProvideMemory                     0x000008b9   Thumb Code    52  h1_extend.o(.text)
    __rt_SIGRTMEM                            0x000008ed   Thumb Code    14  defsig_rtmem_outer.o(.text)
    __I$use$semihosting                      0x000008fb   Thumb Code     0  use_no_semi.o(.text)
    __use_no_semihosting_swi                 0x000008fb   Thumb Code     2  use_no_semi.o(.text)
    __semihosting_library_function           0x000008fd   Thumb Code     0  indicate_semi.o(.text)
    __user_setup_stackheap                   0x000008fd   Thumb Code    74  sys_stackheap_outer.o(.text)
    exit                                     0x00000947   Thumb Code    12  exit.o(.text)
    __sig_exit                               0x00000953   Thumb Code    10  defsig_exit.o(.text)
    __rt_SIGRTMEM_inner                      0x0000095d   Thumb Code    22  defsig_rtmem_inner.o(.text)
    _sys_exit                                0x000009ad   Thumb Code     8  sys_exit.o(.text)
    __default_signal_display                 0x000009b9   Thumb Code    50  defsig_general.o(.text)
    _ttywrch                                 0x000009eb   Thumb Code    14  sys_wrch.o(.text)
    __rt_fp_status_addr                      0x000009f9   Thumb Code     8  rt_fp_status_addr_intlibspace.o(.text)
    EthernetConfigSet                        0x00000a01   Thumb Code    42  ethernet.o(i.EthernetConfigSet)
    EthernetEnable                           0x00000a2b   Thumb Code    34  ethernet.o(i.EthernetEnable)
    EthernetInitExpClk                       0x00000a4d   Thumb Code    12  ethernet.o(i.EthernetInitExpClk)
    EthernetIntClear                         0x00000a5d   Thumb Code     4  ethernet.o(i.EthernetIntClear)
    EthernetIntDisable                       0x00000a61   Thumb Code    10  ethernet.o(i.EthernetIntDisable)
    EthernetIntEnable                        0x00000a6b   Thumb Code     8  ethernet.o(i.EthernetIntEnable)
    EthernetIntStatus                        0x00000a73   Thumb Code    14  ethernet.o(i.EthernetIntStatus)
    EthernetMACAddrGet                       0x00000a81   Thumb Code    50  ethernet.o(i.EthernetMACAddrGet)
    EthernetMACAddrSet                       0x00000ab3   Thumb Code    54  ethernet.o(i.EthernetMACAddrSet)
    EthernetPHYRead                          0x00000ae9   Thumb Code    34  ethernet.o(i.EthernetPHYRead)
    FlashUserGet                             0x00000b0d   Thumb Code    48  flash.o(i.FlashUserGet)
    GPIODirModeSet                           0x00000b45   Thumb Code    40  gpio.o(i.GPIODirModeSet)
    GPIOPadConfigSet                         0x00000b6d   Thumb Code   176  gpio.o(i.GPIOPadConfigSet)
    GPIOPinTypeEthernetLED                   0x00000c1d   Thumb Code    28  gpio.o(i.GPIOPinTypeEthernetLED)
    GPIOPinTypeGPIOOutput                    0x00000c39   Thumb Code    28  gpio.o(i.GPIOPinTypeGPIOOutput)
    GPIOPinTypeSSI                           0x00000c55   Thumb Code    28  gpio.o(i.GPIOPinTypeSSI)
    GPIOPinTypeUART                          0x00000c71   Thumb Code    28  gpio.o(i.GPIOPinTypeUART)
    GPIOPinWrite                             0x00000c8d   Thumb Code     6  gpio.o(i.GPIOPinWrite)
    IntEnable                                0x00000c93   Thumb Code   104  interrupt.o(i.IntEnable)
    IntMasterDisable                         0x00000cfb   Thumb Code    10  interrupt.o(i.IntMasterDisable)
    IntMasterEnable                          0x00000d05   Thumb Code    10  interrupt.o(i.IntMasterEnable)
    RIT128x96x4Clear                         0x00000d11   Thumb Code    64  rit128x96x4.o(i.RIT128x96x4Clear)
    RIT128x96x4Enable                        0x00000d59   Thumb Code    84  rit128x96x4.o(i.RIT128x96x4Enable)
    RIT128x96x4Init                          0x00000db5   Thumb Code   178  rit128x96x4.o(i.RIT128x96x4Init)
    RIT128x96x4StringDraw                    0x00000e81   Thumb Code   198  rit128x96x4.o(i.RIT128x96x4StringDraw)
    SSIConfigSetExpClk                       0x00000fd1   Thumb Code    76  ssi.o(i.SSIConfigSetExpClk)
    SSIDataGet                               0x0000101d   Thumb Code    14  ssi.o(i.SSIDataGet)
    SSIDataGetNonBlocking                    0x0000102b   Thumb Code    18  ssi.o(i.SSIDataGetNonBlocking)
    SSIDataPut                               0x0000103d   Thumb Code    12  ssi.o(i.SSIDataPut)
    SSIDisable                               0x00001049   Thumb Code    10  ssi.o(i.SSIDisable)
    SSIEnable                                0x00001053   Thumb Code    10  ssi.o(i.SSIEnable)
    SysCtlClockGet                           0x0000105d   Thumb Code   438  sysctl.o(i.SysCtlClockGet)
    SysCtlClockSet                           0x00001241   Thumb Code   288  sysctl.o(i.SysCtlClockSet)
    SysCtlPeripheralEnable                   0x00001379   Thumb Code    26  sysctl.o(i.SysCtlPeripheralEnable)
    SysCtlPeripheralPresent                  0x00001399   Thumb Code    50  sysctl.o(i.SysCtlPeripheralPresent)
    SysCtlPeripheralReset                    0x000013d9   Thumb Code    50  sysctl.o(i.SysCtlPeripheralReset)
    SysTickEnable                            0x00001411   Thumb Code    14  systick.o(i.SysTickEnable)
    SysTickIntEnable                         0x0000141f   Thumb Code    14  systick.o(i.SysTickIntEnable)
    SysTickIntHandler                        0x0000142d   Thumb Code     6  main.o(i.SysTickIntHandler)
    SysTickPeriodSet                         0x00001433   Thumb Code    10  systick.o(i.SysTickPeriodSet)
    UARTCharPut                              0x0000143d   Thumb Code    12  uart.o(i.UARTCharPut)
    UARTConfigSetExpClk                      0x00001449   Thumb Code   110  uart.o(i.UARTConfigSetExpClk)
    UARTEnable                               0x000014b7   Thumb Code    20  uart.o(i.UARTEnable)
    UARTStdioInit                            0x000014cb   Thumb Code     8  uartstdio.o(i.UARTStdioInit)
    UARTStdioInitExpClk                      0x000014d5   Thumb Code    72  uartstdio.o(i.UARTStdioInitExpClk)
    UARTprintf                               0x00001525   Thumb Code   424  uartstdio.o(i.UARTprintf)
    UARTwrite                                0x000016dd   Thumb Code    48  uartstdio.o(i.UARTwrite)
    autoip_arp_reply                         0x00001739   Thumb Code   154  lwiplib.o(i.autoip_arp_reply)
    autoip_start                             0x000017d5   Thumb Code   132  lwiplib.o(i.autoip_start)
    autoip_stop                              0x000018a9   Thumb Code    16  lwiplib.o(i.autoip_stop)
    autoip_tmr                               0x000018b9   Thumb Code   264  lwiplib.o(i.autoip_tmr)
    dhcp_arp_reply                           0x000019ff   Thumb Code    30  lwiplib.o(i.dhcp_arp_reply)
    dhcp_coarse_tmr                          0x00001b25   Thumb Code    90  lwiplib.o(i.dhcp_coarse_tmr)
    dhcp_fine_tmr                            0x00001ded   Thumb Code    46  lwiplib.o(i.dhcp_fine_tmr)
    dhcp_release                             0x000022ed   Thumb Code   176  lwiplib.o(i.dhcp_release)
    dhcp_renew                               0x000023a1   Thumb Code   144  lwiplib.o(i.dhcp_renew)
    dhcp_start                               0x00002529   Thumb Code   146  lwiplib.o(i.dhcp_start)
    dhcp_stop                                0x000025c5   Thumb Code    64  lwiplib.o(i.dhcp_stop)
    dns_found                                0x00002841   Thumb Code    98  main.o(i.dns_found)
    dns_gethostbyname                        0x0000290d   Thumb Code   144  lwiplib.o(i.dns_gethostbyname)
    dns_init                                 0x000029a5   Thumb Code    56  lwiplib.o(i.dns_init)
    dns_setserver                            0x00002c25   Thumb Code    34  lwiplib.o(i.dns_setserver)
    dns_tmr                                  0x00002c4d   Thumb Code    28  lwiplib.o(i.dns_tmr)
    etharp_arp_input                         0x00002c6d   Thumb Code   300  lwiplib.o(i.etharp_arp_input)
    etharp_ip_input                          0x00002da1   Thumb Code    42  lwiplib.o(i.etharp_ip_input)
    etharp_output                            0x00002dcd   Thumb Code   170  lwiplib.o(i.etharp_output)
    etharp_query                             0x00002e81   Thumb Code   292  lwiplib.o(i.etharp_query)
    etharp_raw                               0x00002fad   Thumb Code   188  lwiplib.o(i.etharp_raw)
    etharp_request                           0x00003071   Thumb Code    32  lwiplib.o(i.etharp_request)
    etharp_tmr                               0x000030bd   Thumb Code    78  lwiplib.o(i.etharp_tmr)
    ethernet_input                           0x00003111   Thumb Code    96  lwiplib.o(i.ethernet_input)
    hc_clearpcb                              0x000032c7   Thumb Code    10  webclient.o(i.hc_clearpcb)
    hc_open                                  0x000033fd   Thumb Code   194  webclient.o(i.hc_open)
    hc_recv                                  0x000034f7   Thumb Code   286  webclient.o(i.hc_recv)
    htonl                                    0x0000361d   Thumb Code     4  lwiplib.o(i.htonl)
    icmp_dest_unreach                        0x00003621   Thumb Code     8  lwiplib.o(i.icmp_dest_unreach)
    icmp_input                               0x00003629   Thumb Code   386  lwiplib.o(i.icmp_input)
    inet_addr                                0x00003821   Thumb Code    20  lwiplib.o(i.inet_addr)
    inet_aton                                0x00003835   Thumb Code   238  lwiplib.o(i.inet_aton)
    inet_chksum                              0x00003923   Thumb Code    12  lwiplib.o(i.inet_chksum)
    inet_chksum_pbuf                         0x0000392f   Thumb Code    72  lwiplib.o(i.inet_chksum_pbuf)
    inet_chksum_pseudo                       0x00003977   Thumb Code   130  lwiplib.o(i.inet_chksum_pseudo)
    ip_addr_isbroadcast                      0x000039f9   Thumb Code    48  lwiplib.o(i.ip_addr_isbroadcast)
    ip_input                                 0x00003a29   Thumb Code   504  lwiplib.o(i.ip_input)
    ip_output                                0x00003c29   Thumb Code    60  lwiplib.o(i.ip_output)
    ip_output_if                             0x00003c69   Thumb Code   176  lwiplib.o(i.ip_output_if)
    ip_route                                 0x00003d21   Thumb Code    66  lwiplib.o(i.ip_route)
    lwIPEthernetIntHandler                   0x00003d6d   Thumb Code    38  lwiplib.o(i.lwIPEthernetIntHandler)
    lwIPHostTimerHandler                     0x00003d9d   Thumb Code    94  main.o(i.lwIPHostTimerHandler)
    lwIPInit                                 0x00003e41   Thumb Code    46  lwiplib.o(i.lwIPInit)
    lwIPLocalIPAddrGet                       0x00003e7d   Thumb Code     6  lwiplib.o(i.lwIPLocalIPAddrGet)
    lwIPTimer                                0x00003fbd   Thumb Code    20  lwiplib.o(i.lwIPTimer)
    lwip_init                                0x00003fd9   Thumb Code    18  lwiplib.o(i.lwip_init)
    main                                     0x00004025   Thumb Code   290  main.o(i.main)
    mem_free                                 0x000041d5   Thumb Code    80  lwiplib.o(i.mem_free)
    mem_init                                 0x0000422d   Thumb Code    50  lwiplib.o(i.mem_init)
    mem_malloc                               0x0000426d   Thumb Code   220  lwiplib.o(i.mem_malloc)
    mem_realloc                              0x00004351   Thumb Code   216  lwiplib.o(i.mem_realloc)
    memp_free                                0x00004431   Thumb Code    58  lwiplib.o(i.memp_free)
    memp_init                                0x00004475   Thumb Code   106  lwiplib.o(i.memp_init)
    memp_malloc                              0x000044ed   Thumb Code    86  lwiplib.o(i.memp_malloc)
    netif_add                                0x0000454d   Thumb Code    72  lwiplib.o(i.netif_add)
    netif_set_addr                           0x00004599   Thumb Code    32  lwiplib.o(i.netif_set_addr)
    netif_set_down                           0x000045b9   Thumb Code    18  lwiplib.o(i.netif_set_down)
    netif_set_gw                             0x000045cb   Thumb Code     8  lwiplib.o(i.netif_set_gw)
    netif_set_ipaddr                         0x000045d5   Thumb Code    94  lwiplib.o(i.netif_set_ipaddr)
    netif_set_netmask                        0x00004639   Thumb Code     8  lwiplib.o(i.netif_set_netmask)
    netif_set_up                             0x00004641   Thumb Code    28  lwiplib.o(i.netif_set_up)
    page_recv                                0x0000465d   Thumb Code    72  main.o(i.page_recv)
    pbuf_alloc                               0x000046ed   Thumb Code   276  lwiplib.o(i.pbuf_alloc)
    pbuf_cat                                 0x00004801   Thumb Code    40  lwiplib.o(i.pbuf_cat)
    pbuf_chain                               0x00004829   Thumb Code    18  lwiplib.o(i.pbuf_chain)
    pbuf_clen                                0x0000483b   Thumb Code    18  lwiplib.o(i.pbuf_clen)
    pbuf_copy                                0x0000484d   Thumb Code   144  lwiplib.o(i.pbuf_copy)
    pbuf_copy_partial                        0x000048dd   Thumb Code   104  lwiplib.o(i.pbuf_copy_partial)
    pbuf_free                                0x00004945   Thumb Code    82  lwiplib.o(i.pbuf_free)
    pbuf_header                              0x00004997   Thumb Code    96  lwiplib.o(i.pbuf_header)
    pbuf_realloc                             0x000049f7   Thumb Code    80  lwiplib.o(i.pbuf_realloc)
    pbuf_ref                                 0x00004a47   Thumb Code    26  lwiplib.o(i.pbuf_ref)
    raw_input                                0x00004ab5   Thumb Code    96  lwiplib.o(i.raw_input)
    stellarisif_init                         0x00004b19   Thumb Code   138  lwiplib.o(i.stellarisif_init)
    stellarisif_interrupt                    0x00004bb5   Thumb Code   110  lwiplib.o(i.stellarisif_interrupt)
    sys_arch_unprotect                       0x00004ded   Thumb Code    10  lwiplib.o(i.sys_arch_unprotect)
    tcp_abandon                              0x00004df9   Thumb Code   150  lwiplib.o(i.tcp_abandon)
    tcp_alloc                                0x00004e95   Thumb Code   268  lwiplib.o(i.tcp_alloc)
    tcp_arg                                  0x00004fb1   Thumb Code     4  lwiplib.o(i.tcp_arg)
    tcp_bind                                 0x00004fb5   Thumb Code   182  lwiplib.o(i.tcp_bind)
    tcp_close                                0x00005071   Thumb Code   154  lwiplib.o(i.tcp_close)
    tcp_connect                              0x00005111   Thumb Code   182  lwiplib.o(i.tcp_connect)
    tcp_eff_send_mss                         0x000051cd   Thumb Code    32  lwiplib.o(i.tcp_eff_send_mss)
    tcp_enqueue                              0x000051ed   Thumb Code   776  lwiplib.o(i.tcp_enqueue)
    tcp_err                                  0x000054f9   Thumb Code     6  lwiplib.o(i.tcp_err)
    tcp_fasttmr                              0x00005501   Thumb Code    90  lwiplib.o(i.tcp_fasttmr)
    tcp_input                                0x00005561   Thumb Code   854  lwiplib.o(i.tcp_input)
    tcp_keepalive                            0x000058c1   Thumb Code    94  lwiplib.o(i.tcp_keepalive)
    tcp_new                                  0x00005a15   Thumb Code     6  lwiplib.o(i.tcp_new)
    tcp_next_iss                             0x00005a7d   Thumb Code    12  lwiplib.o(i.tcp_next_iss)
    tcp_output                               0x00005b09   Thumb Code   366  lwiplib.o(i.tcp_output)
    tcp_pcb_purge                            0x00005e19   Thumb Code    66  lwiplib.o(i.tcp_pcb_purge)
    tcp_pcb_remove                           0x00005e5d   Thumb Code    88  lwiplib.o(i.tcp_pcb_remove)
    tcp_poll                                 0x00005eb9   Thumb Code    10  lwiplib.o(i.tcp_poll)
    tcp_recv                                 0x000067ed   Thumb Code     6  lwiplib.o(i.tcp_recv)
    tcp_recv_null                            0x000067f3   Thumb Code    36  lwiplib.o(i.tcp_recv_null)
    tcp_recved                               0x00006817   Thumb Code    58  lwiplib.o(i.tcp_recved)
    tcp_rexmit                               0x00006851   Thumb Code    64  lwiplib.o(i.tcp_rexmit)
    tcp_rexmit_fast                          0x00006891   Thumb Code    86  lwiplib.o(i.tcp_rexmit_fast)
    tcp_rexmit_rto                           0x000068e7   Thumb Code    46  lwiplib.o(i.tcp_rexmit_rto)
    tcp_rst                                  0x00006915   Thumb Code   154  lwiplib.o(i.tcp_rst)
    tcp_seg_copy                             0x000069b5   Thumb Code    36  lwiplib.o(i.tcp_seg_copy)
    tcp_seg_free                             0x000069d9   Thumb Code    32  lwiplib.o(i.tcp_seg_free)
    tcp_segs_free                            0x000069f9   Thumb Code    26  lwiplib.o(i.tcp_segs_free)
    tcp_send_ctrl                            0x00006a13   Thumb Code    22  lwiplib.o(i.tcp_send_ctrl)
    tcp_send_empty_ack                       0x00006a29   Thumb Code   102  lwiplib.o(i.tcp_send_empty_ack)
    tcp_sent                                 0x00006a8f   Thumb Code     6  lwiplib.o(i.tcp_sent)
    tcp_slowtmr                              0x00006a95   Thumb Code   570  lwiplib.o(i.tcp_slowtmr)
    tcp_tmr                                  0x00006d45   Thumb Code    28  lwiplib.o(i.tcp_tmr)
    tcp_update_rcv_ann_wnd                   0x00006d65   Thumb Code    50  lwiplib.o(i.tcp_update_rcv_ann_wnd)
    tcp_write                                0x00006d97   Thumb Code    46  lwiplib.o(i.tcp_write)
    tcp_zero_window_probe                    0x00006dc5   Thumb Code   170  lwiplib.o(i.tcp_zero_window_probe)
    udp_bind                                 0x00006e75   Thumb Code    86  lwiplib.o(i.udp_bind)
    udp_connect                              0x00006ed1   Thumb Code    72  lwiplib.o(i.udp_connect)
    udp_input                                0x00006f1d   Thumb Code   446  lwiplib.o(i.udp_input)
    udp_new                                  0x000070e5   Thumb Code    26  lwiplib.o(i.udp_new)
    udp_remove                               0x00007101   Thumb Code    40  lwiplib.o(i.udp_remove)
    udp_sendto                               0x0000712d   Thumb Code    48  lwiplib.o(i.udp_sendto)
    udp_sendto_if                            0x00007161   Thumb Code   212  lwiplib.o(i.udp_sendto_if)
    usprintf                                 0x000072d9   Thumb Code    22  ustdlib.o(i.usprintf)
    uvsnprintf                               0x000072f1   Thumb Code   584  ustdlib.o(i.uvsnprintf)
    _fp_init                                 0x00007545   Thumb Code    14  fpinit.o(x$fpl$fpinit)
    __fplib_config_pureend_doubles           0x00007551   Thumb Code     0  fpinit.o(x$fpl$fpinit)
    ip_addr_any                              0x0000778e   Data           4  lwiplib.o(.constdata)
    ip_addr_broadcast                        0x00007792   Data           4  lwiplib.o(.constdata)
    ethbroadcast                             0x00007796   Data           6  lwiplib.o(.constdata)
    ethzero                                  0x0000779c   Data           6  lwiplib.o(.constdata)
    tcp_persist_backoff                      0x000077a2   Data           7  lwiplib.o(.constdata)
    tcp_backoff                              0x000077ca   Data          13  lwiplib.o(.constdata)
    Region$$Table$$Base                      0x0000798c   Number         0  anon$$obj.o(Region$$Table)
    Region$$Table$$Limit                     0x000079ac   Number         0  anon$$obj.o(Region$$Table)
    ulGPIOId                                 0x20000008   Data           4  rit128x96x4.o(.data)
    ulGPIOBase                               0x2000000c   Data           4  rit128x96x4.o(.data)
    ulOLEDDC_PIN                             0x20000010   Data           4  rit128x96x4.o(.data)
    ulOLEDEN_PIN                             0x20000014   Data           4  rit128x96x4.o(.data)
    netif_list                               0x20000070   Data           4  lwiplib.o(.data)
    netif_default                            0x20000074   Data           4  lwiplib.o(.data)
    tcp_ticks                                0x2000007c   Data           4  lwiplib.o(.data)
    tcp_bound_pcbs                           0x20000080   Data           4  lwiplib.o(.data)
    tcp_listen_pcbs                          0x20000084   Data           4  lwiplib.o(.data)
    tcp_active_pcbs                          0x20000088   Data           4  lwiplib.o(.data)
    tcp_tw_pcbs                              0x2000008c   Data           4  lwiplib.o(.data)
    tcp_tmp_pcb                              0x20000090   Data           4  lwiplib.o(.data)
    tcp_input_pcb                            0x200000a8   Data           4  lwiplib.o(.data)
    udp_pcbs                                 0x200000ac   Data           4  lwiplib.o(.data)
    current_netif                            0x200000b0   Data           4  lwiplib.o(.data)
    current_header                           0x200000b4   Data           4  lwiplib.o(.data)
    tcp_state_str                            0x200000cc   Data          44  lwiplib.o(.data)
    lwip_stats                               0x2000890c   Data         234  lwiplib.o(.bss)
    __libspace_start                         0x20008b6c   Data          96  libspace.o(.bss)
    __temporary_stack_top$libspace           0x20008bcc   Data           0  libspace.o(.bss)



==============================================================================

Memory Map of the image

  Image Entry point : 0x00000279

  Load Region LR_IROM1 (Base: 0x00000000, Size: 0x00007ab0, Max: 0x00040000, ABSOLUTE)

    Execution Region ER_IROM1 (Base: 0x00000000, Size: 0x000079ac, Max: 0x00040000, ABSOLUTE)

    Base Addr    Size         Type   Attr      Idx    E Section Name        Object

    0x00000000   0x00000278   Code   RO          187    RESET               startup_rvmdk.o
    0x00000278   0x00000008   Code   RO         3251  * !!!main             c_w.l(__main.o)
    0x00000280   0x00000034   Code   RO         3452    !!!scatter          c_w.l(__scatter.o)
    0x000002b4   0x0000001a   Code   RO         3454    !!handler_copy      c_w.l(__scatter_copy.o)
    0x000002ce   0x00000002   PAD
    0x000002d0   0x0000001c   Code   RO         3456    !!handler_zi        c_w.l(__scatter_zi.o)
    0x000002ec   0x00000006   Code   RO         3385    .ARM.Collect$$libinit$$00000000  c_w.l(libinit.o)
    0x000002f2   0x00000008   Code   RO         3283    .ARM.Collect$$libinit$$00000001  c_w.l(libinit2.o)
    0x000002fa   0x00000000   Code   RO         3285    .ARM.Collect$$libinit$$00000006  c_w.l(libinit2.o)
    0x000002fa   0x00000000   Code   RO         3287    .ARM.Collect$$libinit$$00000008  c_w.l(libinit2.o)
    0x000002fa   0x00000000   Code   RO         3289    .ARM.Collect$$libinit$$0000000A  c_w.l(libinit2.o)
    0x000002fa   0x00000000   Code   RO         3292    .ARM.Collect$$libinit$$0000000D  c_w.l(libinit2.o)
    0x000002fa   0x00000000   Code   RO         3294    .ARM.Collect$$libinit$$0000000F  c_w.l(libinit2.o)
    0x000002fa   0x00000000   Code   RO         3296    .ARM.Collect$$libinit$$00000011  c_w.l(libinit2.o)
    0x000002fa   0x00000000   Code   RO         3298    .ARM.Collect$$libinit$$00000013  c_w.l(libinit2.o)
    0x000002fa   0x00000000   Code   RO         3300    .ARM.Collect$$libinit$$00000015  c_w.l(libinit2.o)
    0x000002fa   0x00000000   Code   RO         3302    .ARM.Collect$$libinit$$00000017  c_w.l(libinit2.o)
    0x000002fa   0x00000000   Code   RO         3304    .ARM.Collect$$libinit$$00000019  c_w.l(libinit2.o)
    0x000002fa   0x00000000   Code   RO         3306    .ARM.Collect$$libinit$$0000001B  c_w.l(libinit2.o)
    0x000002fa   0x00000000   Code   RO         3308    .ARM.Collect$$libinit$$0000001D  c_w.l(libinit2.o)
    0x000002fa   0x00000000   Code   RO         3310    .ARM.Collect$$libinit$$0000001F  c_w.l(libinit2.o)
    0x000002fa   0x00000000   Code   RO         3312    .ARM.Collect$$libinit$$00000021  c_w.l(libinit2.o)
    0x000002fa   0x00000000   Code   RO         3316    .ARM.Collect$$libinit$$00000028  c_w.l(libinit2.o)
    0x000002fa   0x00000000   Code   RO         3318    .ARM.Collect$$libinit$$0000002A  c_w.l(libinit2.o)
    0x000002fa   0x00000000   Code   RO         3320    .ARM.Collect$$libinit$$0000002C  c_w.l(libinit2.o)
    0x000002fa   0x00000000   Code   RO         3322    .ARM.Collect$$libinit$$0000002E  c_w.l(libinit2.o)
    0x000002fa   0x00000002   Code   RO         3323    .ARM.Collect$$libinit$$0000002F  c_w.l(libinit2.o)
    0x000002fc   0x00000002   Code   RO         3449    .ARM.Collect$$libshutdown$$00000000  c_w.l(libshutdown.o)
    0x000002fe   0x00000000   Code   RO         3400    .ARM.Collect$$libshutdown$$00000003  c_w.l(libshutdown2.o)
    0x000002fe   0x00000000   Code   RO         3403    .ARM.Collect$$libshutdown$$00000006  c_w.l(libshutdown2.o)
    0x000002fe   0x00000000   Code   RO         3406    .ARM.Collect$$libshutdown$$00000009  c_w.l(libshutdown2.o)
    0x000002fe   0x00000000   Code   RO         3408    .ARM.Collect$$libshutdown$$0000000B  c_w.l(libshutdown2.o)
    0x000002fe   0x00000000   Code   RO         3411    .ARM.Collect$$libshutdown$$0000000E  c_w.l(libshutdown2.o)
    0x000002fe   0x00000002   Code   RO         3412    .ARM.Collect$$libshutdown$$0000000F  c_w.l(libshutdown2.o)
    0x00000300   0x00000000   Code   RO         3255    .ARM.Collect$$rtentry$$00000000  c_w.l(rtentry.o)
    0x00000300   0x00000000   Code   RO         3330    .ARM.Collect$$rtentry$$00000002  c_w.l(rtentry2.o)
    0x00000300   0x00000006   Code   RO         3342    .ARM.Collect$$rtentry$$00000004  c_w.l(rtentry4.o)
    0x00000306   0x00000000   Code   RO         3332    .ARM.Collect$$rtentry$$00000009  c_w.l(rtentry2.o)
    0x00000306   0x00000004   Code   RO         3333    .ARM.Collect$$rtentry$$0000000A  c_w.l(rtentry2.o)
    0x0000030a   0x00000000   Code   RO         3335    .ARM.Collect$$rtentry$$0000000C  c_w.l(rtentry2.o)
    0x0000030a   0x00000008   Code   RO         3336    .ARM.Collect$$rtentry$$0000000D  c_w.l(rtentry2.o)
    0x00000312   0x00000002   Code   RO         3388    .ARM.Collect$$rtexit$$00000000  c_w.l(rtexit.o)
    0x00000314   0x00000000   Code   RO         3418    .ARM.Collect$$rtexit$$00000002  c_w.l(rtexit2.o)
    0x00000314   0x00000004   Code   RO         3419    .ARM.Collect$$rtexit$$00000003  c_w.l(rtexit2.o)
    0x00000318   0x00000006   Code   RO         3420    .ARM.Collect$$rtexit$$00000004  c_w.l(rtexit2.o)
    0x0000031e   0x00000002   PAD
    0x00000320   0x00000006   Code   RO         2570    .emb_text           driverlib.lib(sysctl.o)
    0x00000326   0x00000002   PAD
    0x00000328   0x00000026   Code   RO         3149    .emb_text           driverlib.lib(cpu.o)
    0x0000034e   0x00000002   PAD
    0x00000350   0x00000000   Code   RO         3346    .emb_text           c_w.l(maybetermalloc1.o)
    0x00000350   0x0000001c   Code   RO          188    .text               startup_rvmdk.o
    0x0000036c   0x0000005e   Code   RO         3167    .text               c_w.l(h1_alloc.o)
    0x000003ca   0x0000004e   Code   RO         3169    .text               c_w.l(h1_free.o)
    0x00000418   0x000000b8   Code   RO         3171    .text               c_w.l(h1_realloc.o)
    0x000004d0   0x00000058   Code   RO         3229    .text               c_w.l(memcmp.o)
    0x00000528   0x00000048   Code   RO         3231    .text               c_w.l(strcpy.o)
    0x00000570   0x0000003e   Code   RO         3233    .text               c_w.l(strlen.o)
    0x000005ae   0x0000008a   Code   RO         3237    .text               c_w.l(rt_memcpy_v6.o)
    0x00000638   0x00000064   Code   RO         3239    .text               c_w.l(rt_memcpy_w.o)
    0x0000069c   0x00000044   Code   RO         3241    .text               c_w.l(rt_memclr.o)
    0x000006e0   0x0000004e   Code   RO         3243    .text               c_w.l(rt_memclr_w.o)
    0x0000072e   0x00000056   Code   RO         3245    .text               c_w.l(strncpy.o)
    0x00000784   0x00000080   Code   RO         3247    .text               c_w.l(strcmpv7m.o)
    0x00000804   0x00000006   Code   RO         3249    .text               c_w.l(heapauxi.o)
    0x0000080a   0x00000002   PAD
    0x0000080c   0x00000008   Code   RO         3259    .text               c_w.l(rt_heap_descriptor_intlibspace.o)
    0x00000814   0x00000004   Code   RO         3261    .text               c_w.l(hguard.o)
    0x00000818   0x0000008a   Code   RO         3263    .text               c_w.l(init_alloc.o)
    0x000008a2   0x0000000e   Code   RO         3267    .text               c_w.l(h1_init.o)
    0x000008b0   0x00000008   Code   RO         3326    .text               c_w.l(libspace.o)
    0x000008b8   0x00000034   Code   RO         3348    .text               c_w.l(h1_extend.o)
    0x000008ec   0x0000000e   Code   RO         3352    .text               c_w.l(defsig_rtmem_outer.o)
    0x000008fa   0x00000002   Code   RO         3361    .text               c_w.l(use_no_semi.o)
    0x000008fc   0x00000000   Code   RO         3363    .text               c_w.l(indicate_semi.o)
    0x000008fc   0x0000004a   Code   RO         3364    .text               c_w.l(sys_stackheap_outer.o)
    0x00000946   0x0000000c   Code   RO         3370    .text               c_w.l(exit.o)
    0x00000952   0x0000000a   Code   RO         3372    .text               c_w.l(defsig_exit.o)
    0x0000095c   0x00000050   Code   RO         3374    .text               c_w.l(defsig_rtmem_inner.o)
    0x000009ac   0x0000000c   Code   RO         3386    .text               c_w.l(sys_exit.o)
    0x000009b8   0x00000032   Code   RO         3396    .text               c_w.l(defsig_general.o)
    0x000009ea   0x0000000e   Code   RO         3415    .text               c_w.l(sys_wrch.o)
    0x000009f8   0x00000008   Code   RO         3427    .text               c_w.l(rt_fp_status_addr_intlibspace.o)
    0x00000a00   0x0000002a   Code   RO         1869    i.EthernetConfigSet  driverlib.lib(ethernet.o)
    0x00000a2a   0x00000022   Code   RO         1871    i.EthernetEnable    driverlib.lib(ethernet.o)
    0x00000a4c   0x00000010   Code   RO         1872    i.EthernetInitExpClk  driverlib.lib(ethernet.o)
    0x00000a5c   0x00000004   Code   RO         1873    i.EthernetIntClear  driverlib.lib(ethernet.o)
    0x00000a60   0x0000000a   Code   RO         1874    i.EthernetIntDisable  driverlib.lib(ethernet.o)
    0x00000a6a   0x00000008   Code   RO         1875    i.EthernetIntEnable  driverlib.lib(ethernet.o)
    0x00000a72   0x0000000e   Code   RO         1877    i.EthernetIntStatus  driverlib.lib(ethernet.o)
    0x00000a80   0x00000032   Code   RO         1879    i.EthernetMACAddrGet  driverlib.lib(ethernet.o)
    0x00000ab2   0x00000036   Code   RO         1880    i.EthernetMACAddrSet  driverlib.lib(ethernet.o)
    0x00000ae8   0x00000022   Code   RO         1881    i.EthernetPHYRead   driverlib.lib(ethernet.o)
    0x00000b0a   0x00000002   PAD
    0x00000b0c   0x00000038   Code   RO         2047    i.FlashUserGet      driverlib.lib(flash.o)
    0x00000b44   0x00000028   Code   RO         2148    i.GPIODirModeSet    driverlib.lib(gpio.o)
    0x00000b6c   0x000000b0   Code   RO         2153    i.GPIOPadConfigSet  driverlib.lib(gpio.o)
    0x00000c1c   0x0000001c   Code   RO         2164    i.GPIOPinTypeEthernetLED  driverlib.lib(gpio.o)
    0x00000c38   0x0000001c   Code   RO         2166    i.GPIOPinTypeGPIOOutput  driverlib.lib(gpio.o)
    0x00000c54   0x0000001c   Code   RO         2172    i.GPIOPinTypeSSI    driverlib.lib(gpio.o)
    0x00000c70   0x0000001c   Code   RO         2174    i.GPIOPinTypeUART   driverlib.lib(gpio.o)
    0x00000c8c   0x00000006   Code   RO         2177    i.GPIOPinWrite      driverlib.lib(gpio.o)
    0x00000c92   0x00000068   Code   RO         2360    i.IntEnable         driverlib.lib(interrupt.o)
    0x00000cfa   0x0000000a   Code   RO         2361    i.IntMasterDisable  driverlib.lib(interrupt.o)
    0x00000d04   0x0000000a   Code   RO         2362    i.IntMasterEnable   driverlib.lib(interrupt.o)
    0x00000d0e   0x00000002   PAD
    0x00000d10   0x00000048   Code   RO          194    i.RIT128x96x4Clear  rit128x96x4.o
    0x00000d58   0x0000005c   Code   RO          198    i.RIT128x96x4Enable  rit128x96x4.o
    0x00000db4   0x000000cc   Code   RO          200    i.RIT128x96x4Init   rit128x96x4.o
    0x00000e80   0x000000d0   Code   RO          201    i.RIT128x96x4StringDraw  rit128x96x4.o
    0x00000f50   0x00000040   Code   RO          202    i.RITWriteCommand   rit128x96x4.o
    0x00000f90   0x00000040   Code   RO          203    i.RITWriteData      rit128x96x4.o
    0x00000fd0   0x0000004c   Code   RO         2463    i.SSIConfigSetExpClk  driverlib.lib(ssi.o)
    0x0000101c   0x0000000e   Code   RO         2466    i.SSIDataGet        driverlib.lib(ssi.o)
    0x0000102a   0x00000012   Code   RO         2467    i.SSIDataGetNonBlocking  driverlib.lib(ssi.o)
    0x0000103c   0x0000000c   Code   RO         2468    i.SSIDataPut        driverlib.lib(ssi.o)
    0x00001048   0x0000000a   Code   RO         2470    i.SSIDisable        driverlib.lib(ssi.o)
    0x00001052   0x0000000a   Code   RO         2471    i.SSIEnable         driverlib.lib(ssi.o)
    0x0000105c   0x000001e4   Code   RO         2575    i.SysCtlClockGet    driverlib.lib(sysctl.o)
    0x00001240   0x00000138   Code   RO         2576    i.SysCtlClockSet    driverlib.lib(sysctl.o)
    0x00001378   0x00000020   Code   RO         2600    i.SysCtlPeripheralEnable  driverlib.lib(sysctl.o)
    0x00001398   0x00000040   Code   RO         2601    i.SysCtlPeripheralPresent  driverlib.lib(sysctl.o)
    0x000013d8   0x00000038   Code   RO         2602    i.SysCtlPeripheralReset  driverlib.lib(sysctl.o)
    0x00001410   0x0000000e   Code   RO         2836    i.SysTickEnable     driverlib.lib(systick.o)
    0x0000141e   0x0000000e   Code   RO         2838    i.SysTickIntEnable  driverlib.lib(systick.o)
    0x0000142c   0x00000006   Code   RO            1    i.SysTickIntHandler  main.o
    0x00001432   0x0000000a   Code   RO         2842    i.SysTickPeriodSet  driverlib.lib(systick.o)
    0x0000143c   0x0000000c   Code   RO         2902    i.UARTCharPut       driverlib.lib(uart.o)
    0x00001448   0x0000006e   Code   RO         2906    i.UARTConfigSetExpClk  driverlib.lib(uart.o)
    0x000014b6   0x00000014   Code   RO         2911    i.UARTEnable        driverlib.lib(uart.o)
    0x000014ca   0x00000008   Code   RO         1758    i.UARTStdioInit     uartstdio.o
    0x000014d2   0x00000002   PAD
    0x000014d4   0x00000050   Code   RO         1759    i.UARTStdioInitExpClk  uartstdio.o
    0x00001524   0x000001b8   Code   RO         1762    i.UARTprintf        uartstdio.o
    0x000016dc   0x00000034   Code   RO         1763    i.UARTwrite         uartstdio.o
    0x00001710   0x00000028   Code   RO          274    i.autoip_arp_announce  lwiplib.o
    0x00001738   0x0000009a   Code   RO          275    i.autoip_arp_reply  lwiplib.o
    0x000017d2   0x00000002   PAD
    0x000017d4   0x00000090   Code   RO          278    i.autoip_start      lwiplib.o
    0x00001864   0x00000044   Code   RO          279    i.autoip_start_probing  lwiplib.o
    0x000018a8   0x00000010   Code   RO          280    i.autoip_stop       lwiplib.o
    0x000018b8   0x00000114   Code   RO          281    i.autoip_tmr        lwiplib.o
    0x000019cc   0x00000032   Code   RO          282    i.dequeue_packet    lwiplib.o
    0x000019fe   0x0000001e   Code   RO          283    i.dhcp_arp_reply    lwiplib.o
    0x00001a1c   0x000000e0   Code   RO          284    i.dhcp_bind         lwiplib.o
    0x00001afc   0x00000026   Code   RO          285    i.dhcp_check        lwiplib.o
    0x00001b22   0x00000002   PAD
    0x00001b24   0x00000060   Code   RO          286    i.dhcp_coarse_tmr   lwiplib.o
    0x00001b84   0x000000fc   Code   RO          287    i.dhcp_create_request  lwiplib.o
    0x00001c80   0x00000078   Code   RO          288    i.dhcp_decline      lwiplib.o
    0x00001cf8   0x0000001c   Code   RO          289    i.dhcp_delete_request  lwiplib.o
    0x00001d14   0x000000d8   Code   RO          290    i.dhcp_discover     lwiplib.o
    0x00001dec   0x00000034   Code   RO          291    i.dhcp_fine_tmr     lwiplib.o
    0x00001e20   0x00000020   Code   RO          292    i.dhcp_free_reply   lwiplib.o
    0x00001e40   0x00000016   Code   RO          293    i.dhcp_get_option_long  lwiplib.o
    0x00001e56   0x00000082   Code   RO          294    i.dhcp_get_option_ptr  lwiplib.o
    0x00001ed8   0x000000ec   Code   RO          295    i.dhcp_handle_ack   lwiplib.o
    0x00001fc4   0x00000020   Code   RO          298    i.dhcp_option       lwiplib.o
    0x00001fe4   0x00000010   Code   RO          299    i.dhcp_option_byte  lwiplib.o
    0x00001ff4   0x00000042   Code   RO          300    i.dhcp_option_long  lwiplib.o
    0x00002036   0x00000022   Code   RO          301    i.dhcp_option_short  lwiplib.o
    0x00002058   0x00000030   Code   RO          302    i.dhcp_option_trailer  lwiplib.o
    0x00002088   0x00000094   Code   RO          303    i.dhcp_rebind       lwiplib.o
    0x0000211c   0x000000a8   Code   RO          304    i.dhcp_reboot       lwiplib.o
    0x000021c4   0x00000128   Code   RO          305    i.dhcp_recv         lwiplib.o
    0x000022ec   0x000000b4   Code   RO          306    i.dhcp_release      lwiplib.o
    0x000023a0   0x00000090   Code   RO          307    i.dhcp_renew        lwiplib.o
    0x00002430   0x000000e8   Code   RO          308    i.dhcp_select       lwiplib.o
    0x00002518   0x0000000e   Code   RO          309    i.dhcp_set_state    lwiplib.o
    0x00002526   0x00000002   PAD
    0x00002528   0x0000009c   Code   RO          310    i.dhcp_start        lwiplib.o
    0x000025c4   0x00000040   Code   RO          311    i.dhcp_stop         lwiplib.o
    0x00002604   0x00000088   Code   RO          312    i.dhcp_timeout      lwiplib.o
    0x0000268c   0x0000006a   Code   RO          313    i.dhcp_unfold_reply  lwiplib.o
    0x000026f6   0x00000002   PAD
    0x000026f8   0x000000b4   Code   RO          314    i.dns_check_entry   lwiplib.o
    0x000027ac   0x00000094   Code   RO          315    i.dns_enqueue       lwiplib.o
    0x00002840   0x000000cc   Code   RO            2    i.dns_found         main.o
    0x0000290c   0x00000098   Code   RO          316    i.dns_gethostbyname  lwiplib.o
    0x000029a4   0x00000054   Code   RO          318    i.dns_init          lwiplib.o
    0x000029f8   0x00000022   Code   RO          319    i.dns_parse_name    lwiplib.o
    0x00002a1a   0x00000002   PAD
    0x00002a1c   0x00000150   Code   RO          320    i.dns_recv          lwiplib.o
    0x00002b6c   0x000000b8   Code   RO          321    i.dns_send          lwiplib.o
    0x00002c24   0x00000028   Code   RO          322    i.dns_setserver     lwiplib.o
    0x00002c4c   0x00000020   Code   RO          323    i.dns_tmr           lwiplib.o
    0x00002c6c   0x00000134   Code   RO          324    i.etharp_arp_input  lwiplib.o
    0x00002da0   0x0000002a   Code   RO          326    i.etharp_ip_input   lwiplib.o
    0x00002dca   0x00000002   PAD
    0x00002dcc   0x000000b4   Code   RO          327    i.etharp_output     lwiplib.o
    0x00002e80   0x0000012c   Code   RO          328    i.etharp_query      lwiplib.o
    0x00002fac   0x000000c4   Code   RO          329    i.etharp_raw        lwiplib.o
    0x00003070   0x00000024   Code   RO          330    i.etharp_request    lwiplib.o
    0x00003094   0x00000028   Code   RO          331    i.etharp_send_ip    lwiplib.o
    0x000030bc   0x00000054   Code   RO          332    i.etharp_tmr        lwiplib.o
    0x00003110   0x00000064   Code   RO          333    i.ethernet_input    lwiplib.o
    0x00003174   0x00000134   Code   RO          334    i.find_entry        lwiplib.o
    0x000032a8   0x0000001e   Code   RO          335    i.free_etharp_q     lwiplib.o
    0x000032c6   0x0000000a   Code   RO         1810    i.hc_clearpcb       webclient.o
    0x000032d0   0x00000100   Code   RO         1811    i.hc_connected      webclient.o
    0x000033d0   0x0000002c   Code   RO         1812    i.hc_error          webclient.o
    0x000033fc   0x000000d0   Code   RO         1813    i.hc_open           webclient.o
    0x000034cc   0x0000002a   Code   RO         1814    i.hc_poll           webclient.o
    0x000034f6   0x0000011e   Code   RO         1815    i.hc_recv           webclient.o
    0x00003614   0x00000008   Code   RO         1816    i.hc_sent           webclient.o
    0x0000361c   0x00000004   Code   RO          336    i.htonl             lwiplib.o
    0x00003620   0x00000008   Code   RO          338    i.icmp_dest_unreach  lwiplib.o
    0x00003628   0x00000188   Code   RO          339    i.icmp_input        lwiplib.o
    0x000037b0   0x00000070   Code   RO          340    i.icmp_send_response  lwiplib.o
    0x00003820   0x00000014   Code   RO          341    i.inet_addr         lwiplib.o
    0x00003834   0x000000ee   Code   RO          342    i.inet_aton         lwiplib.o
    0x00003922   0x0000000c   Code   RO          343    i.inet_chksum       lwiplib.o
    0x0000392e   0x00000048   Code   RO          344    i.inet_chksum_pbuf  lwiplib.o
    0x00003976   0x00000082   Code   RO          345    i.inet_chksum_pseudo  lwiplib.o
    0x000039f8   0x00000030   Code   RO          347    i.ip_addr_isbroadcast  lwiplib.o
    0x00003a28   0x00000200   Code   RO          348    i.ip_input          lwiplib.o
    0x00003c28   0x00000040   Code   RO          349    i.ip_output         lwiplib.o
    0x00003c68   0x000000b8   Code   RO          350    i.ip_output_if      lwiplib.o
    0x00003d20   0x0000004c   Code   RO          351    i.ip_route          lwiplib.o
    0x00003d6c   0x00000030   Code   RO          352    i.lwIPEthernetIntHandler  lwiplib.o
    0x00003d9c   0x000000a4   Code   RO            3    i.lwIPHostTimerHandler  main.o
    0x00003e40   0x0000003c   Code   RO          353    i.lwIPInit          lwiplib.o
    0x00003e7c   0x0000000c   Code   RO          355    i.lwIPLocalIPAddrGet  lwiplib.o
    0x00003e88   0x0000007c   Code   RO          359    i.lwIPPrivateInit   lwiplib.o
    0x00003f04   0x000000b8   Code   RO          361    i.lwIPServiceTimers  lwiplib.o
    0x00003fbc   0x0000001c   Code   RO          362    i.lwIPTimer         lwiplib.o
    0x00003fd8   0x00000012   Code   RO          363    i.lwip_init         lwiplib.o
    0x00003fea   0x00000038   Code   RO          364    i.lwip_standard_chksum  lwiplib.o
    0x00004022   0x00000002   PAD
    0x00004024   0x000001b0   Code   RO            4    i.main              main.o
    0x000041d4   0x00000058   Code   RO          366    i.mem_free          lwiplib.o
    0x0000422c   0x00000040   Code   RO          367    i.mem_init          lwiplib.o
    0x0000426c   0x000000e4   Code   RO          368    i.mem_malloc        lwiplib.o
    0x00004350   0x000000e0   Code   RO          369    i.mem_realloc       lwiplib.o
    0x00004430   0x00000044   Code   RO          370    i.memp_free         lwiplib.o
    0x00004474   0x00000078   Code   RO          371    i.memp_init         lwiplib.o
    0x000044ec   0x00000060   Code   RO          372    i.memp_malloc       lwiplib.o
    0x0000454c   0x0000004c   Code   RO          373    i.netif_add         lwiplib.o
    0x00004598   0x00000020   Code   RO          377    i.netif_set_addr    lwiplib.o
    0x000045b8   0x00000012   Code   RO          379    i.netif_set_down    lwiplib.o
    0x000045ca   0x00000008   Code   RO          380    i.netif_set_gw      lwiplib.o
    0x000045d2   0x00000002   PAD
    0x000045d4   0x00000064   Code   RO          381    i.netif_set_ipaddr  lwiplib.o
    0x00004638   0x00000008   Code   RO          382    i.netif_set_netmask  lwiplib.o
    0x00004640   0x0000001c   Code   RO          383    i.netif_set_up      lwiplib.o
    0x0000465c   0x00000090   Code   RO            5    i.page_recv         main.o
    0x000046ec   0x00000114   Code   RO          386    i.pbuf_alloc        lwiplib.o
    0x00004800   0x00000028   Code   RO          387    i.pbuf_cat          lwiplib.o
    0x00004828   0x00000012   Code   RO          388    i.pbuf_chain        lwiplib.o
    0x0000483a   0x00000012   Code   RO          389    i.pbuf_clen         lwiplib.o
    0x0000484c   0x00000090   Code   RO          391    i.pbuf_copy         lwiplib.o
    0x000048dc   0x00000068   Code   RO          392    i.pbuf_copy_partial  lwiplib.o
    0x00004944   0x00000052   Code   RO          394    i.pbuf_free         lwiplib.o
    0x00004996   0x00000060   Code   RO          395    i.pbuf_header       lwiplib.o
    0x000049f6   0x00000050   Code   RO          396    i.pbuf_realloc      lwiplib.o
    0x00004a46   0x0000001a   Code   RO          397    i.pbuf_ref          lwiplib.o
    0x00004a60   0x00000054   Code   RO          400    i.plug_holes        lwiplib.o
    0x00004ab4   0x00000064   Code   RO          403    i.raw_input         lwiplib.o
    0x00004b18   0x0000009c   Code   RO          409    i.stellarisif_init  lwiplib.o
    0x00004bb4   0x00000078   Code   RO          410    i.stellarisif_interrupt  lwiplib.o
    0x00004c2c   0x00000090   Code   RO          411    i.stellarisif_output  lwiplib.o
    0x00004cbc   0x0000007c   Code   RO          412    i.stellarisif_receive  lwiplib.o
    0x00004d38   0x000000b4   Code   RO          413    i.stellarisif_transmit  lwiplib.o
    0x00004dec   0x0000000a   Code   RO          415    i.sys_arch_unprotect  lwiplib.o
    0x00004df6   0x00000002   PAD
    0x00004df8   0x0000009c   Code   RO          416    i.tcp_abandon       lwiplib.o
    0x00004e94   0x0000011c   Code   RO          419    i.tcp_alloc         lwiplib.o
    0x00004fb0   0x00000004   Code   RO          420    i.tcp_arg           lwiplib.o
    0x00004fb4   0x000000bc   Code   RO          421    i.tcp_bind          lwiplib.o
    0x00005070   0x000000a0   Code   RO          422    i.tcp_close         lwiplib.o
    0x00005110   0x000000bc   Code   RO          423    i.tcp_connect       lwiplib.o
    0x000051cc   0x00000020   Code   RO          425    i.tcp_eff_send_mss  lwiplib.o
    0x000051ec   0x0000030c   Code   RO          426    i.tcp_enqueue       lwiplib.o
    0x000054f8   0x00000006   Code   RO          427    i.tcp_err           lwiplib.o
    0x000054fe   0x00000002   PAD
    0x00005500   0x00000060   Code   RO          428    i.tcp_fasttmr       lwiplib.o
    0x00005560   0x00000360   Code   RO          429    i.tcp_input         lwiplib.o
    0x000058c0   0x00000064   Code   RO          430    i.tcp_keepalive     lwiplib.o
    0x00005924   0x000000f0   Code   RO          431    i.tcp_listen_input  lwiplib.o
    0x00005a14   0x00000006   Code   RO          433    i.tcp_new           lwiplib.o
    0x00005a1a   0x00000002   PAD
    0x00005a1c   0x00000060   Code   RO          434    i.tcp_new_port      lwiplib.o
    0x00005a7c   0x00000010   Code   RO          435    i.tcp_next_iss      lwiplib.o
    0x00005a8c   0x0000007c   Code   RO          436    i.tcp_oos_insert_segment  lwiplib.o
    0x00005b08   0x00000174   Code   RO          437    i.tcp_output        lwiplib.o
    0x00005c7c   0x000000cc   Code   RO          438    i.tcp_output_segment  lwiplib.o
    0x00005d48   0x0000005e   Code   RO          439    i.tcp_output_set_header  lwiplib.o
    0x00005da6   0x00000002   PAD
    0x00005da8   0x00000070   Code   RO          440    i.tcp_parseopt      lwiplib.o
    0x00005e18   0x00000042   Code   RO          441    i.tcp_pcb_purge     lwiplib.o
    0x00005e5a   0x00000002   PAD
    0x00005e5c   0x0000005c   Code   RO          442    i.tcp_pcb_remove    lwiplib.o
    0x00005eb8   0x0000000a   Code   RO          443    i.tcp_poll          lwiplib.o
    0x00005ec2   0x00000002   PAD
    0x00005ec4   0x00000320   Code   RO          444    i.tcp_process       lwiplib.o
    0x000061e4   0x00000608   Code   RO          445    i.tcp_receive       lwiplib.o
    0x000067ec   0x00000006   Code   RO          446    i.tcp_recv          lwiplib.o
    0x000067f2   0x00000024   Code   RO          447    i.tcp_recv_null     lwiplib.o
    0x00006816   0x0000003a   Code   RO          448    i.tcp_recved        lwiplib.o
    0x00006850   0x00000040   Code   RO          449    i.tcp_rexmit        lwiplib.o
    0x00006890   0x00000056   Code   RO          450    i.tcp_rexmit_fast   lwiplib.o
    0x000068e6   0x0000002e   Code   RO          451    i.tcp_rexmit_rto    lwiplib.o
    0x00006914   0x000000a0   Code   RO          452    i.tcp_rst           lwiplib.o
    0x000069b4   0x00000024   Code   RO          453    i.tcp_seg_copy      lwiplib.o
    0x000069d8   0x00000020   Code   RO          454    i.tcp_seg_free      lwiplib.o
    0x000069f8   0x0000001a   Code   RO          455    i.tcp_segs_free     lwiplib.o
    0x00006a12   0x00000016   Code   RO          456    i.tcp_send_ctrl     lwiplib.o
    0x00006a28   0x00000066   Code   RO          457    i.tcp_send_empty_ack  lwiplib.o
    0x00006a8e   0x00000006   Code   RO          458    i.tcp_sent          lwiplib.o
    0x00006a94   0x00000248   Code   RO          460    i.tcp_slowtmr       lwiplib.o
    0x00006cdc   0x00000068   Code   RO          461    i.tcp_timewait_input  lwiplib.o
    0x00006d44   0x00000020   Code   RO          462    i.tcp_tmr           lwiplib.o
    0x00006d64   0x00000032   Code   RO          463    i.tcp_update_rcv_ann_wnd  lwiplib.o
    0x00006d96   0x0000002e   Code   RO          464    i.tcp_write         lwiplib.o
    0x00006dc4   0x000000b0   Code   RO          465    i.tcp_zero_window_probe  lwiplib.o
    0x00006e74   0x0000005c   Code   RO          466    i.udp_bind          lwiplib.o
    0x00006ed0   0x0000004c   Code   RO          467    i.udp_connect       lwiplib.o
    0x00006f1c   0x000001c8   Code   RO          469    i.udp_input         lwiplib.o
    0x000070e4   0x0000001a   Code   RO          470    i.udp_new           lwiplib.o
    0x000070fe   0x00000002   PAD
    0x00007100   0x0000002c   Code   RO          472    i.udp_remove        lwiplib.o
    0x0000712c   0x00000034   Code   RO          474    i.udp_sendto        lwiplib.o
    0x00007160   0x000000d8   Code   RO          475    i.udp_sendto_if     lwiplib.o
    0x00007238   0x000000a0   Code   RO          476    i.update_arp_entry  lwiplib.o
    0x000072d8   0x00000016   Code   RO         1703    i.usprintf          ustdlib.o
    0x000072ee   0x00000002   PAD
    0x000072f0   0x00000254   Code   RO         1708    i.uvsnprintf        ustdlib.o
    0x00007544   0x0000000e   Code   RO         3413    x$fpl$fpinit        fz_ws.l(fpinit.o)
    0x00007552   0x0000023b   Data   RO          204    .constdata          rit128x96x4.o
    0x0000778d   0x00000001   PAD
    0x0000778e   0x00000049   Data   RO          478    .constdata          lwiplib.o
    0x000077d7   0x00000001   PAD
    0x000077d8   0x0000001c   Data   RO         1709    .constdata          ustdlib.o
    0x000077f4   0x0000001c   Data   RO         1764    .constdata          uartstdio.o
    0x00007810   0x00000061   Data   RO         1817    .constdata          webclient.o
    0x00007871   0x00000003   PAD
    0x00007874   0x0000009c   Data   RO         2613    .constdata          driverlib.lib(sysctl.o)
    0x00007910   0x00000068   Data   RO          479    .conststring        lwiplib.o
    0x00007978   0x00000011   Data   RO         1710    .conststring        ustdlib.o
    0x00007989   0x00000003   PAD
    0x0000798c   0x00000020   Data   RO         3450    Region$$Table       anon$$obj.o


    Execution Region RW_IRAM1 (Base: 0x20000000, Size: 0x000090d0, Max: 0x00010000, ABSOLUTE)

    Base Addr    Size         Type   Attr      Idx    E Section Name        Object

    0x20000000   0x00000004   Data   RW            6    .data               main.o
    0x20000004   0x0000001c   Data   RW          205    .data               rit128x96x4.o
    0x20000020   0x000000d8   Data   RW          480    .data               lwiplib.o
    0x200000f8   0x00000008   Data   RW         1766    .data               uartstdio.o
    0x20000100   0x00000001   Data   RW         1818    .data               webclient.o
    0x20000101   0x00000003   PAD
    0x20000104   0x00008a68   Zero   RW          477    .bss                lwiplib.o
    0x20008b6c   0x00000060   Zero   RW         3327    .bss                c_w.l(libspace.o)
    0x20008bcc   0x00000004   PAD
    0x20008bd0   0x00000100   Zero   RW          186    HEAP                startup_rvmdk.o
    0x20008cd0   0x00000400   Zero   RW          185    STACK               startup_rvmdk.o


==============================================================================

Image component sizes


      Code (inc. data)   RO Data    RW Data    ZI Data      Debug   Object Name

     21668        706        177        216      35432     191122   lwiplib.o
       950        390          0          4          0      22040   main.o
       704         68        571         28          0       6113   rit128x96x4.o
       660        640          0          0       1280        540   startup_rvmdk.o
       580         28         28          8          0       4694   uartstdio.o
       618         12         45          0          0       2880   ustdlib.o
       854         58         97          1          0       5610   webclient.o

    ----------------------------------------------------------------------
     26068       1902        958        260      36712     232999   Object Totals
         0          0         32          0          0          0   (incl. Generated)
        34          0          8          3          0          0   (incl. Padding)

    ----------------------------------------------------------------------

      Code (inc. data)   RO Data    RW Data    ZI Data      Debug   Library Member Name

         8          0          0          0          0         68   __main.o
        52          8          0          0          0          0   __scatter.o
        26          0          0          0          0          0   __scatter_copy.o
        28          0          0          0          0          0   __scatter_zi.o
        10          0          0          0          0         68   defsig_exit.o
        50          0          0          0          0         88   defsig_general.o
        80         58          0          0          0         76   defsig_rtmem_inner.o
        14          0          0          0          0         80   defsig_rtmem_outer.o
        12          0          0          0          0         72   exit.o
        94          0          0          0          0         80   h1_alloc.o
        52          0          0          0          0         68   h1_extend.o
        78          0          0          0          0         80   h1_free.o
        14          0          0          0          0         84   h1_init.o
       184          0          0          0          0         92   h1_realloc.o
         6          0          0          0          0        152   heapauxi.o
         4          0          0          0          0        136   hguard.o
         0          0          0          0          0          0   indicate_semi.o
       138          0          0          0          0        168   init_alloc.o
         6          0          0          0          0          0   libinit.o
        10          0          0          0          0          0   libinit2.o
         2          0          0          0          0          0   libshutdown.o
         2          0          0          0          0          0   libshutdown2.o
         8          4          0          0         96         68   libspace.o
         0          0          0          0          0          0   maybetermalloc1.o
        88          0          0          0          0         76   memcmp.o
         8          4          0          0          0         68   rt_fp_status_addr_intlibspace.o
         8          4          0          0          0         68   rt_heap_descriptor_intlibspace.o
        68          0          0          0          0         68   rt_memclr.o
        78          0          0          0          0         80   rt_memclr_w.o
       138          0          0          0          0         68   rt_memcpy_v6.o
       100          0          0          0          0         80   rt_memcpy_w.o
         0          0          0          0          0          0   rtentry.o
        12          0          0          0          0          0   rtentry2.o
         6          0          0          0          0          0   rtentry4.o
         2          0          0          0          0          0   rtexit.o
        10          0          0          0          0          0   rtexit2.o
       128          0          0          0          0         68   strcmpv7m.o
        72          0          0          0          0         80   strcpy.o
        62          0          0          0          0         76   strlen.o
        86          0          0          0          0         76   strncpy.o
        12          4          0          0          0         68   sys_exit.o
        74          0          0          0          0         80   sys_stackheap_outer.o
        14          0          0          0          0         76   sys_wrch.o
         2          0          0          0          0         68   use_no_semi.o
        38          0          0          0          0        356   cpu.o
       266          4          0          0          0       7682   ethernet.o
        56          8          0          0          0        559   flash.o
       334          0          0          0          0       4459   gpio.o
       124          0          0          0          0       1417   interrupt.o
       140          0          0          0          0       3064   ssi.o
       954         96        156          0          0       4849   sysctl.o
        38          0          0          0          0       1170   systick.o
       142          0          0          0          0       2169   uart.o
        14          0          0          0          0         76   fpinit.o

    ----------------------------------------------------------------------
      3966        190        156          0        100      28281   Library Totals
        14          0          0          0          4          0   (incl. Padding)

    ----------------------------------------------------------------------

      Code (inc. data)   RO Data    RW Data    ZI Data      Debug   Library Name

      1846         82          0          0         96       2480   c_w.l
      2092        108        156          0          0      25725   driverlib.lib
        14          0          0          0          0         76   fz_ws.l

    ----------------------------------------------------------------------
      3966        190        156          0        100      28281   Library Totals

    ----------------------------------------------------------------------

==============================================================================


      Code (inc. data)   RO Data    RW Data    ZI Data      Debug   

     30034       2092       1114        260      36812     248506   Grand Totals
     30034       2092       1114        260      36812     248506   ELF Image Totals
     30034       2092       1114        260          0          0   ROM Totals

==============================================================================

    Total RO  Size (Code + RO Data)                31148 (  30.42kB)
    Total RW  Size (RW Data + ZI Data)             37072 (  36.20kB)
    Total ROM Size (Code + RO Data + RW Data)      31408 (  30.67kB)

==============================================================================

