<html>
<body>
<pre>
<h1>µVision Build Log</h1>
<h2>Project:</h2>
E:\ARM\lm3s8962projects\Network_LM3S8962\LM3S_uCOS_II_Lwip_WebServer\Project\Keil\LM3_uCOS-II.uvproj
Project File Date:  04/11/2013

<h2>Output:</h2>
Build target 'LM3S_uCOS-II_Lwip'
linking...
Program Size: Code=15946 RO-data=1142 RW-data=96 ZI-data=6920  
FromELF: creating hex file...
"..\..\OutPut\LM3_uCOS-II.axf" - 0 Error(s), 0 Warning(s).
Load "..\\..\\OutPut\\LM3_uCOS-II.AXF" 
Connecting: Mode=JTAG, Speed=1000000Hz
Full Chip Erase Done.
Programming Done.
Verify OK.
